 RmoKbdHook

 Timestamp is 3e5c1834 (Wed Feb 26 12:28:20 2003)

 Preferred load address is 10000000

 Start         Length     Name                   Class
 0001:00000000 00002b66H .text                   CODE
 0002:00000000 000000c8H .idata$5                DATA
 0002:000000c8 0000035cH .rdata                  DATA
 0002:00000424 00000028H .idata$2                DATA
 0002:0000044c 00000014H .idata$3                DATA
 0002:00000460 000000c8H .idata$4                DATA
 0002:00000528 0000035eH .idata$6                DATA
 0002:00000890 00000076H .edata                  DATA
 0003:00000000 00000004H .CRT$XCA                DATA
 0003:00000004 00000004H .CRT$XCZ                DATA
 0003:00000008 00000004H .CRT$XIA                DATA
 0003:0000000c 00000004H .CRT$XIC                DATA
 0003:00000010 00000004H .CRT$XIZ                DATA
 0003:00000014 00000004H .CRT$XPA                DATA
 0003:00000018 00000004H .CRT$XPZ                DATA
 0003:0000001c 00000004H .CRT$XTA                DATA
 0003:00000020 00000004H .CRT$XTZ                DATA
 0003:00000030 00000350H .data                   DATA
 0003:00000380 00000680H .bss                    DATA

  Address         Publics by Value              Rva+Base     Lib:Object

 0001:00000000       ?KeyboardProc@@YGJHIJ@Z    10001000 f   RmoKbdHook.obj
 0001:00000077       _GETKHT                    10001077 f   RmoKbdHook.obj
 0001:0000007d       _HookKbdProc               1000107d f   RmoKbdHook.obj
 0001:00000098       _UnHookKbdProc             10001098 f   RmoKbdHook.obj
 0001:000000a5       _DllMain@12                100010a5 f   RmoKbdHook.obj
 0001:000000b4       __CRT_INIT@12              100010b4 f   LIBCMT:dllcrt0.obj
 0001:0000018d       __DllMainCRTStartup@12     1000118d f   LIBCMT:dllcrt0.obj
 0001:0000022a       __amsg_exit                1000122a f   LIBCMT:dllcrt0.obj
 0001:0000025d       __cinit                    1000125d f   LIBCMT:crt0dat.obj
 0001:0000028a       __exit                     1000128a f   LIBCMT:crt0dat.obj
 0001:0000029b       __cexit                    1000129b f   LIBCMT:crt0dat.obj
 0001:0000034f       __lockexit                 1000134f f   LIBCMT:crt0dat.obj
 0001:00000358       __unlockexit               10001358 f   LIBCMT:crt0dat.obj
 0001:0000037b       __mtinit                   1000137b f   LIBCMT:tidtable.obj
 0001:000003cf       __mtterm                   100013cf f   LIBCMT:tidtable.obj
 0001:000003ed       __initptd                  100013ed f   LIBCMT:tidtable.obj
 0001:00000400       __freeptd                  10001400 f   LIBCMT:tidtable.obj
 0001:000004a0       __ioinit                   100014a0 f   LIBCMT:ioinit.obj
 0001:0000065c       __ioterm                   1000165c f   LIBCMT:ioinit.obj
 0001:000006b0       __setenvp                  100016b0 f   LIBCMT:stdenvp.obj
 0001:00000769       __setargv                  10001769 f   LIBCMT:stdargv.obj
 0001:000009b6       ___crtGetEnvironmentStringsA 100019b6 f   LIBCMT:a_env.obj
 0001:00000ae8       __heap_init                10001ae8 f   LIBCMT:heapinit.obj
 0001:00000b24       __heap_term                10001b24 f   LIBCMT:heapinit.obj
 0001:00000b99       __FF_MSGBANNER             10001b99 f   LIBCMT:crt0msg.obj
 0001:00000bd2       __NMSG_WRITE               10001bd2 f   LIBCMT:crt0msg.obj
 0001:00000d25       __mtinitlocks              10001d25 f   LIBCMT:mlock.obj
 0001:00000d4e       __mtdeletelocks            10001d4e f   LIBCMT:mlock.obj
 0001:00000dba       __lock                     10001dba f   LIBCMT:mlock.obj
 0001:00000e1b       __unlock                   10001e1b f   LIBCMT:mlock.obj
 0001:00000e30       _calloc                    10001e30 f   LIBCMT:calloc.obj
 0001:00000ebd       _free                      10001ebd f   LIBCMT:free.obj
 0001:00000f05       _malloc                    10001f05 f   LIBCMT:malloc.obj
 0001:00000f17       __nh_malloc                10001f17 f   LIBCMT:malloc.obj
 0001:00000f43       __heap_alloc               10001f43 f   LIBCMT:malloc.obj
 0001:00000fa0       _strcpy                    10001fa0 f   LIBCMT:strcat.obj
 0001:00000fb0       _strcat                    10001fb0 f   LIBCMT:strcat.obj
 0001:00001090       _strlen                    10002090 f   LIBCMT:strlen.obj
 0001:0000110b       __setmbcp                  1000210b f   LIBCMT:mbctype.obj
 0001:000014e3       ___initmbctable            100024e3 f   LIBCMT:mbctype.obj
 0001:00001500       _memcpy                    10002500 f   LIBCMT:memcpy.obj
 0001:00001835       ___sbh_heap_init           10002835 f   LIBCMT:sbheap.obj
 0001:00001873       ___sbh_find_block          10002873 f   LIBCMT:sbheap.obj
 0001:0000189e       ___sbh_free_block          1000289e f   LIBCMT:sbheap.obj
 0001:00001bc9       ___sbh_alloc_block         10002bc9 f   LIBCMT:sbheap.obj
 0001:00001ed2       ___sbh_alloc_new_region    10002ed2 f   LIBCMT:sbheap.obj
 0001:00001f83       ___sbh_alloc_new_group     10002f83 f   LIBCMT:sbheap.obj
 0001:0000207e       ___crtMessageBoxA          1000307e f   LIBCMT:crtmbox.obj
 0001:00002110       _strncpy                   10003110 f   LIBCMT:strncpy.obj
 0001:00002210       _memset                    10003210 f   LIBCMT:memset.obj
 0001:00002268       __callnewh                 10003268 f   LIBCMT:handler.obj
 0001:00002283       ___crtLCMapStringA         10003283 f   LIBCMT:a_map.obj
 0001:000024d2       ___crtGetStringTypeA       100034d2 f   LIBCMT:a_str.obj
 0001:00002620       _memmove                   10003620 f   LIBCMT:memmove.obj
 0001:00002958       __global_unwind2           10003958 f   LIBCMT:exsup.obj
 0001:0000299a       __local_unwind2            1000399a f   LIBCMT:exsup.obj
 0001:000029f2       __NLG_Return2              100039f2 f   LIBCMT:exsup.obj
 0001:00002a02       __abnormal_termination     10003a02 f   LIBCMT:exsup.obj
 0001:00002a25       __NLG_Notify1              10003a25 f   LIBCMT:exsup.obj
 0001:00002a2e       __NLG_Notify               10003a2e f   LIBCMT:exsup.obj
 0001:00002a41       __NLG_Dispatch             10003a41 f   LIBCMT:exsup.obj
 0001:00002a50       __except_handler3          10003a50 f   LIBCMT:exsup3.obj
 0001:00002b0d       __seh_longjmp_unwind@4     10003b0d f   LIBCMT:exsup3.obj
 0001:00002b30       __chkstk                   10003b30 f   LIBCMT:chkstk.obj
 0001:00002b30       __alloca_probe             10003b30 f   LIBCMT:chkstk.obj
 0001:00002b60       _RtlUnwind@16              10003b60 f   kernel32:KERNEL32.dll
 0002:00000000       __imp__FreeEnvironmentStringsW@4 10004000     kernel32:KERNEL32.dll
 0002:00000004       __imp__WriteFile@20        10004004     kernel32:KERNEL32.dll
 0002:00000008       __imp__CreateFileA@28      10004008     kernel32:KERNEL32.dll
 0002:0000000c       __imp__GetEnvironmentStrings@0 1000400c     kernel32:KERNEL32.dll
 0002:00000010       __imp__WideCharToMultiByte@32 10004010     kernel32:KERNEL32.dll
 0002:00000014       __imp__RtlUnwind@16        10004014     kernel32:KERNEL32.dll
 0002:00000018       __imp__GetStringTypeW@16   10004018     kernel32:KERNEL32.dll
 0002:0000001c       __imp__GetCommandLineA@0   1000401c     kernel32:KERNEL32.dll
 0002:00000020       __imp__GetVersion@0        10004020     kernel32:KERNEL32.dll
 0002:00000024       __imp__ExitProcess@4       10004024     kernel32:KERNEL32.dll
 0002:00000028       __imp__TerminateProcess@8  10004028     kernel32:KERNEL32.dll
 0002:0000002c       __imp__GetCurrentProcess@0 1000402c     kernel32:KERNEL32.dll
 0002:00000030       __imp__GetCurrentThreadId@0 10004030     kernel32:KERNEL32.dll
 0002:00000034       __imp__TlsSetValue@8       10004034     kernel32:KERNEL32.dll
 0002:00000038       __imp__TlsAlloc@0          10004038     kernel32:KERNEL32.dll
 0002:0000003c       __imp__TlsFree@4           1000403c     kernel32:KERNEL32.dll
 0002:00000040       __imp__TlsGetValue@4       10004040     kernel32:KERNEL32.dll
 0002:00000044       __imp__SetHandleCount@4    10004044     kernel32:KERNEL32.dll
 0002:00000048       __imp__GetStdHandle@4      10004048     kernel32:KERNEL32.dll
 0002:0000004c       __imp__GetFileType@4       1000404c     kernel32:KERNEL32.dll
 0002:00000050       __imp__GetStartupInfoA@4   10004050     kernel32:KERNEL32.dll
 0002:00000054       __imp__DeleteCriticalSection@4 10004054     kernel32:KERNEL32.dll
 0002:00000058       __imp__GetModuleFileNameA@12 10004058     kernel32:KERNEL32.dll
 0002:0000005c       __imp__FreeEnvironmentStringsA@4 1000405c     kernel32:KERNEL32.dll
 0002:00000060       __imp__CloseHandle@4       10004060     kernel32:KERNEL32.dll
 0002:00000064       __imp__LCMapStringW@24     10004064     kernel32:KERNEL32.dll
 0002:00000068       __imp__GetStringTypeA@20   10004068     kernel32:KERNEL32.dll
 0002:0000006c       __imp__GetEnvironmentStringsW@0 1000406c     kernel32:KERNEL32.dll
 0002:00000070       __imp__HeapDestroy@4       10004070     kernel32:KERNEL32.dll
 0002:00000074       __imp__HeapCreate@12       10004074     kernel32:KERNEL32.dll
 0002:00000078       __imp__VirtualFree@12      10004078     kernel32:KERNEL32.dll
 0002:0000007c       __imp__HeapFree@12         1000407c     kernel32:KERNEL32.dll
 0002:00000080       __imp__InitializeCriticalSection@4 10004080     kernel32:KERNEL32.dll
 0002:00000084       __imp__EnterCriticalSection@4 10004084     kernel32:KERNEL32.dll
 0002:00000088       __imp__LeaveCriticalSection@4 10004088     kernel32:KERNEL32.dll
 0002:0000008c       __imp__HeapAlloc@12        1000408c     kernel32:KERNEL32.dll
 0002:00000090       __imp__GetCPInfo@8         10004090     kernel32:KERNEL32.dll
 0002:00000094       __imp__GetACP@0            10004094     kernel32:KERNEL32.dll
 0002:00000098       __imp__GetOEMCP@0          10004098     kernel32:KERNEL32.dll
 0002:0000009c       __imp__VirtualAlloc@16     1000409c     kernel32:KERNEL32.dll
 0002:000000a0       __imp__HeapReAlloc@16      100040a0     kernel32:KERNEL32.dll
 0002:000000a4       __imp__GetProcAddress@8    100040a4     kernel32:KERNEL32.dll
 0002:000000a8       __imp__LoadLibraryA@4      100040a8     kernel32:KERNEL32.dll
 0002:000000ac       __imp__MultiByteToWideChar@24 100040ac     kernel32:KERNEL32.dll
 0002:000000b0       __imp__LCMapStringA@24     100040b0     kernel32:KERNEL32.dll
 0002:000000b4       \177KERNEL32_NULL_THUNK_DATA 100040b4     kernel32:KERNEL32.dll
 0002:000000b8       __imp__UnhookWindowsHookEx@4 100040b8     user32:USER32.dll
 0002:000000bc       __imp__SetWindowsHookExA@16 100040bc     user32:USER32.dll
 0002:000000c0       __imp__CallNextHookEx@16   100040c0     user32:USER32.dll
 0002:000000c4       \177USER32_NULL_THUNK_DATA 100040c4     user32:USER32.dll
 0002:000000c8       ??_C@_0P@GGKG@runtime?5error?5?$AA@ 100040c8     LIBCMT:crt0msg.obj
 0002:000000d8       ??_C@_02PIMC@?$AN?6?$AA@   100040d8     LIBCMT:crt0msg.obj
 0002:000000dc       ??_C@_0O@DELO@TLOSS?5error?$AN?6?$AA@ 100040dc     LIBCMT:crt0msg.obj
 0002:000000ec       ??_C@_0N@OMLL@SING?5error?$AN?6?$AA@ 100040ec     LIBCMT:crt0msg.obj
 0002:000000fc       ??_C@_0P@OJAK@DOMAIN?5error?$AN?6?$AA@ 100040fc     LIBCMT:crt0msg.obj
 0002:0000010c       ??_C@_0CF@EANP@R6028?$AN?6?9?5unable?5to?5initialize?5he@ 1000410c     LIBCMT:crt0msg.obj
 0002:00000134       ??_C@_0DF@ECGN@R6027?$AN?6?9?5not?5enough?5space?5for?5lo@ 10004134     LIBCMT:crt0msg.obj
 0002:0000016c       ??_C@_0DF@FKAC@R6026?$AN?6?9?5not?5enough?5space?5for?5st@ 1000416c     LIBCMT:crt0msg.obj
 0002:000001a4       ??_C@_0CG@DPMN@R6025?$AN?6?9?5pure?5virtual?5function?5c@ 100041a4     LIBCMT:crt0msg.obj
 0002:000001cc       ??_C@_0DF@CKIP@R6024?$AN?6?9?5not?5enough?5space?5for?5_o@ 100041cc     LIBCMT:crt0msg.obj
 0002:00000204       ??_C@_0CJ@GGOE@R6019?$AN?6?9?5unable?5to?5open?5console?5@ 10004204     LIBCMT:crt0msg.obj
 0002:00000230       ??_C@_0CB@LBOB@R6018?$AN?6?9?5unexpected?5heap?5error?$AN?6@ 10004230     LIBCMT:crt0msg.obj
 0002:00000254       ??_C@_0CN@FPEG@R6017?$AN?6?9?5unexpected?5multithread?5@ 10004254     LIBCMT:crt0msg.obj
 0002:00000284       ??_C@_0CM@OBIC@R6016?$AN?6?9?5not?5enough?5space?5for?5th@ 10004284     LIBCMT:crt0msg.obj
 0002:000002b0       ??_C@_0CB@HPAL@?$AN?6abnormal?5program?5termination?$AN?6@ 100042b0     LIBCMT:crt0msg.obj
 0002:000002d4       ??_C@_0CM@JOOB@R6009?$AN?6?9?5not?5enough?5space?5for?5en@ 100042d4     LIBCMT:crt0msg.obj
 0002:00000300       ??_C@_0CK@OIBL@R6008?$AN?6?9?5not?5enough?5space?5for?5ar@ 10004300     LIBCMT:crt0msg.obj
 0002:0000032c       ??_C@_0CF@LKPB@R6002?$AN?6?9?5floating?5point?5not?5load@ 1000432c     LIBCMT:crt0msg.obj
 0002:00000354       ??_C@_0CF@JPDF@Microsoft?5Visual?5C?$CL?$CL?5Runtime?5Lib@ 10004354     LIBCMT:crt0msg.obj
 0002:0000037c       ??_C@_02JJJH@?6?6?$AA@     1000437c     LIBCMT:crt0msg.obj
 0002:00000380       ??_C@_0BK@DEOK@Runtime?5Error?$CB?6?6Program?3?5?$AA@ 10004380     LIBCMT:crt0msg.obj
 0002:0000039c       ??_C@_03NAME@?4?4?4?$AA@   1000439c     LIBCMT:crt0msg.obj
 0002:000003a0       ??_C@_0BH@NNCD@?$DMprogram?5name?5unknown?$DO?$AA@ 100043a0     LIBCMT:crt0msg.obj
 0002:000003b8       ??_C@_0BD@NJFP@GetLastActivePopup?$AA@ 100043b8     LIBCMT:crtmbox.obj
 0002:000003cc       ??_C@_0BA@GILI@GetActiveWindow?$AA@ 100043cc     LIBCMT:crtmbox.obj
 0002:000003dc       ??_C@_0M@PKCK@MessageBoxA?$AA@ 100043dc     LIBCMT:crtmbox.obj
 0002:000003e8       ??_C@_0L@HKL@user32?4dll?$AA@ 100043e8     LIBCMT:crtmbox.obj
 0002:000003f4       ??_C@_01A@?$AA?$AA@        100043f4     LIBCMT:a_map.obj
 0002:000003f8       ??_C@_13A@?$AA?$AA?$AA?$AA@ 100043f8     LIBCMT:a_map.obj
 0002:00000424       __IMPORT_DESCRIPTOR_KERNEL32 10004424     kernel32:KERNEL32.dll
 0002:00000438       __IMPORT_DESCRIPTOR_USER32 10004438     user32:USER32.dll
 0002:0000044c       __NULL_IMPORT_DESCRIPTOR   1000444c     kernel32:KERNEL32.dll
 0003:00000000       ___xc_a                    10005000     LIBCMT:crt0init.obj
 0003:00000004       ___xc_z                    10005004     LIBCMT:crt0init.obj
 0003:00000008       ___xi_a                    10005008     LIBCMT:crt0init.obj
 0003:00000010       ___xi_z                    10005010     LIBCMT:crt0init.obj
 0003:00000014       ___xp_a                    10005014     LIBCMT:crt0init.obj
 0003:00000018       ___xp_z                    10005018     LIBCMT:crt0init.obj
 0003:0000001c       ___xt_a                    1000501c     LIBCMT:crt0init.obj
 0003:00000020       ___xt_z                    10005020     LIBCMT:crt0init.obj
 0003:00000030       ??_C@_0BJ@OCCC@?2?2?4?2mailslot?2KHTMAILSLOT?$AA@ 10005030     RmoKbdHook.obj
 0003:0000004c       __aexit_rtn                1000504c     LIBCMT:dllcrt0.obj
 0003:00000050       ___tlsindex                10005050     LIBCMT:tidtable.obj
 0003:00000058       ___badioinfo               10005058     LIBCMT:ioinit.obj
 0003:0000007c       __amblksiz                 1000507c     LIBCMT:heapinit.obj
 0003:00000110       __locktable                10005110     LIBCMT:mlock.obj
 0003:000001d0       __XcptActTab               100051d0     LIBCMT:winxfltr.obj
 0003:00000248       __First_FPE_Indx           10005248     LIBCMT:winxfltr.obj
 0003:0000024c       __Num_FPE                  1000524c     LIBCMT:winxfltr.obj
 0003:00000250       __XcptActTabSize           10005250     LIBCMT:winxfltr.obj
 0003:00000254       __XcptActTabCount          10005254     LIBCMT:winxfltr.obj
 0003:00000360       ___sbh_threshold           10005360     LIBCMT:sbheap.obj
 0003:00000370       __NLG_Destination          10005370     LIBCMT:exsup.obj
 0003:00000380       ?KbdHookTag@@3U__ST_KeyboardHookTag@@A 10005380     RmoKbdHook.obj
 0003:00000490       __aenvptr                  10005490     LIBCMT:dllcrt0.obj
 0003:00000494       __wenvptr                  10005494     LIBCMT:dllcrt0.obj
 0003:00000498       ___error_mode              10005498     LIBCMT:dllcrt0.obj
 0003:0000049c       ___app_type                1000549c     LIBCMT:dllcrt0.obj
 0003:000004a0       __umaskval                 100054a0     LIBCMT:crt0dat.obj
 0003:000004a4       __osver                    100054a4     LIBCMT:crt0dat.obj
 0003:000004a8       __winver                   100054a8     LIBCMT:crt0dat.obj
 0003:000004ac       __winmajor                 100054ac     LIBCMT:crt0dat.obj
 0003:000004b0       __winminor                 100054b0     LIBCMT:crt0dat.obj
 0003:000004b4       ___argc                    100054b4     LIBCMT:crt0dat.obj
 0003:000004b8       ___argv                    100054b8     LIBCMT:crt0dat.obj
 0003:000004bc       ___wargv                   100054bc     LIBCMT:crt0dat.obj
 0003:000004c0       __environ                  100054c0     LIBCMT:crt0dat.obj
 0003:000004c4       ___initenv                 100054c4     LIBCMT:crt0dat.obj
 0003:000004c8       __wenviron                 100054c8     LIBCMT:crt0dat.obj
 0003:000004cc       ___winitenv                100054cc     LIBCMT:crt0dat.obj
 0003:000004d0       __pgmptr                   100054d0     LIBCMT:crt0dat.obj
 0003:000004d4       __wpgmptr                  100054d4     LIBCMT:crt0dat.obj
 0003:000004d8       __exitflag                 100054d8     LIBCMT:crt0dat.obj
 0003:000004dc       __C_Termination_Done       100054dc     LIBCMT:crt0dat.obj
 0003:000004e0       __C_Exit_Done              100054e0     LIBCMT:crt0dat.obj
 0003:000005ec       __adbgmsg                  100055ec     LIBCMT:crt0msg.obj
 0003:00000660       ?_pnhHeap@@3P6AHI@ZA       10005660     LIBCMT:handler.obj
 0003:00000664       __newmode                  10005664     LIBCMT:_newmode.obj
 0003:00000668       ___lc_handle               10005668     LIBCMT:nlsdata2.obj
 0003:00000680       ___lc_codepage             10005680     LIBCMT:nlsdata2.obj
 0003:00000684       ___lc_collate_cp           10005684     LIBCMT:nlsdata2.obj
 0003:00000690       ___sbh_sizeHeaderList      10005690     <common>
 0003:00000694       ___sbh_indGroupDefer       10005694     <common>
 0003:00000698       ___sbh_pHeaderScan         10005698     <common>
 0003:0000069c       ___sbh_pHeaderDefer        1000569c     <common>
 0003:000006a0       ___sbh_cntHeaderList       100056a0     <common>
 0003:000006a4       ___sbh_pHeaderList         100056a4     <common>
 0003:000006a8       ___mbcodepage              100056a8     <common>
 0003:000006b0       ___mbulinfo                100056b0     <common>
 0003:000006bc       ___ismbcodepage            100056bc     <common>
 0003:000006c0       __mbcasemap                100056c0     <common>
 0003:000007c0       __mbctype                  100057c0     <common>
 0003:000008c4       ___mblcid                  100058c4     <common>
 0003:000008c8       __crtheap                  100058c8     <common>
 0003:000008e0       ___pioinfo                 100058e0     <common>
 0003:000009e0       __nhandle                  100059e0     <common>
 0003:000009e4       ___env_initialized         100059e4     <common>
 0003:000009e8       ___mbctype_initialized     100059e8     <common>
 0003:000009ec       ___onexitend               100059ec     <common>
 0003:000009f0       ___onexitbegin             100059f0     <common>
 0003:000009f4       __FPinit                   100059f4     <common>
 0003:000009f8       __acmdln                   100059f8     <common>
 0003:000009fc       __pRawDllMain              100059fc     <common>

 entry point at        0001:0000018d

 Static symbols

 0001:00002970       _gu_return                 10003970 f   LIBCMT:exsup.obj
 0001:00002978       __unwind_handler           10003978 f   LIBCMT:exsup.obj
 0001:00002690       LeadUp1                    10003690 f   LIBCMT:memmove.obj
 0001:000026bc       LeadUp2                    100036bc f   LIBCMT:memmove.obj
 0001:000026e0       LeadUp3                    100036e0 f   LIBCMT:memmove.obj
 0001:0000275f       UnwindUp0                  1000375f f   LIBCMT:memmove.obj
 0001:0000274c       UnwindUp1                  1000374c f   LIBCMT:memmove.obj
 0001:00002744       UnwindUp2                  10003744 f   LIBCMT:memmove.obj
 0001:0000273c       UnwindUp3                  1000373c f   LIBCMT:memmove.obj
 0001:00002734       UnwindUp4                  10003734 f   LIBCMT:memmove.obj
 0001:0000272c       UnwindUp5                  1000372c f   LIBCMT:memmove.obj
 0001:00002724       UnwindUp6                  10003724 f   LIBCMT:memmove.obj
 0001:0000271c       UnwindUp7                  1000371c f   LIBCMT:memmove.obj
 0001:00002778       TrailUp0                   10003778 f   LIBCMT:memmove.obj
 0001:00002780       TrailUp1                   10003780 f   LIBCMT:memmove.obj
 0001:0000278c       TrailUp2                   1000378c f   LIBCMT:memmove.obj
 0001:000027a0       TrailUp3                   100037a0 f   LIBCMT:memmove.obj
 0001:00002818       LeadDown1                  10003818 f   LIBCMT:memmove.obj
 0001:00002838       LeadDown2                  10003838 f   LIBCMT:memmove.obj
 0001:00002860       LeadDown3                  10003860 f   LIBCMT:memmove.obj
 0001:000028b4       UnwindDown7                100038b4 f   LIBCMT:memmove.obj
 0001:000028bc       UnwindDown6                100038bc f   LIBCMT:memmove.obj
 0001:000028c4       UnwindDown5                100038c4 f   LIBCMT:memmove.obj
 0001:000028cc       UnwindDown4                100038cc f   LIBCMT:memmove.obj
 0001:000028d4       UnwindDown3                100038d4 f   LIBCMT:memmove.obj
 0001:000028dc       UnwindDown2                100038dc f   LIBCMT:memmove.obj
 0001:000028e4       UnwindDown1                100038e4 f   LIBCMT:memmove.obj
 0001:000028f7       UnwindDown0                100038f7 f   LIBCMT:memmove.obj
 0001:00002910       TrailDown0                 10003910 f   LIBCMT:memmove.obj
 0001:00002918       TrailDown1                 10003918 f   LIBCMT:memmove.obj
 0001:00002928       TrailDown2                 10003928 f   LIBCMT:memmove.obj
 0001:0000293c       TrailDown3                 1000393c f   LIBCMT:memmove.obj
 0001:000024a7       _strncnt                   100034a7 f   LIBCMT:a_map.obj
 0001:00001570       LeadUp1                    10002570 f   LIBCMT:memcpy.obj
 0001:0000159c       LeadUp2                    1000259c f   LIBCMT:memcpy.obj
 0001:000015c0       LeadUp3                    100025c0 f   LIBCMT:memcpy.obj
 0001:0000163f       UnwindUp0                  1000263f f   LIBCMT:memcpy.obj
 0001:0000162c       UnwindUp1                  1000262c f   LIBCMT:memcpy.obj
 0001:00001624       UnwindUp2                  10002624 f   LIBCMT:memcpy.obj
 0001:0000161c       UnwindUp3                  1000261c f   LIBCMT:memcpy.obj
 0001:00001614       UnwindUp4                  10002614 f   LIBCMT:memcpy.obj
 0001:0000160c       UnwindUp5                  1000260c f   LIBCMT:memcpy.obj
 0001:00001604       UnwindUp6                  10002604 f   LIBCMT:memcpy.obj
 0001:000015fc       UnwindUp7                  100025fc f   LIBCMT:memcpy.obj
 0001:00001658       TrailUp0                   10002658 f   LIBCMT:memcpy.obj
 0001:00001660       TrailUp1                   10002660 f   LIBCMT:memcpy.obj
 0001:0000166c       TrailUp2                   1000266c f   LIBCMT:memcpy.obj
 0001:00001680       TrailUp3                   10002680 f   LIBCMT:memcpy.obj
 0001:000016f8       LeadDown1                  100026f8 f   LIBCMT:memcpy.obj
 0001:00001718       LeadDown2                  10002718 f   LIBCMT:memcpy.obj
 0001:00001740       LeadDown3                  10002740 f   LIBCMT:memcpy.obj
 0001:00001794       UnwindDown7                10002794 f   LIBCMT:memcpy.obj
 0001:0000179c       UnwindDown6                1000279c f   LIBCMT:memcpy.obj
 0001:000017a4       UnwindDown5                100027a4 f   LIBCMT:memcpy.obj
 0001:000017ac       UnwindDown4                100027ac f   LIBCMT:memcpy.obj
 0001:000017b4       UnwindDown3                100027b4 f   LIBCMT:memcpy.obj
 0001:000017bc       UnwindDown2                100027bc f   LIBCMT:memcpy.obj
 0001:000017c4       UnwindDown1                100027c4 f   LIBCMT:memcpy.obj
 0001:000017d7       UnwindDown0                100027d7 f   LIBCMT:memcpy.obj
 0001:000017f0       TrailDown0                 100027f0 f   LIBCMT:memcpy.obj
 0001:000017f8       TrailDown1                 100027f8 f   LIBCMT:memcpy.obj
 0001:00001808       TrailDown2                 10002808 f   LIBCMT:memcpy.obj
 0001:0000181c       TrailDown3                 1000281c f   LIBCMT:memcpy.obj
 0001:000012b8       _getSystemCP               100022b8 f   LIBCMT:mbctype.obj
 0001:00001302       _CPtoLCID                  10002302 f   LIBCMT:mbctype.obj
 0001:00001335       _setSBCS                   10002335 f   LIBCMT:mbctype.obj
 0001:0000135e       _setSBUpLow                1000235e f   LIBCMT:mbctype.obj
 0001:00000802       _parse_cmdline             10001802 f   LIBCMT:stdargv.obj
 0001:000002aa       _doexit                    100012aa f   LIBCMT:crt0dat.obj
 0001:00000361       __initterm                 10001361 f   LIBCMT:crt0dat.obj
