 RMO

 Timestamp is 3e641526 (Tue Mar 04 13:53:26 2003)

 Preferred load address is 00400000

 Start         Length     Name                   Class
 0001:00000000 00032dafH .text                   CODE
 0001:00032db0 00007604H .text$AFX_AUX           CODE
 0001:0003a3c0 0000ef09H .text$AFX_CMNCTL        CODE
 0001:000492d0 00008a69H .text$AFX_COL1          CODE
 0001:00051d40 0000670aH .text$AFX_COL2          CODE
 0001:00058450 000199f0H .text$AFX_CORE1         CODE
 0001:00071e40 00010db9H .text$AFX_CORE2         CODE
 0001:00082c00 00017af0H .text$AFX_CORE3         CODE
 0001:0009a6f0 000137ceH .text$AFX_CORE4         CODE
 0001:000adec0 00006dafH .text$AFX_DBG1          CODE
 0001:000b4c70 00010de1H .text$AFX_DBG2          CODE
 0001:000c5a60 0000b835H .text$AFX_INIT          CODE
 0001:000d12a0 0000140cH .text$AFX_TERM          CODE
 0001:000d26b0 000041baH .text$x                 CODE
 0001:000d686a 00051f06H .textbss                CODE
 0002:00000000 00009ff7H .rdata                  DATA
 0002:00009ff8 000033ebH .rdata$r                DATA
 0002:0000d3e8 00005228H .xdata$x                DATA
 0002:00012610 00000000H .edata                  DATA
 0003:00000000 00000104H .CRT$XCA                DATA
 0003:00000104 00000109H .CRT$XCC                DATA
 0003:00000210 00000121H .CRT$XCL                DATA
 0003:00000334 00000198H .CRT$XCU                DATA
 0003:000004cc 00000104H .CRT$XCZ                DATA
 0003:000005d0 00000104H .CRT$XIA                DATA
 0003:000006d4 0000010eH .CRT$XIC                DATA
 0003:000007e4 00000104H .CRT$XIY                DATA
 0003:000008e8 00000104H .CRT$XIZ                DATA
 0003:000009ec 00000104H .CRT$XPA                DATA
 0003:00000af0 00000104H .CRT$XPX                DATA
 0003:00000bf4 00000104H .CRT$XPZ                DATA
 0003:00000cf8 00000104H .CRT$XTA                DATA
 0003:00000dfc 00000104H .CRT$XTB                DATA
 0003:00000f00 00000104H .CRT$XTZ                DATA
 0003:00001010 00009c00H .data                   DATA
 0003:0000ac10 00004bb8H .bss                    DATA
 0004:00000000 000000a0H .idata$2                DATA
 0004:000000a0 00000014H .idata$3                DATA
 0004:000000b4 00000d7cH .idata$4                DATA
 0004:00000e30 00000d7cH .idata$5                DATA
 0004:00001bac 00003110H .idata$6                DATA
 0005:00000000 00000726H .rsrc$01                DATA
 0005:00000730 000031f9H .rsrc$02                DATA

  Address         Publics by Value              Rva+Base     Lib:Object

 0001:00000a20       ??0CHookService@@QAE@XZ    00401a20 f   HookService.obj
 0001:00000a80       ??_GCHookService@@UAEPAXI@Z 00401a80 f i HookService.obj
 0001:00000a80       ??_ECHookService@@UAEPAXI@Z 00401a80 f i HookService.obj
 0001:00000af0       ??1CHookService@@UAE@XZ    00401af0 f   HookService.obj
 0001:00000be0       ?Terminate@CHookService@@QAEXXZ 00401be0 f   HookService.obj
 0001:00000cc0       ?Execute@CHookService@@MAEXXZ 00401cc0 f   HookService.obj
 0001:00000d80       ?Init@CHookService@@QAE_NPAUHWND__@@@Z 00401d80 f   HookService.obj
 0001:00000f60       ?RegisterWindowClass@CMainFrame@@SAHXZ 00401f60 f   MainFrame.obj
 0001:00001050       ??0CMainFrame@@QAE@XZ      00402050 f   MainFrame.obj
 0001:000011b0       ??_GCMainFrame@@UAEPAXI@Z  004021b0 f i MainFrame.obj
 0001:000011b0       ??_ECMainFrame@@UAEPAXI@Z  004021b0 f i MainFrame.obj
 0001:00001220       ??1CMainFrame@@UAE@XZ      00402220 f   MainFrame.obj
 0001:00001300       ?GetMessageMap@CMainFrame@@MBEPBUAFX_MSGMAP@@XZ 00402300 f   MainFrame.obj
 0001:00001340       ?OnKbdHook@CMainFrame@@QAEXIJ@Z 00402340 f   MainFrame.obj
 0001:00001560       ?Resize@CMainFrame@@AAEXXZ 00402560 f   MainFrame.obj
 0001:00001620       ?SetScrollLock@CMainFrame@@QAEX_N@Z 00402620 f   MainFrame.obj
 0001:00001780       ?SetScrollTimer@CMainFrame@@QAEXXZ 00402780 f   MainFrame.obj
 0001:000017d0       ?KillScrollTimer@CMainFrame@@QAEXXZ 004027d0 f   MainFrame.obj
 0001:00001830       ?SetSLNum@CMainFrame@@QAEXI@Z 00402830 f   MainFrame.obj
 0001:000018b0       ?Show@CMainFrame@@QAEXXZ   004028b0 f   MainFrame.obj
 0001:000019a0       ?OnLButtonDown@CMainFrame@@IAEXIVCPoint@@@Z 004029a0 f   MainFrame.obj
 0001:00001a20       ?OnLButtonUp@CMainFrame@@IAEXIVCPoint@@@Z 00402a20 f   MainFrame.obj
 0001:00001a90       ?OnMouseMove@CMainFrame@@IAEXIVCPoint@@@Z 00402a90 f   MainFrame.obj
 0001:00001bd0       ?OnPaint@CMainFrame@@IAEXXZ 00402bd0 f   MainFrame.obj
 0001:00001cb0       ?SetText@CMainFrame@@QAEXPBDK_NK@Z 00402cb0 f   MainFrame.obj
 0001:00001d70       ?SetSubText@CMainFrame@@QAEXPBD_N@Z 00402d70 f   MainFrame.obj
 0001:00001e20       ?SetQueueState@CMainFrame@@QAEXH@Z 00402e20 f   MainFrame.obj
 0001:00001ef0       ?DrawFrame@CMainFrame@@AAEXAAVCDC@@@Z 00402ef0 f   MainFrame.obj
 0001:00002060       ?DrawTextWindow@CMainFrame@@AAEXAAVCDC@@@Z 00403060 f   MainFrame.obj
 0001:00002160       ?DrawLeftSubTextWindow@CMainFrame@@AAEXAAVCDC@@@Z 00403160 f   MainFrame.obj
 0001:00002300       ?DrawSubTextWindow@CMainFrame@@AAEXAAVCDC@@@Z 00403300 f   MainFrame.obj
 0001:00002460       ?OnSize@CMainFrame@@IAEXIHH@Z 00403460 f   MainFrame.obj
 0001:000026c0       ?OnTimer@CMainFrame@@IAEXI@Z 004036c0 f   MainFrame.obj
 0001:000027d0       ?DestroyWindow@CMainFrame@@UAEHXZ 004037d0 f   MainFrame.obj
 0001:00002820       ?OnClose@CMainFrame@@QAEXXZ 00403820 f   MainFrame.obj
 0001:00002910       ?GetMessageMap@CRMOApp@@MBEPBUAFX_MSGMAP@@XZ 00403910 f   RMO.obj
 0001:00002950       ??0CRMOApp@@QAE@XZ         00403950 f   RMO.obj
 0001:000029b0       ??_ECRMOApp@@UAEPAXI@Z     004039b0 f i RMO.obj
 0001:000029b0       ??_GCRMOApp@@UAEPAXI@Z     004039b0 f i RMO.obj
 0001:00002a20       ??1CRMOApp@@UAE@XZ         00403a20 f i RMO.obj
 0001:00002b80       ?SetText@CRMOApp@@QAEXPBDK_NK@Z 00403b80 f   RMO.obj
 0001:00002bf0       ?SetSubText@CRMOApp@@QAEXPBD_N@Z 00403bf0 f   RMO.obj
 0001:00002c50       ?SetScrollTimer@CRMOApp@@QAEXXZ 00403c50 f   RMO.obj
 0001:00002ca0       ?KillScrollTimer@CRMOApp@@QAEXXZ 00403ca0 f   RMO.obj
 0001:00002cf0       ?SetSLNum@CRMOApp@@QAEXI@Z 00403cf0 f   RMO.obj
 0001:00002d50       ?SetQueueState@CRMOApp@@QAEXI@Z 00403d50 f   RMO.obj
 0001:00002db0       ?InitInstance@CRMOApp@@UAEHXZ 00403db0 f   RMO.obj
 0001:00003220       ??0CRMOClientPipe@@QAE@PAVCRMOApp@@@Z 00404220 f   RMOClientPipe.obj
 0001:00003290       ??_ECRMOClientPipe@@UAEPAXI@Z 00404290 f i RMOClientPipe.obj
 0001:00003290       ??_GCRMOClientPipe@@UAEPAXI@Z 00404290 f i RMOClientPipe.obj
 0001:00003300       ??1CRMOClientPipe@@UAE@XZ  00404300 f   RMOClientPipe.obj
 0001:00003350       ?GetClientType@CRMOClientPipe@@UAE_IXZ 00404350 f   RMOClientPipe.obj
 0001:00003380       ?ProcessException@CRMOClientPipe@@UAEXI@Z 00404380 f   RMOClientPipe.obj
 0001:000034d0       ?ProcessMessage@CRMOClientPipe@@UAEXAAV?$TFixedSizeBinaryData@$0BAAA@@@@Z 004044d0 f   RMOClientPipe.obj
 0001:000038a0       ?c_str@TZSuperShortString@@QBEPBDXZ 004048a0 f i RMOClientPipe.obj
 0001:000038e0       ?ResetPos@?$TFixedSizeBinaryData@$0BAAA@@@QAEXXZ 004048e0 f i RMOClientPipe.obj
 0001:00003920       ??5?$TFixedSizeBinaryData@$0BAAA@@@QAEAAV0@AA_N@Z 00404920 f i RMOClientPipe.obj
 0001:00003980       ??5?$TFixedSizeBinaryData@$0BAAA@@@QAEAAV0@AA_E@Z 00404980 f i RMOClientPipe.obj
 0001:000039e0       ??5?$TFixedSizeBinaryData@$0BAAA@@@QAEAAV0@AA_I@Z 004049e0 f i RMOClientPipe.obj
 0001:00003a40       ?__readto@?$TFixedSizeBinaryData@$0BAAA@@@AAEXPAXI@Z 00404a40 f i RMOClientPipe.obj
 0001:00003b00       ??5@YAAAV?$TFixedSizeBinaryData@$0BAAA@@@AAV0@AAVTZSuperShortString@@@Z 00404b00 f i RMOClientPipe.obj
 0001:00003b80       ?ReadDataTo@?$TFixedSizeBinaryData@$0BAAA@@@QAEXPAX_I@Z 00404b80 f i RMOClientPipe.obj
 0001:00003bd0       ??0CRMODlg@@QAE@PAVCWnd@@@Z 00404bd0 f   RMODlg.obj
 0001:00003c90       ??_GCRMODlg@@UAEPAXI@Z     00404c90 f i RMODlg.obj
 0001:00003c90       ??_ECRMODlg@@UAEPAXI@Z     00404c90 f i RMODlg.obj
 0001:00003d00       ??1CRMODlg@@UAE@XZ         00404d00 f i RMODlg.obj
 0001:00003d50       ?DoDataExchange@CRMODlg@@MAEXPAVCDataExchange@@@Z 00404d50 f   RMODlg.obj
 0001:00003da0       ?GetMessageMap@CRMODlg@@MBEPBUAFX_MSGMAP@@XZ 00404da0 f   RMODlg.obj
 0001:00003de0       ?OnInitDialog@CRMODlg@@MAEHXZ 00404de0 f   RMODlg.obj
 0001:00003e60       ?OnPaint@CRMODlg@@IAEXXZ   00404e60 f   RMODlg.obj
 0001:00003fe0       ?OnQueryDragIcon@CRMODlg@@IAEPAUHICON__@@XZ 00404fe0 f   RMODlg.obj
 0001:00004020       ??0TBinaryData@@QAE@XZ     00405020 f   TBinaryData.obj
 0001:00004090       ??_GTBinaryData@@UAEPAXI@Z 00405090 f i TBinaryData.obj
 0001:00004090       ??_ETBinaryData@@UAEPAXI@Z 00405090 f i TBinaryData.obj
 0001:00004100       ??0TBinaryData@@QAE@ABV0@@Z 00405100 f   TBinaryData.obj
 0001:000041e0       ??0TBinaryData@@QAE@PAXI@Z 004051e0 f   TBinaryData.obj
 0001:000042b0       ??1TBinaryData@@UAE@XZ     004052b0 f   TBinaryData.obj
 0001:00004300       ?GetSizeForStore@TBinaryData@@QBEIXZ 00405300 f   TBinaryData.obj
 0001:00004340       ?GetSize@TBinaryData@@QBEIXZ 00405340 f   TBinaryData.obj
 0001:00004380       ?Reset@TBinaryData@@QAEXXZ 00405380 f   TBinaryData.obj
 0001:000043d0       ?GetAdjustedPtr@TBinaryData@@QAEPAX_I@Z 004053d0 f   TBinaryData.obj
 0001:00004410       ?SetSize@TBinaryData@@QAE_NI@Z 00405410 f   TBinaryData.obj
 0001:00004470       ?WriteDataFrom@TBinaryData@@QAEXPAX_I@Z 00405470 f   TBinaryData.obj
 0001:000044c0       ?__writefrom@TBinaryData@@AAEXPAXI@Z 004054c0 f i TBinaryData.obj
 0001:00004540       ?ReadDataTo@TBinaryData@@QAEXPAX_I@Z 00405540 f   TBinaryData.obj
 0001:00004590       ?__readto@TBinaryData@@AAEXPAXI@Z 00405590 f i TBinaryData.obj
 0001:00004640       ?LoadDataFrom@TBinaryData@@QAE_NPAX_I@Z 00405640 f   TBinaryData.obj
 0001:000046b0       ?SaveDataTo@TBinaryData@@QAE_NPAX_I@Z 004056b0 f   TBinaryData.obj
 0001:00004710       ??6TBinaryData@@QAEAAV0@AB_N@Z 00405710 f   TBinaryData.obj
 0001:00004770       ??6TBinaryData@@QAEAAV0@ABD@Z 00405770 f   TBinaryData.obj
 0001:000047d0       ??6TBinaryData@@QAEAAV0@ABE@Z 004057d0 f   TBinaryData.obj
 0001:00004830       ??6TBinaryData@@QAEAAV0@ABH@Z 00405830 f   TBinaryData.obj
 0001:00004890       ??6TBinaryData@@QAEAAV0@ABI@Z 00405890 f   TBinaryData.obj
 0001:000048f0       ??6TBinaryData@@QAEAAV0@ABJ@Z 004058f0 f   TBinaryData.obj
 0001:00004950       ??6TBinaryData@@QAEAAV0@ABK@Z 00405950 f   TBinaryData.obj
 0001:000049b0       ??6TBinaryData@@QAEAAV0@AB_D@Z 004059b0 f   TBinaryData.obj
 0001:00004a10       ??6TBinaryData@@QAEAAV0@AB_E@Z 00405a10 f   TBinaryData.obj
 0001:00004a70       ??6TBinaryData@@QAEAAV0@AB_F@Z 00405a70 f   TBinaryData.obj
 0001:00004ad0       ??6TBinaryData@@QAEAAV0@AB_G@Z 00405ad0 f   TBinaryData.obj
 0001:00004b30       ??6TBinaryData@@QAEAAV0@AB_H@Z 00405b30 f   TBinaryData.obj
 0001:00004b90       ??6TBinaryData@@QAEAAV0@AB_I@Z 00405b90 f   TBinaryData.obj
 0001:00004bf0       ??6TBinaryData@@QAEAAV0@AB_J@Z 00405bf0 f   TBinaryData.obj
 0001:00004c50       ??6TBinaryData@@QAEAAV0@AB_K@Z 00405c50 f   TBinaryData.obj
 0001:00004cb0       ??6TBinaryData@@QAEAAV0@ABV0@@Z 00405cb0 f   TBinaryData.obj
 0001:00004d30       ??5TBinaryData@@QAEAAV0@AA_N@Z 00405d30 f   TBinaryData.obj
 0001:00004d90       ??5TBinaryData@@QAEAAV0@AAD@Z 00405d90 f   TBinaryData.obj
 0001:00004df0       ??5TBinaryData@@QAEAAV0@AAE@Z 00405df0 f   TBinaryData.obj
 0001:00004e50       ??5TBinaryData@@QAEAAV0@AAH@Z 00405e50 f   TBinaryData.obj
 0001:00004eb0       ??5TBinaryData@@QAEAAV0@AAI@Z 00405eb0 f   TBinaryData.obj
 0001:00004f10       ??5TBinaryData@@QAEAAV0@AAJ@Z 00405f10 f   TBinaryData.obj
 0001:00004f70       ??5TBinaryData@@QAEAAV0@AAK@Z 00405f70 f   TBinaryData.obj
 0001:00004fd0       ??5TBinaryData@@QAEAAV0@AA_D@Z 00405fd0 f   TBinaryData.obj
 0001:00005030       ??5TBinaryData@@QAEAAV0@AA_E@Z 00406030 f   TBinaryData.obj
 0001:00005090       ??5TBinaryData@@QAEAAV0@AA_F@Z 00406090 f   TBinaryData.obj
 0001:000050f0       ??5TBinaryData@@QAEAAV0@AA_G@Z 004060f0 f   TBinaryData.obj
 0001:00005150       ??5TBinaryData@@QAEAAV0@AA_H@Z 00406150 f   TBinaryData.obj
 0001:000051b0       ??5TBinaryData@@QAEAAV0@AA_I@Z 004061b0 f   TBinaryData.obj
 0001:00005210       ??5TBinaryData@@QAEAAV0@AA_J@Z 00406210 f   TBinaryData.obj
 0001:00005270       ??5TBinaryData@@QAEAAV0@AA_K@Z 00406270 f   TBinaryData.obj
 0001:000052d0       ??5TBinaryData@@QAEAAV0@AAV0@@Z 004062d0 f   TBinaryData.obj
 0001:00005350       ?LoadFrom@TBinaryData@@QAE_NPAX@Z 00406350 f   TBinaryData.obj
 0001:00005440       ?SaveTo@TBinaryData@@QAE_NPAX@Z 00406440 f   TBinaryData.obj
 0001:000054f0       ??0?$__TBD_TMemory@$0CAA@@@IAE@XZ 004064f0 f i TBinaryData.obj
 0001:00005560       ??1?$__TBD_TMemory@$0CAA@@@MAE@XZ 00406560 f i TBinaryData.obj
 0001:000055c0       ?Reset@?$__TBD_TMemory@$0CAA@@@IAEXXZ 004065c0 f i TBinaryData.obj
 0001:00005640       ?SetSize@?$__TBD_TMemory@$0CAA@@@IAEX_I@Z 00406640 f i TBinaryData.obj
 0001:000056d0       ?AppendBytes@?$__TBD_TMemory@$0CAA@@@IAEXPAX_I@Z 004066d0 f i TBinaryData.obj
 0001:00005810       ??_G?$__TBD_TMemory@$0CAA@@@MAEPAXI@Z 00406810 f i TBinaryData.obj
 0001:00005810       ??_E?$__TBD_TMemory@$0CAA@@@MAEPAXI@Z 00406810 f i TBinaryData.obj
 0001:00005880       ?__CThread_InternalThreadProc@@YGKPAX@Z 00406880 f   Thread.obj
 0001:000058d0       ??0CThread@@QAE@_N@Z       004068d0 f   Thread.obj
 0001:00005990       ??_GCThread@@UAEPAXI@Z     00406990 f i Thread.obj
 0001:00005990       ??_ECThread@@UAEPAXI@Z     00406990 f i Thread.obj
 0001:00005a00       ??1CThread@@UAE@XZ         00406a00 f   Thread.obj
 0001:00005a40       ?__Execute@CThread@@AAEXXZ 00406a40 f   Thread.obj
 0001:00005ab0       ?Terminate@CThread@@QAEXXZ 00406ab0 f   Thread.obj
 0001:00005af0       ?TerminateAndWait@CThread@@QAEKK@Z 00406af0 f   Thread.obj
 0001:00005b60       ?Kill@CThread@@QAEXXZ      00406b60 f   Thread.obj
 0001:00005be0       ?SetPriority@CThread@@QAE_NH@Z 00406be0 f   Thread.obj
 0001:00005c50       ?Resume@CThread@@QAEXXZ    00406c50 f   Thread.obj
 0001:00005cb0       ?Suspend@CThread@@QAEXXZ   00406cb0 f   Thread.obj
 0001:00005d10       ?GetThreadHandle@CThread@@QAEPAXXZ 00406d10 f   Thread.obj
 0001:00005d50       ??0TUIList@@QAE@XZ         00406d50 f   TUIList.obj
 0001:00005db0       ??1TUIList@@QAE@XZ         00406db0 f   TUIList.obj
 0001:00005e10       ?SetSize@TUIList@@QAE_N_I@Z 00406e10 f   TUIList.obj
 0001:00005ed0       ?GetSize@TUIList@@QBE_IXZ  00406ed0 f   TUIList.obj
 0001:00005f10       ??4TUIList@@QAEXABV0@@Z    00406f10 f   TUIList.obj
 0001:00005fe0       ?Reset@TUIList@@QAEXXZ     00406fe0 f   TUIList.obj
 0001:00006060       ?ValueInList@TUIList@@QBE_N_I@Z 00407060 f   TUIList.obj
 0001:000060e0       ?GetIndexFor@TUIList@@QAEH_I@Z 004070e0 f   TUIList.obj
 0001:00006160       ?Add@TUIList@@QAE_N_I@Z    00407160 f   TUIList.obj
 0001:000062a0       ?Delete@TUIList@@QAE_N_I@Z 004072a0 f   TUIList.obj
 0001:00006470       ??ATUIList@@QAEAA_I_I@Z    00407470 f   TUIList.obj
 0001:000064f0       ??6@YAAAVTBinaryData@@AAV0@AAVTUIList@@@Z 004074f0 f   TUIList.obj
 0001:00006560       ??5@YAAAVTBinaryData@@AAV0@AAVTUIList@@@Z 00407560 f   TUIList.obj
 0001:000065e0       ?pr@TUIList@@QAEXXZ        004075e0 f   TUIList.obj
 0001:00006610       ??ATUIAutoSizeList@@QAEAA_I_I@Z 00407610 f   TUIList.obj
 0001:00006770       ??0TUI64List@@QAE@XZ       00407770 f   TUIList.obj
 0001:000067d0       ??1TUI64List@@QAE@XZ       004077d0 f   TUIList.obj
 0001:00006830       ?SetSize@TUI64List@@QAE_N_I@Z 00407830 f   TUIList.obj
 0001:000068f0       ?GetSize@TUI64List@@QBE_IXZ 004078f0 f   TUIList.obj
 0001:00006930       ??4TUI64List@@QAEXABV0@@Z  00407930 f   TUIList.obj
 0001:00006a00       ?Reset@TUI64List@@QAEXXZ   00407a00 f   TUIList.obj
 0001:00006a80       ?ValueInList@TUI64List@@QBE_N_K@Z 00407a80 f   TUIList.obj
 0001:00006b10       ?Add@TUI64List@@QAE_N_K@Z  00407b10 f   TUIList.obj
 0001:00006c60       ?Delete@TUI64List@@QAE_N_I@Z 00407c60 f   TUIList.obj
 0001:00006e30       ??ATUI64List@@QAEAA_K_I@Z  00407e30 f   TUIList.obj
 0001:00006eb0       ??6@YAAAVTBinaryData@@AAV0@AAVTUI64List@@@Z 00407eb0 f   TUIList.obj
 0001:00006f20       ??5@YAAAVTBinaryData@@AAV0@AAVTUI64List@@@Z 00407f20 f   TUIList.obj
 0001:00006fa0       ?pr@TUI64List@@QAEXXZ      00407fa0 f   TUIList.obj
 0001:00006fd0       ??ATUI64AutoSizeList@@QAEAA_K_I@Z 00407fd0 f   TUIList.obj
 0001:00007130       ?Add@TCSUI32DualList@@QAEX_I0@Z 00408130 f   TUIList.obj
 0001:000071a0       ?Delete@TCSUI32DualList@@QAEXH@Z 004081a0 f   TUIList.obj
 0001:000071f0       ?GetCount@TCSUI32DualList@@QAEHXZ 004081f0 f   TUIList.obj
 0001:00007240       ?GetData1@TCSUI32DualList@@QAE_IH@Z 00408240 f   TUIList.obj
 0001:000072a0       ?GetData2@TCSUI32DualList@@QAE_IH@Z 004082a0 f   TUIList.obj
 0001:00007300       ?GetIndexForD1@TCSUI32DualList@@QAEH_I@Z 00408300 f   TUIList.obj
 0001:00007390       ?GetIndexForD2@TCSUI32DualList@@QAEH_I@Z 00408390 f   TUIList.obj
 0001:00007420       ?SetData2@TCSUI32DualList@@QAEXH_I@Z 00408420 f   TUIList.obj
 0001:000074c0       ??0TCSEVUI32Queue@@QAE@XZ  004084c0 f   TUIList.obj
 0001:00007550       ??1TCSEVUI32Queue@@QAE@XZ  00408550 f   TUIList.obj
 0001:000075d0       ?GetEventHandle@TCSEVUI32Queue@@QAEPAXXZ 004085d0 f   TUIList.obj
 0001:00007610       ?WaitForNewItem@TCSEVUI32Queue@@QAEKK@Z 00408610 f   TUIList.obj
 0001:00007670       ?IsEmpty@TCSEVUI32Queue@@QAE_NXZ 00408670 f   TUIList.obj
 0001:00007700       ?Push@TCSEVUI32Queue@@QAEX_I@Z 00408700 f   TUIList.obj
 0001:00007790       ?Pop@TCSEVUI32Queue@@QAE_IXZ 00408790 f   TUIList.obj
 0001:00007860       ?Peek@TCSEVUI32Queue@@QAE_IXZ 00408860 f   TUIList.obj
 0001:00007920       ?Reset@TCSEVUI32Queue@@QAEXXZ 00408920 f   TUIList.obj
 0001:000079a0       ??0TCSEVUI64Queue@@QAE@XZ  004089a0 f   TUIList.obj
 0001:00007a30       ??1TCSEVUI64Queue@@QAE@XZ  00408a30 f   TUIList.obj
 0001:00007ab0       ?GetEventHandle@TCSEVUI64Queue@@QAEPAXXZ 00408ab0 f   TUIList.obj
 0001:00007af0       ?WaitForNewItem@TCSEVUI64Queue@@QAEKK@Z 00408af0 f   TUIList.obj
 0001:00007b50       ?IsEmpty@TCSEVUI64Queue@@QAE_NXZ 00408b50 f   TUIList.obj
 0001:00007be0       ?Push@TCSEVUI64Queue@@QAEX_K@Z 00408be0 f   TUIList.obj
 0001:00007c90       ?Pop@TCSEVUI64Queue@@QAE_KXZ 00408c90 f   TUIList.obj
 0001:00007d90       ?Peek@TCSEVUI64Queue@@QAE_KXZ 00408d90 f   TUIList.obj
 0001:00007e50       ?Reset@TCSEVUI64Queue@@QAEXXZ 00408e50 f   TUIList.obj
 0001:00007ef0       ??0TZSuperShortString@@QAE@XZ 00408ef0 f   TZSSString.obj
 0001:00007f60       ??0TZSuperShortString@@QAE@PBD@Z 00408f60 f   TZSSString.obj
 0001:00008050       ??0TZSuperShortString@@QAE@PBDH@Z 00409050 f   TZSSString.obj
 0001:00008180       ??0TZSuperShortString@@QAE@ABV0@@Z 00409180 f   TZSSString.obj
 0001:00008230       ??0TZSuperShortString@@QAE@ABD_E@Z 00409230 f   TZSSString.obj
 0001:00008310       ??1TZSuperShortString@@QAE@XZ 00409310 f   TZSSString.obj
 0001:00008370       ?set_length@TZSuperShortString@@QAE_E_E@Z 00409370 f   TZSSString.obj
 0001:00008460       ?length@TZSuperShortString@@QBE_EXZ 00409460 f   TZSSString.obj
 0001:000084a0       ?findchar@TZSuperShortString@@QAE_ED@Z 004094a0 f   TZSSString.obj
 0001:00008530       ??ATZSuperShortString@@QAEAAD_E@Z 00409530 f   TZSSString.obj
 0001:000085b0       ??RTZSuperShortString@@QBE?AV0@_E0@Z 004095b0 f   TZSSString.obj
 0001:00008740       ??4TZSuperShortString@@QAEXABV0@@Z 00409740 f   TZSSString.obj
 0001:00008810       ??YTZSuperShortString@@QAEXABV0@@Z 00409810 f   TZSSString.obj
 0001:00008960       ?Convert866to1251@TZSuperShortString@@QAEXXZ 00409960 f   TZSSString.obj
 0001:00008af0       ?str1251toUpper@TZSuperShortString@@QAEXXZ 00409af0 f   TZSSString.obj
 0001:00008bc0       ?CutSpace@TZSuperShortString@@QAEXXZ 00409bc0 f   TZSSString.obj
 0001:00008c70       ?CutLeftSpace@TZSuperShortString@@QAEXXZ 00409c70 f   TZSSString.obj
 0001:00008d30       ?ToL@TZSuperShortString@@QAE_IXZ 00409d30 f   TZSSString.obj
 0001:00008d80       ??H@YA?AVTZSuperShortString@@ABV0@0@Z 00409d80 f   TZSSString.obj
 0001:00008e40       ??8@YAHABVTZSuperShortString@@0@Z 00409e40 f   TZSSString.obj
 0001:00008ee0       ??9@YAHABVTZSuperShortString@@0@Z 00409ee0 f   TZSSString.obj
 0001:00008f30       ??6@YAAAVTBinaryData@@AAV0@AAVTZSuperShortString@@@Z 00409f30 f   TZSSString.obj
 0001:00008fb0       ??5@YAAAVTBinaryData@@AAV0@AAVTZSuperShortString@@@Z 00409fb0 f   TZSSString.obj
 0001:00009030       ?__debug@TZSuperShortString@@QAEXAAVostream@@@Z 0040a030 f   TZSSString.obj
 0001:000090d0       ??6ostream@@QAEAAV0@P6AAAV0@AAV0@@Z@Z 0040a0d0 f i TZSSString.obj
 0001:00009130       ?endl@@YAAAVostream@@AAV1@@Z 0040a130 f i TZSSString.obj
 0001:00009180       ??6ostream@@QAEAAV0@D@Z    0040a180 f i TZSSString.obj
 0001:000091d0       ?flush@@YAAAVostream@@AAV1@@Z 0040a1d0 f i TZSSString.obj
 0001:00009250       ?id@?$ctype@G@std@@$D      0040a250 f i TZSSString.obj
 0001:000092f0       ?id@?$ctype@G@std@@$E      0040a2f0 f i TZSSString.obj
 0001:00009320       ??0CClientNamedPipe@@QAE@XZ 0040a320 f   ClientNamedPipe.obj
 0001:00009440       ??_GCClientNamedPipe@@UAEPAXI@Z 0040a440 f i ClientNamedPipe.obj
 0001:00009440       ??_ECClientNamedPipe@@UAEPAXI@Z 0040a440 f i ClientNamedPipe.obj
 0001:000094b0       ??1CClientNamedPipe@@UAE@XZ 0040a4b0 f   ClientNamedPipe.obj
 0001:00009580       ?Stop@CClientNamedPipe@@QAEXXZ 0040a580 f   ClientNamedPipe.obj
 0001:00009600       ?Execute@CClientNamedPipe@@MAEXXZ 0040a600 f   ClientNamedPipe.obj
 0001:00009c00       ?Init@CClientNamedPipe@@IAEXXZ 0040ac00 f   ClientNamedPipe.obj
 0001:00009d80       ?SendCommand@CClientNamedPipe@@QAEX_E@Z 0040ad80 f   ClientNamedPipe.obj
 0001:00009e60       ?SendMessageA@CClientNamedPipe@@QAEXPAV?$TFixedSizeBinaryData@$0BAAA@@@@Z 0040ae60 f   ClientNamedPipe.obj
 0001:00009f10       ?GetClientType@CClientNamedPipe@@MAE_IXZ 0040af10 f   ClientNamedPipe.obj
 0001:00009f40       ?ProcessException@CClientNamedPipe@@MAEXI@Z 0040af40 f   ClientNamedPipe.obj
 0001:00009f70       ?ProcessMessage@CClientNamedPipe@@MAEXAAV?$TFixedSizeBinaryData@$0BAAA@@@@Z 0040af70 f   ClientNamedPipe.obj
 0001:0000a210       ??0?$TFixedSizeBinaryData@$0BAAA@@@QAE@XZ 0040b210 f i ClientNamedPipe.obj
 0001:0000a270       ??1?$TFixedSizeBinaryData@$0BAAA@@@UAE@XZ 0040b270 f i ClientNamedPipe.obj
 0001:0000a2b0       ??B?$TFixedSizeBinaryData@$0BAAA@@@QAEPAXXZ 0040b2b0 f i ClientNamedPipe.obj
 0001:0000a2f0       ?Reset@?$TFixedSizeBinaryData@$0BAAA@@@QAEXXZ 0040b2f0 f i ClientNamedPipe.obj
 0001:0000a340       ?GetSize@?$TFixedSizeBinaryData@$0BAAA@@@QAEHXZ 0040b340 f i ClientNamedPipe.obj
 0001:0000a380       ?AdjustSize@?$TFixedSizeBinaryData@$0BAAA@@@QAEXK@Z 0040b380 f i ClientNamedPipe.obj
 0001:0000a3c0       ??6?$TFixedSizeBinaryData@$0BAAA@@@QAEAAV0@AB_E@Z 0040b3c0 f i ClientNamedPipe.obj
 0001:0000a420       ??6?$TFixedSizeBinaryData@$0BAAA@@@QAEAAV0@AB_I@Z 0040b420 f i ClientNamedPipe.obj
 0001:0000a480       ?IsEmpty@?$TCSPtrQueue@V?$TFixedSizeBinaryData@$0BAAA@@@@@QAE_NXZ 0040b480 f i ClientNamedPipe.obj
 0001:0000a510       ?Push@?$TCSPtrQueue@V?$TFixedSizeBinaryData@$0BAAA@@@@@QAEXPAV?$TFixedSizeBinaryData@$0BAAA@@@@Z 0040b510 f i ClientNamedPipe.obj
 0001:0000a5a0       ?Pop@?$TCSPtrQueue@V?$TFixedSizeBinaryData@$0BAAA@@@@@QAEPAV?$TFixedSizeBinaryData@$0BAAA@@@XZ 0040b5a0 f i ClientNamedPipe.obj
 0001:0000a650       ??0?$TCSPtrQueue@V?$TFixedSizeBinaryData@$0BAAA@@@@@QAE@XZ 0040b650 f i ClientNamedPipe.obj
 0001:0000a6c0       ??1?$TCSPtrQueue@V?$TFixedSizeBinaryData@$0BAAA@@@@@QAE@XZ 0040b6c0 f i ClientNamedPipe.obj
 0001:0000a770       ??_G?$TFixedSizeBinaryData@$0BAAA@@@UAEPAXI@Z 0040b770 f i ClientNamedPipe.obj
 0001:0000a770       ??_E?$TFixedSizeBinaryData@$0BAAA@@@UAEPAXI@Z 0040b770 f i ClientNamedPipe.obj
 0001:0000a7e0       ?__writefrom@?$TFixedSizeBinaryData@$0BAAA@@@AAEXPAXI@Z 0040b7e0 f i ClientNamedPipe.obj
 0001:0000a8b0       ?Reset@?$TCSPtrQueue@V?$TFixedSizeBinaryData@$0BAAA@@@@@QAEXXZ 0040b8b0 f i ClientNamedPipe.obj
 0001:0000a9b0       ??6@YAAAV?$TFixedSizeBinaryData@$0BAAA@@@AAV0@AAVTZSuperShortString@@@Z 0040b9b0 f i ClientNamedPipe.obj
 0001:0000aa30       ?WriteDataFrom@?$TFixedSizeBinaryData@$0BAAA@@@QAEXPAX_I@Z 0040ba30 f i ClientNamedPipe.obj
 0001:0000aa80       _InitMultipleMonitorStubs  0040ba80 f   nafxcwd:wincore.obj
 0001:0000abc9       _xGetSystemMetrics@4       0040bbc9 f   nafxcwd:wincore.obj
 0001:0000ac44       _xMonitorFromPoint@12      0040bc44 f   nafxcwd:wincore.obj
 0001:0000aca1       _xMonitorFromRect@8        0040bca1 f   nafxcwd:wincore.obj
 0001:0000ad05       _xMonitorFromWindow@8      0040bd05 f   nafxcwd:wincore.obj
 0001:0000ad84       _xGetMonitorInfo@8         0040bd84 f   nafxcwd:wincore.obj
 0001:0000ae5d       _xEnumDisplayMonitors@16   0040be5d f   nafxcwd:wincore.obj
 0001:0000af90       ?LookupPermanent@CHandleMap@@QAEPAVCObject@@PAX@Z 0040bf90 f i nafxcwd:wincore.obj
 0001:0000afb0       ?LookupTemporary@CHandleMap@@QAEPAVCObject@@PAX@Z 0040bfb0 f i nafxcwd:wincore.obj
 0001:0000afd0       ?GetNextWindow@@YAPAUHWND__@@PAU1@I@Z 0040bfd0 f i nafxcwd:wincore.obj
 0001:0000aff0       ?UnlockResource@@YGHPAX@Z  0040bff0 f i nafxcwd:wincore.obj
 0001:0000b000       ?A2T@@YAPADPAD@Z           0040c000 f i nafxcwd:wincore.obj
 0001:0000b010       ??_GCNoTrackObject@@UAEPAXI@Z 0040c010 f i nafxcwd:wincore.obj
 0001:0000b010       ??_ECNoTrackObject@@UAEPAXI@Z 0040c010 f i nafxcwd:wincore.obj
 0001:0000b040       ??1CNoTrackObject@@UAE@XZ  0040c040 f i nafxcwd:wincore.obj
 0001:0000b060       ?DrawState@@YGHPAUHDC__@@PAUHBRUSH__@@P6GH0JIHH@ZJIHHHHI@Z 0040c060 f i nafxcwd:afxinl2.obj
 0001:0000b0a0       ?IsEqualGUID@@YAHABU_GUID@@0@Z 0040c0a0 f i nafxcwd:cmdtarg.obj
 0001:0000b0c0       __tcscmp                   0040c0c0 f i nafxcwd:afxinl1.obj
 0001:0000b0e0       __tcsicmp                  0040c0e0 f i nafxcwd:afxinl1.obj
 0001:0000b100       __tcscoll                  0040c100 f i nafxcwd:afxinl1.obj
 0001:0000b120       __tcsicoll                 0040c120 f i nafxcwd:afxinl1.obj
 0001:0000b140       ?data@CStringData@@QAEPADXZ 0040c140 f i nafxcwd:strcore.obj
 0001:0000b160       __tcschr                   0040c160 f i nafxcwd:strcore.obj
 0001:0000b180       __tcspbrk                  0040c180 f i nafxcwd:strcore.obj
 0001:0000b1a0       __tcsupr                   0040c1a0 f i nafxcwd:strcore.obj
 0001:0000b1c0       __tcslwr                   0040c1c0 f i nafxcwd:strcore.obj
 0001:0000b1e0       __tcsrev                   0040c1e0 f i nafxcwd:strcore.obj
 0001:0000b200       ?T2CA@@YAPBDPBD@Z          0040c200 f i nafxcwd:appcore.obj
 0001:0000b210       ?GetSize@CRecentFileList@@QBEHXZ 0040c210 f i nafxcwd:appcore.obj
 0001:0000b230       ??ACRecentFileList@@QAEAAVCString@@H@Z 0040c230 f i nafxcwd:appcore.obj
 0001:0000b280       ?GetHead@CSimpleList@@QBEPAXXZ 0040c280 f i nafxcwd:thrdcore.obj
 0001:0000b290       ??_9@$BMM@AE               0040c290 f i nafxcwd:dlgcore.obj
 0001:0000b2a0       ??_9@$BNA@AE               0040c2a0 f i nafxcwd:dlgcore.obj
 0001:0000b2b0       ??0CSimpleList@@QAE@H@Z    0040c2b0 f i nafxcwd:afxstate.obj
 0001:0000b2e0       ?Construct@CSimpleList@@QAEXH@Z 0040c2e0 f i nafxcwd:afxstate.obj
 0001:0000b320       ??0CTypeLibCache@@QAE@XZ   0040c320 f i nafxcwd:afxstate.obj
 0001:0000b360       ??_GCHandleMap@@UAEPAXI@Z  0040c360 f i nafxcwd:winhand.obj
 0001:0000b360       ??_ECHandleMap@@UAEPAXI@Z  0040c360 f i nafxcwd:winhand.obj
 0001:0000b390       ??1CHandleMap@@UAE@XZ      0040c390 f i nafxcwd:winhand.obj
 0001:0000b400       ?GetNextPtr@CSimpleList@@QBEPAPAXPAX@Z 0040c400 f i nafxcwd:afxtls.obj
 0001:0000b440       ??2CThreadSlotData@@SGPAXIPAX@Z 0040c440 f i nafxcwd:afxtls.obj
 0001:0000b450       ??0AFX_CLASSINIT@@QAE@PAUCRuntimeClass@@@Z 0040c450 f i nafxcwd:array_b.obj
 0001:0000b470       __tcsrchr                  0040c470 f i nafxcwd:dlgfile.obj
 0001:0000b490       __tcsinc                   0040c490 f i nafxcwd:dlgfile.obj
 0001:0000b4b0       ?GetWindowTask@@YAPAUHTASK__@@PAUHWND__@@@Z 0040c4b0 f i nafxcwd:winfrmx.obj
 0001:0000b4d0       ??0CPushRoutingFrame@@QAE@PAVCFrameWnd@@@Z 0040c4d0 f i nafxcwd:winfrm.obj
 0001:0000b510       ??1CPushRoutingFrame@@QAE@XZ 0040c510 f i nafxcwd:winfrm.obj
 0001:0000b530       __tcsstr                   0040c530 f i nafxcwd:strex.obj
 0001:0000b550       __tcsspn                   0040c550 f i nafxcwd:strex.obj
 0001:0000b570       __tcscspn                  0040c570 f i nafxcwd:strex.obj
 0001:0000b590       __tcsncmp                  0040c590 f i nafxcwd:strex.obj
 0001:0000b5b0       __tclen                    0040c5b0 f i nafxcwd:strex.obj
 0001:0000b5d0       ??_9@$BOI@AE               0040c5d0 f i nafxcwd:viewcore.obj
 0001:0000b5e0       ??0CPushRoutingView@@QAE@PAVCView@@@Z 0040c5e0 f i nafxcwd:viewcore.obj
 0001:0000b620       ??1CPushRoutingView@@QAE@XZ 0040c620 f i nafxcwd:viewcore.obj
 0001:0000b640       ?AtlA2WHelper@@YGPAGPAGPBDH@Z 0040c640 f i nafxcwd:filecore.obj
 0001:0000b660       ?AtlA2WHelper@@YGPAGPAGPBDHI@Z 0040c660 f i nafxcwd:filecore.obj
 0001:0000b6f0       ?GetFileTitle@@YGFPBDPADG@Z 0040c6f0 f i nafxcwd:filecore.obj
 0001:0000b710       __tcsdec                   0040c710 f i nafxcwd:docmgr.obj
 0001:0000b730       ??8@YAHABU_GUID@@0@Z       0040c730 f i nafxcwd:arcstrm.obj
 0001:0000b750       ??1type_info@@UAE@XZ       0040c750 f   libcmtd:typinfo.obj
 0001:0000b790       ??_Gtype_info@@UAEPAXI@Z   0040c790 f i libcmtd:typinfo.obj
 0001:0000b790       ??_Etype_info@@UAEPAXI@Z   0040c790 f i libcmtd:typinfo.obj
 0001:0000b7c0       ??8type_info@@QBEHABV0@@Z  0040c7c0 f   libcmtd:typinfo.obj
 0001:0000b7f0       ??9type_info@@QBEHABV0@@Z  0040c7f0 f   libcmtd:typinfo.obj
 0001:0000b820       ?before@type_info@@QBEHABV1@@Z 0040c820 f   libcmtd:typinfo.obj
 0001:0000b850       ?raw_name@type_info@@QBEPBDXZ 0040c850 f   libcmtd:typinfo.obj
 0001:0000b870       ??0type_info@@AAE@ABV0@@Z  0040c870 f   libcmtd:typinfo.obj
 0001:0000b890       ??4type_info@@AAEAAV0@ABV0@@Z 0040c890 f   libcmtd:typinfo.obj
 0001:0000b8a0       __chkesp                   0040c8a0 f   libcmtd:chkesp.obj
 0001:0000b8e0       ?_JumpToContinuation@@YGXPAXPAUEHRegistrationNode@@@Z 0040c8e0 f   libcmtd:trnsctrl.obj
 0001:0000b920       ?_CallMemberFunction0@@YGXPAX0@Z 0040c920 f   libcmtd:trnsctrl.obj
 0001:0000b930       ?_CallMemberFunction1@@YGXPAX00@Z 0040c930 f   libcmtd:trnsctrl.obj
 0001:0000b940       ?_CallMemberFunction2@@YGXPAX00H@Z 0040c940 f   libcmtd:trnsctrl.obj
 0001:0000b950       ?_UnwindNestedFrames@@YGXPAUEHRegistrationNode@@PAUEHExceptionRecord@@@Z 0040c950 f   libcmtd:trnsctrl.obj
 0001:0000b9b0       ___CxxFrameHandler         0040c9b0 f   libcmtd:trnsctrl.obj
 0001:0000b9f0       ___CxxLongjmpUnwind@4      0040c9f0 f   libcmtd:trnsctrl.obj
 0001:0000ba20       ?_CallCatchBlock2@@YAPAXPAUEHRegistrationNode@@PBU_s_FuncInfo@@PAXHK@Z 0040ca20 f   libcmtd:trnsctrl.obj
 0001:0000bad0       ?_CallSETranslator@@YAHPAUEHExceptionRecord@@PAUEHRegistrationNode@@PAX2PBU_s_FuncInfo@@H1@Z 0040cad0 f   libcmtd:trnsctrl.obj
 0001:0000bc30       ?_GetRangeOfTrysToCheck@@YAPBU_s_TryBlockMapEntry@@PBU_s_FuncInfo@@HHPAI1@Z 0040cc30 f   libcmtd:trnsctrl.obj
 0001:0000bcc0       __global_unwind2           0040ccc0 f   libcmtd:exsup.obj
 0001:0000bd02       __local_unwind2            0040cd02 f   libcmtd:exsup.obj
 0001:0000bd5a       __NLG_Return2              0040cd5a f   libcmtd:exsup.obj
 0001:0000bd6a       __abnormal_termination     0040cd6a f   libcmtd:exsup.obj
 0001:0000bd8d       __NLG_Notify1              0040cd8d f   libcmtd:exsup.obj
 0001:0000bd96       __NLG_Notify               0040cd96 f   libcmtd:exsup.obj
 0001:0000bda9       __NLG_Dispatch             0040cda9 f   libcmtd:exsup.obj
 0001:0000bdb0       __fpmath                   0040cdb0 f   libcmtd:fpinit.obj
 0001:0000bde0       __fpclear                  0040cde0 f   libcmtd:fpinit.obj
 0001:0000bdf0       __cfltcvt_init             0040cdf0 f   libcmtd:fpinit.obj
 0001:0000be40       ___setfflag                0040ce40 f   libcmtd:fpinit.obj
 0001:0000be60       _sprintf                   0040ce60 f   libcmtd:sprintf.obj
 0001:0000bf5c       __ftol                     0040cf5c f   libcmtd:ftol.obj
 0001:0000bf90       __onexit                   0040cf90 f   libcmtd:onexit.obj
 0001:0000c050       _atexit                    0040d050 f   libcmtd:onexit.obj
 0001:0000c070       ___onexitinit              0040d070 f   libcmtd:onexit.obj
 0001:0000c0c0       _memcpy                    0040d0c0 f   libcmtd:memcpy.obj
 0001:0000c400       __CxxThrowException@8      0040d400 f   libcmtd:throw.obj
 0001:0000c450       __purecall                 0040d450 f   libcmtd:purevirt.obj
 0001:0000c460       _memset                    0040d460 f   libcmtd:memset.obj
 0001:0000c4c0       __allshl                   0040d4c0 f   libcmtd:llshl.obj
 0001:0000c4e0       __aullshr                  0040d4e0 f   libcmtd:ullshr.obj
 0001:0000c500       _strncpy                   0040d500 f   libcmtd:strncpy.obj
 0001:0000c600       _strlen                    0040d600 f   libcmtd:strlen.obj
 0001:0000c680       _strcpy                    0040d680 f   libcmtd:strcat.obj
 0001:0000c690       _strcat                    0040d690 f   libcmtd:strcat.obj
 0001:0000c770       _atol                      0040d770 f   libcmtd:atox.obj
 0001:0000c870       _atoi                      0040d870 f   libcmtd:atox.obj
 0001:0000c890       __atoi64                   0040d890 f   libcmtd:atox.obj
 0001:0000c9c0       __alloca_probe             0040d9c0 f   libcmtd:chkstk.obj
 0001:0000c9c0       __chkstk                   0040d9c0 f   libcmtd:chkstk.obj
 0001:0000c9f0       _WinMainCRTStartup         0040d9f0 f   libcmtd:wincrt0.obj
 0001:0000cb60       __amsg_exit                0040db60 f   libcmtd:wincrt0.obj
 0001:0000cbc0       _malloc                    0040dbc0 f   libcmtd:dbgheap.obj
 0001:0000cbe0       __malloc_dbg               0040dbe0 f   libcmtd:dbgheap.obj
 0001:0000cc10       __nh_malloc                0040dc10 f   libcmtd:dbgheap.obj
 0001:0000cc30       __nh_malloc_dbg            0040dc30 f   libcmtd:dbgheap.obj
 0001:0000cc90       __heap_alloc               0040dc90 f   libcmtd:dbgheap.obj
 0001:0000ccb0       __heap_alloc_dbg           0040dcb0 f   libcmtd:dbgheap.obj
 0001:0000cfd0       _calloc                    0040dfd0 f   libcmtd:dbgheap.obj
 0001:0000cff0       __calloc_dbg               0040dff0 f   libcmtd:dbgheap.obj
 0001:0000d050       _realloc                   0040e050 f   libcmtd:dbgheap.obj
 0001:0000d070       __realloc_dbg              0040e070 f   libcmtd:dbgheap.obj
 0001:0000d5d0       __expand                   0040e5d0 f   libcmtd:dbgheap.obj
 0001:0000d5f0       __expand_dbg               0040e5f0 f   libcmtd:dbgheap.obj
 0001:0000d630       _free                      0040e630 f   libcmtd:dbgheap.obj
 0001:0000d650       __free_lk                  0040e650 f   libcmtd:dbgheap.obj
 0001:0000d670       __free_dbg                 0040e670 f   libcmtd:dbgheap.obj
 0001:0000d6a0       __free_dbg_lk              0040e6a0 f   libcmtd:dbgheap.obj
 0001:0000da90       __msize                    0040ea90 f   libcmtd:dbgheap.obj
 0001:0000dab0       __msize_dbg                0040eab0 f   libcmtd:dbgheap.obj
 0001:0000dc10       __CrtSetBreakAlloc         0040ec10 f   libcmtd:dbgheap.obj
 0001:0000dc30       __CrtSetDbgBlockType       0040ec30 f   libcmtd:dbgheap.obj
 0001:0000dcd0       __CrtSetAllocHook          0040ecd0 f   libcmtd:dbgheap.obj
 0001:0000dd80       __CrtCheckMemory           0040ed80 f   libcmtd:dbgheap.obj
 0001:0000e0f0       __CrtSetDbgFlag            0040f0f0 f   libcmtd:dbgheap.obj
 0001:0000e120       __CrtDoForAllClientObjects 0040f120 f   libcmtd:dbgheap.obj
 0001:0000e190       __CrtIsValidPointer        0040f190 f   libcmtd:dbgheap.obj
 0001:0000e1e0       __CrtIsValidHeapPointer    0040f1e0 f   libcmtd:dbgheap.obj
 0001:0000e270       __CrtIsMemoryBlock         0040f270 f   libcmtd:dbgheap.obj
 0001:0000e360       __CrtSetDumpClient         0040f360 f   libcmtd:dbgheap.obj
 0001:0000e380       __CrtMemCheckpoint         0040f380 f   libcmtd:dbgheap.obj
 0001:0000e4f0       __CrtMemDifference         0040f4f0 f   libcmtd:dbgheap.obj
 0001:0000e620       __CrtMemDumpAllObjectsSince 0040f620 f   libcmtd:dbgheap.obj
 0001:0000ea00       __CrtDumpMemoryLeaks       0040fa00 f   libcmtd:dbgheap.obj
 0001:0000ea80       __CrtMemDumpStatistics     0040fa80 f   libcmtd:dbgheap.obj
 0001:0000eb50       _abs                       0040fb50 f   libcmtd:abs.obj
 0001:0000eb80       _memcmp                    0040fb80 f   libcmtd:memcmp.obj
 0001:0000ec30       __mbscmp                   0040fc30 f   libcmtd:mbscmp.obj
 0001:0000eda0       __mbsicmp                  0040fda0 f   libcmtd:mbsicmp.obj
 0001:0000f040       __mbscoll                  00410040 f   libcmtd:mbscoll.obj
 0001:0000f080       __mbsicoll                 00410080 f   libcmtd:mbsicoll.obj
 0001:0000f0c0       _wcslen                    004100c0 f   libcmtd:wcslen.obj
 0001:0000f0f0       __mbschr                   004100f0 f   libcmtd:mbschr.obj
 0001:0000f1e0       __mbspbrk                  004101e0 f   libcmtd:mbspbrk.obj
 0001:0000f320       __mbsupr                   00410320 f   libcmtd:mbsupr.obj
 0001:0000f420       __mbslwr                   00410420 f   libcmtd:mbslwr.obj
 0001:0000f520       __mbsrev                   00410520 f   libcmtd:mbsrev.obj
 0001:0000f610       __strdup                   00410610 f   libcmtd:strdup.obj
 0001:0000f660       __cinit                    00410660 f   libcmtd:crt0dat.obj
 0001:0000f6a0       _exit                      004106a0 f   libcmtd:crt0dat.obj
 0001:0000f6c0       __exit                     004106c0 f   libcmtd:crt0dat.obj
 0001:0000f6e0       __cexit                    004106e0 f   libcmtd:crt0dat.obj
 0001:0000f700       __c_exit                   00410700 f   libcmtd:crt0dat.obj
 0001:0000f810       __lockexit                 00410810 f   libcmtd:crt0dat.obj
 0001:0000f820       __unlockexit               00410820 f   libcmtd:crt0dat.obj
 0001:0000f860       __beginthreadex            00410860 f   libcmtd:threadex.obj
 0001:0000f9f0       __endthreadex              004109f0 f   libcmtd:threadex.obj
 0001:0000fa40       __CrtDbgBreak              00410a40 f   libcmtd:dbgrpt.obj
 0001:0000fa50       __CrtSetReportMode         00410a50 f   libcmtd:dbgrpt.obj
 0001:0000fab0       __CrtSetReportFile         00410ab0 f   libcmtd:dbgrpt.obj
 0001:0000fb30       __CrtSetReportHook         00410b30 f   libcmtd:dbgrpt.obj
 0001:0000fb50       __CrtDbgReport             00410b50 f   libcmtd:dbgrpt.obj
 0001:000101f0       __vsnprintf                004111f0 f   libcmtd:vsnprint.obj
 0001:000102ec       __except_handler3          004112ec f   libcmtd:exsup3.obj
 0001:000103a9       __seh_longjmp_unwind@4     004113a9 f   libcmtd:exsup3.obj
 0001:000103d0       _memmove                   004113d0 f   libcmtd:memmove.obj
 0001:00010710       __dosmaperr                00411710 f   libcmtd:dosmap.obj
 0001:000107b0       __errno                    004117b0 f   libcmtd:dosmap.obj
 0001:000107c0       ___doserrno                004117c0 f   libcmtd:dosmap.obj
 0001:000107d0       _mktime                    004117d0 f   libcmtd:mktime.obj
 0001:000107f0       __mkgmtime                 004117f0 f   libcmtd:mktime.obj
 0001:00010b20       _time                      00411b20 f   libcmtd:time.obj
 0001:00010cb0       _gmtime                    00411cb0 f   libcmtd:gmtime.obj
 0001:00010eb0       _localtime                 00411eb0 f   libcmtd:localtim.obj
 0001:00011110       _ctime                     00412110 f   libcmtd:ctime.obj
 0001:00011140       __setmbcp                  00412140 f   libcmtd:mbctype.obj
 0001:00011900       __getmbcp                  00412900 f   libcmtd:mbctype.obj
 0001:00011920       ___initmbctable            00412920 f   libcmtd:mbctype.obj
 0001:00011950       __Getdays                  00412950 f   libcmtd:strftime.obj
 0001:00011a80       __Getmonths                00412a80 f   libcmtd:strftime.obj
 0001:00011bb0       __Gettnames                00412bb0 f   libcmtd:strftime.obj
 0001:00011f20       _strftime                  00412f20 f   libcmtd:strftime.obj
 0001:00011f40       __Strftime                 00412f40 f   libcmtd:strftime.obj
 0001:00012dc0       __mbsrchr                  00413dc0 f   libcmtd:mbsrchr.obj
 0001:00012e90       __mbsinc                   00413e90 f   libcmtd:mbsinc.obj
 0001:00012ec0       ??_L@YGXPAXIHP6EX0@Z1@Z    00413ec0 f   libcmtd:ehvecctr.obj
 0001:00012f60       ??_M@YGXPAXIHP6EX0@Z@Z     00413f60 f   libcmtd:ehvecdtr.obj
 0001:00013010       ?__ArrayUnwind@@YGXPAXIHP6EX0@Z@Z 00414010 f   libcmtd:ehvecdtr.obj
 0001:000130c0       __mbsstr                   004140c0 f   libcmtd:mbsstr.obj
 0001:000131a0       __mbsspn                   004141a0 f   libcmtd:mbsspn.obj
 0001:000132d0       __mbscspn                  004142d0 f   libcmtd:mbscspn.obj
 0001:00013400       _vsprintf                  00414400 f   libcmtd:vsprintf.obj
 0001:00013500       __ismbcdigit               00414500 f   libcmtd:ismbdgt.obj
 0001:000135e0       __mbsnbcmp                 004145e0 f   libcmtd:mbsnbcmp.obj
 0001:000137d0       __mbclen                   004147d0 f   libcmtd:mbclen.obj
 0001:00013800       __ismbcspace               00414800 f   libcmtd:ismbspc.obj
 0001:000138e0       _strtol                    004148e0 f   libcmtd:strtol.obj
 0001:00013c40       _strtoul                   00414c40 f   libcmtd:strtol.obj
 0001:00013c60       __mbsdec                   00414c60 f   libcmtd:mbsdec.obj
 0001:00013d10       __mtinitlocks              00414d10 f   libcmtd:mlock.obj
 0001:00013d50       __mtdeletelocks            00414d50 f   libcmtd:mlock.obj
 0001:00013df0       __lock                     00414df0 f   libcmtd:mlock.obj
 0001:00013e90       __unlock                   00414e90 f   libcmtd:mlock.obj
 0001:00013eb0       __lockerr_exit             00414eb0 f   libcmtd:mlock.obj
 0001:00013ed0       __free_base                00414ed0 f   libcmtd:free.obj
 0001:00013f40       _strcmp                    00414f40 f   libcmtd:strcmp.obj
 0001:00013fd0       ___InternalCxxFrameHandler 00414fd0 f   libcmtd:frame.obj
 0001:00014540       ___FrameUnwindToState      00415540 f   libcmtd:frame.obj
 0001:00014b50       ?_DestructExceptionObject@@YAXPAUEHExceptionRecord@@E@Z 00415b50 f   libcmtd:frame.obj
 0001:00014c30       __CallSettingFrame@12      00415c30 f   libcmtd:lowhelpr.obj
 0001:00014c57       __NLG_Return               00415c57 f   libcmtd:lowhelpr.obj
 0001:00014c80       __mtinit                   00415c80 f   libcmtd:tidtable.obj
 0001:00014d10       __mtterm                   00415d10 f   libcmtd:tidtable.obj
 0001:00014d40       __initptd                  00415d40 f   libcmtd:tidtable.obj
 0001:00014d60       __getptd                   00415d60 f   libcmtd:tidtable.obj
 0001:00014e00       __freeptd                  00415e00 f   libcmtd:tidtable.obj
 0001:00014f10       ___threadid                00415f10 f   libcmtd:tidtable.obj
 0001:00014f20       ___threadhandle            00415f20 f   libcmtd:tidtable.obj
 0001:00014f30       ?terminate@@YAXXZ          00415f30 f   libcmtd:hooks.obj
 0001:00014fc0       ?unexpected@@YAXXZ         00415fc0 f   libcmtd:hooks.obj
 0001:00014fe0       ?_inconsistency@@YAXXZ     00415fe0 f   libcmtd:hooks.obj
 0001:00015070       __setdefaultprecision      00416070 f   libcmtd:fp8.obj
 0001:00015090       __ms_p5_test_fdiv          00416090 f   libcmtd:testfdiv.obj
 0001:000150f0       __ms_p5_mp_test_fdiv       004160f0 f   libcmtd:testfdiv.obj
 0001:00015140       __forcdecpt                00416140 f   libcmtd:cvt.obj
 0001:000151f0       __cropzeros                004161f0 f   libcmtd:cvt.obj
 0001:000152d0       __positive                 004162d0 f   libcmtd:cvt.obj
 0001:00015300       __fassign                  00416300 f   libcmtd:cvt.obj
 0001:00015350       __cftoe                    00416350 f   libcmtd:cvt.obj
 0001:00015540       __cftof                    00416540 f   libcmtd:cvt.obj
 0001:000156f0       __cftog                    004166f0 f   libcmtd:cvt.obj
 0001:000157e0       __cfltcvt                  004167e0 f   libcmtd:cvt.obj
 0001:00015870       __flsbuf                   00416870 f   libcmtd:_flsbuf.obj
 0001:00015af0       __output                   00416af0 f   libcmtd:output.obj
 0001:00016990       ?__CxxUnhandledExceptionFilter@@YGJPAU_EXCEPTION_POINTERS@@@Z 00417990 f   libcmtd:unhandld.obj
 0001:000169f0       ?__CxxSetUnhandledExceptionFilter@@YAXXZ 004179f0 f   libcmtd:unhandld.obj
 0001:00016a10       ?__CxxRestoreUnhandledExceptionFilter@@YAXXZ 00417a10 f   libcmtd:unhandld.obj
 0001:00016a30       __isctype                  00417a30 f   libcmtd:isctype.obj
 0001:00016af0       __allmul                   00417af0 f   libcmtd:llmul.obj
 0001:00016b30       __XcptFilter               00417b30 f   libcmtd:winxfltr.obj
 0001:00016d50       __wincmdln                 00417d50 f   libcmtd:wincmdln.obj
 0001:00016e10       __setenvp                  00417e10 f   libcmtd:stdenvp.obj
 0001:00016f60       __setargv                  00417f60 f   libcmtd:stdargv.obj
 0001:00017470       ___crtGetEnvironmentStringsA 00418470 f   libcmtd:a_env.obj
 0001:00017690       __ioinit                   00418690 f   libcmtd:ioinit.obj
 0001:000179c0       __ioterm                   004189c0 f   libcmtd:ioinit.obj
 0001:00017a60       __heap_init                00418a60 f   libcmtd:heapinit.obj
 0001:00017ab0       __heap_term                00418ab0 f   libcmtd:heapinit.obj
 0001:00017b50       __FF_MSGBANNER             00418b50 f   libcmtd:crt0msg.obj
 0001:00017ba0       __NMSG_WRITE               00418ba0 f   libcmtd:crt0msg.obj
 0001:00017d60       __GET_RTERRMSG             00418d60 f   libcmtd:crt0msg.obj
 0001:00017db0       ?_set_new_handler@@YAP6AHI@ZP6AHI@Z@Z 00418db0 f   libcmtd:handler.obj
 0001:00017de0       ?_query_new_handler@@YAP6AHI@ZXZ 00418de0 f   libcmtd:handler.obj
 0001:00017df0       __callnewh                 00418df0 f   libcmtd:handler.obj
 0001:00017e20       __malloc_base              00418e20 f   libcmtd:malloc.obj
 0001:00017e40       __nh_malloc_base           00418e40 f   libcmtd:malloc.obj
 0001:00017ea0       __heap_alloc_base          00418ea0 f   libcmtd:malloc.obj
 0001:00017f10       __CrtDefaultAllocHook      00418f10 f   libcmtd:dbghook.obj
 0001:00017f20       __expand_base              00418f20 f   libcmtd:expand.obj
 0001:00017fd0       __realloc_base             00418fd0 f   libcmtd:realloc.obj
 0001:000181c0       __heapchk                  004191c0 f   libcmtd:heapchk.obj
 0001:00018240       __heapset                  00419240 f   libcmtd:heapchk.obj
 0001:00018250       __get_sbh_threshold        00419250 f   libcmtd:sbheap.obj
 0001:00018260       __set_sbh_threshold        00419260 f   libcmtd:sbheap.obj
 0001:00018280       ___sbh_heap_init           00419280 f   libcmtd:sbheap.obj
 0001:000182e0       ___sbh_find_block          004192e0 f   libcmtd:sbheap.obj
 0001:00018340       ___sbh_verify_block        00419340 f   libcmtd:sbheap.obj
 0001:000183a0       ___sbh_free_block          004193a0 f   libcmtd:sbheap.obj
 0001:00018970       ___sbh_alloc_block         00419970 f   libcmtd:sbheap.obj
 0001:00018eb0       ___sbh_alloc_new_region    00419eb0 f   libcmtd:sbheap.obj
 0001:00018fc0       ___sbh_alloc_new_group     00419fc0 f   libcmtd:sbheap.obj
 0001:000191b0       ___sbh_resize_block        0041a1b0 f   libcmtd:sbheap.obj
 0001:000197a0       ___sbh_heapmin             0041a7a0 f   libcmtd:sbheap.obj
 0001:000198d0       ___sbh_heap_check          0041a8d0 f   libcmtd:sbheap.obj
 0001:00019ef0       ___crtLCMapStringA         0041aef0 f   libcmtd:a_map.obj
 0001:0001a250       __strcmpi                  0041b250 f   libcmtd:stricmp.obj
 0001:0001a250       __stricmp                  0041b250 f   libcmtd:stricmp.obj
 0001:0001a320       ___crtCompareStringA       0041b320 f   libcmtd:a_cmp.obj
 0001:0001a780       _strchr                    0041b780 f   libcmtd:strchr.obj
 0001:0001a786       ___from_strstr_to_strchr   0041b786 f   libcmtd:strchr.obj
 0001:0001a840       _strpbrk                   0041b840 f   libcmtd:strpbrk.obj
 0001:0001a880       __strrev                   0041b880 f   libcmtd:strrev.obj
 0001:0001a8b0       __itoa                     0041b8b0 f   libcmtd:xtoa.obj
 0001:0001a9d0       __ltoa                     0041b9d0 f   libcmtd:xtoa.obj
 0001:0001aa10       __ultoa                    0041ba10 f   libcmtd:xtoa.obj
 0001:0001aa30       __i64toa                   0041ba30 f   libcmtd:xtoa.obj
 0001:0001ab80       __ui64toa                  0041bb80 f   libcmtd:xtoa.obj
 0001:0001aba0       __snprintf                 0041bba0 f   libcmtd:snprintf.obj
 0001:0001aca0       _signal                    0041bca0 f   libcmtd:winsig.obj
 0001:0001af70       _raise                     0041bf70 f   libcmtd:winsig.obj
 0001:0001b210       ___fpecode                 0041c210 f   libcmtd:winsig.obj
 0001:0001b220       ___pxcptinfoptrs           0041c220 f   libcmtd:winsig.obj
 0001:0001b230       ___crtMessageBoxA          0041c230 f   libcmtd:crtmbox.obj
 0001:0001b2f0       ___tzset                   0041c2f0 f   libcmtd:tzset.obj
 0001:0001b330       __tzset                    0041c330 f   libcmtd:tzset.obj
 0001:0001b700       __isindst                  0041c700 f   libcmtd:tzset.obj
 0001:0001bc30       ___loctotime_t             0041cc30 f   libcmtd:dtoxtime.obj
 0001:0001bd20       _asctime                   0041cd20 f   libcmtd:asctime.obj
 0001:0001bf20       ___crtGetStringTypeA       0041cf20 f   libcmtd:a_str.obj
 0001:0001c0e0       _setlocale                 0041d0e0 f   libcmtd:setlocal.obj
 0001:0001c770       __expandlocale             0041d770 f   libcmtd:setlocal.obj
 0001:0001c900       ___init_dummy              0041d900 f   libcmtd:setlocal.obj
 0001:0001c910       __strcats                  0041d910 f   libcmtd:setlocal.obj
 0001:0001c960       ___lc_strtolc              0041d960 f   libcmtd:setlocal.obj
 0001:0001cac0       ___lc_lctostr              0041dac0 f   libcmtd:setlocal.obj
 0001:0001cb30       _strrchr                   0041db30 f   libcmtd:strrchr.obj
 0001:0001cb60       _strstr                    0041db60 f   libcmtd:strstr.obj
 0001:0001cbe0       _strspn                    0041dbe0 f   libcmtd:strspn.obj
 0001:0001cc20       _strcspn                   0041dc20 f   libcmtd:strcspn.obj
 0001:0001cc60       _strncmp                   0041dc60 f   libcmtd:strncmp.obj
 0001:0001cca0       __toupper                  0041dca0 f   libcmtd:toupper.obj
 0001:0001ccb0       _toupper                   0041dcb0 f   libcmtd:toupper.obj
 0001:0001cd50       __toupper_lk               0041dd50 f   libcmtd:toupper.obj
 0001:0001ce80       ?_ValidateRead@@YAHPBXI@Z  0041de80 f   libcmtd:validate.obj
 0001:0001ceb0       ?_ValidateWrite@@YAHPAXI@Z 0041deb0 f   libcmtd:validate.obj
 0001:0001cee0       ?_ValidateExecute@@YAHP6GHXZ@Z 0041dee0 f   libcmtd:validate.obj
 0001:0001cf10       _abort                     0041df10 f   libcmtd:abort.obj
 0001:0001cf30       __statusfp                 0041df30 f   libcmtd:ieee87.obj
 0001:0001cf50       __clearfp                  0041df50 f   libcmtd:ieee87.obj
 0001:0001cf70       __control87                0041df70 f   libcmtd:ieee87.obj
 0001:0001cfc0       __controlfp                0041dfc0 f   libcmtd:ieee87.obj
 0001:0001cfe0       __fpreset                  0041dfe0 f   libcmtd:ieee87.obj
 0001:0001d3d0       __tolower                  0041e3d0 f   libcmtd:tolower.obj
 0001:0001d3e0       _tolower                   0041e3e0 f   libcmtd:tolower.obj
 0001:0001d480       __tolower_lk               0041e480 f   libcmtd:tolower.obj
 0001:0001d5b0       __ZeroTail                 0041e5b0 f   libcmtd:intrncvt.obj
 0001:0001d640       __IncMan                   0041e640 f   libcmtd:intrncvt.obj
 0001:0001d6f0       __RoundMan                 0041e6f0 f   libcmtd:intrncvt.obj
 0001:0001d7d0       __CopyMan                  0041e7d0 f   libcmtd:intrncvt.obj
 0001:0001d820       __FillZeroMan              0041e820 f   libcmtd:intrncvt.obj
 0001:0001d850       __IsZeroMan                0041e850 f   libcmtd:intrncvt.obj
 0001:0001d890       __ShrMan                   0041e890 f   libcmtd:intrncvt.obj
 0001:0001d980       __ld12cvt                  0041e980 f   libcmtd:intrncvt.obj
 0001:0001dbd0       __ld12tod                  0041ebd0 f   libcmtd:intrncvt.obj
 0001:0001dbf0       __ld12tof                  0041ebf0 f   libcmtd:intrncvt.obj
 0001:0001dc10       __ld12told                 0041ec10 f   libcmtd:intrncvt.obj
 0001:0001dcd0       __atodbl                   0041ecd0 f   libcmtd:intrncvt.obj
 0001:0001dd10       __atoldbl                  0041ed10 f   libcmtd:intrncvt.obj
 0001:0001dd50       __atoflt                   0041ed50 f   libcmtd:intrncvt.obj
 0001:0001dd90       __fptostr                  0041ed90 f   libcmtd:_fptostr.obj
 0001:0001de90       __fltout2                  0041ee90 f   libcmtd:cfout.obj
 0001:0001df10       ___dtold                   0041ef10 f   libcmtd:cfout.obj
 0001:0001e080       __fptrap                   0041f080 f   libcmtd:crt0fp.obj
 0001:0001e090       __lseek                    0041f090 f   libcmtd:lseek.obj
 0001:0001e120       __lseek_lk                 0041f120 f   libcmtd:lseek.obj
 0001:0001e1e0       __write                    0041f1e0 f   libcmtd:write.obj
 0001:0001e270       __write_lk                 0041f270 f   libcmtd:write.obj
 0001:0001e4f0       __getbuf                   0041f4f0 f   libcmtd:_getbuf.obj
 0001:0001e5c0       __isatty                   0041f5c0 f   libcmtd:isatty.obj
 0001:0001e600       ___initstdio               0041f600 f   libcmtd:_file.obj
 0001:0001e730       ___endstdio                0041f730 f   libcmtd:_file.obj
 0001:0001e750       __lock_file                0041f750 f   libcmtd:_file.obj
 0001:0001e790       __lock_file2               0041f790 f   libcmtd:_file.obj
 0001:0001e7c0       __unlock_file              0041f7c0 f   libcmtd:_file.obj
 0001:0001e800       __unlock_file2             0041f800 f   libcmtd:_file.obj
 0001:0001e830       _wctomb                    0041f830 f   libcmtd:wctomb.obj
 0001:0001e8b0       __wctomb_lk                0041f8b0 f   libcmtd:wctomb.obj
 0001:0001e950       __aulldiv                  0041f950 f   libcmtd:ulldiv.obj
 0001:0001e9c0       __aullrem                  0041f9c0 f   libcmtd:ullrem.obj
 0001:0001ea40       __ismbbkalnum              0041fa40 f   libcmtd:ismbbyte.obj
 0001:0001ea60       __ismbbkprint              0041fa60 f   libcmtd:ismbbyte.obj
 0001:0001ea80       __ismbbkpunct              0041fa80 f   libcmtd:ismbbyte.obj
 0001:0001eaa0       __ismbbalnum               0041faa0 f   libcmtd:ismbbyte.obj
 0001:0001eac0       __ismbbalpha               0041fac0 f   libcmtd:ismbbyte.obj
 0001:0001eae0       __ismbbgraph               0041fae0 f   libcmtd:ismbbyte.obj
 0001:0001eb00       __ismbbprint               0041fb00 f   libcmtd:ismbbyte.obj
 0001:0001eb20       __ismbbpunct               0041fb20 f   libcmtd:ismbbyte.obj
 0001:0001eb40       __ismbblead                0041fb40 f   libcmtd:ismbbyte.obj
 0001:0001eb60       __ismbbtrail               0041fb60 f   libcmtd:ismbbyte.obj
 0001:0001eb80       __ismbbkana                0041fb80 f   libcmtd:ismbbyte.obj
 0001:0001ec30       _getenv                    0041fc30 f   libcmtd:getenv.obj
 0001:0001ec60       __getenv_lk                0041fc60 f   libcmtd:getenv.obj
 0001:0001ed30       ___init_time               0041fd30 f   libcmtd:inittime.obj
 0001:0001f6b0       ___init_numeric            004206b0 f   libcmtd:initnum.obj
 0001:0001f9e0       ___init_monetary           004209e0 f   libcmtd:initmon.obj
 0001:0001fe40       ___init_ctype              00420e40 f   libcmtd:initctyp.obj
 0001:000201e0       ___init_collate            004211e0 f   libcmtd:initcoll.obj
 0001:000201f0       ___get_qualified_locale    004211f0 f   libcmtd:getqloc.obj
 0001:00020f90       ___addl                    00421f90 f   libcmtd:mantold.obj
 0001:00020fd0       ___add_12                  00421fd0 f   libcmtd:mantold.obj
 0001:00021080       ___shl_12                  00422080 f   libcmtd:mantold.obj
 0001:000210e0       ___shr_12                  004220e0 f   libcmtd:mantold.obj
 0001:00021150       ___mtold12                 00422150 f   libcmtd:mantold.obj
 0001:00021290       ___strgtold12              00422290 f   libcmtd:strgtold.obj
 0001:00021dc0       ___STRINGTOLD              00422dc0 f   libcmtd:strgtold.obj
 0001:00021e10       _$I10_OUTPUT               00422e10 f   libcmtd:x10fout.obj
 0001:00022330       __alloc_osfhnd             00423330 f   libcmtd:osfinfo.obj
 0001:00022520       __set_osfhnd               00423520 f   libcmtd:osfinfo.obj
 0001:000225e0       __free_osfhnd              004235e0 f   libcmtd:osfinfo.obj
 0001:000226c0       __get_osfhandle            004236c0 f   libcmtd:osfinfo.obj
 0001:00022730       __open_osfhandle           00423730 f   libcmtd:osfinfo.obj
 0001:00022840       __lock_fhandle             00423840 f   libcmtd:osfinfo.obj
 0001:000228d0       __unlock_fhandle           004238d0 f   libcmtd:osfinfo.obj
 0001:00022900       __fcloseall                00423900 f   libcmtd:closeall.obj
 0001:000229e0       _fflush                    004239e0 f   libcmtd:fflush.obj
 0001:00022a30       __fflush_lk                00423a30 f   libcmtd:fflush.obj
 0001:00022a80       __flush                    00423a80 f   libcmtd:fflush.obj
 0001:00022b40       __flushall                 00423b40 f   libcmtd:fflush.obj
 0001:00022c90       __mbsnbicoll               00423c90 f   libcmtd:mbsnbico.obj
 0001:00022ce0       ___wtomb_environ           00423ce0 f   libcmtd:wtombenv.obj
 0001:00022d90       ___getlocaleinfo           00423d90 f   libcmtd:inithelp.obj
 0001:00023020       _localeconv                00424020 f   libcmtd:lconv.obj
 0001:00023030       ___crtGetStringTypeW       00424030 f   libcmtd:w_str.obj
 0001:000232a0       __strnicmp                 004242a0 f   libcmtd:strnicmp.obj
 0001:000233b0       ___ld12mul                 004243b0 f   libcmtd:tenpow.obj
 0001:000237f0       ___multtenpow12            004247f0 f   libcmtd:tenpow.obj
 0001:000238c0       _fclose                    004248c0 f   libcmtd:fclose.obj
 0001:00023950       __fclose_lk                00424950 f   libcmtd:fclose.obj
 0001:00023a10       __commit                   00424a10 f   libcmtd:commit.obj
 0001:00023af0       ___crtsetenv               00424af0 f   libcmtd:setenv.obj
 0001:00023f40       ___crtGetLocaleInfoW       00424f40 f   libcmtd:w_loc.obj
 0001:000240e0       ___crtGetLocaleInfoA       004250e0 f   libcmtd:a_loc.obj
 0001:00024290       __close                    00425290 f   libcmtd:close.obj
 0001:00024310       __close_lk                 00425310 f   libcmtd:close.obj
 0001:000243c0       __freebuf                  004253c0 f   libcmtd:_freebuf.obj
 0001:00024452       _CloseHandle@4             00425452 f   kernel32:KERNEL32.dll
 0001:00024458       _FreeLibrary@4             00425458 f   kernel32:KERNEL32.dll
 0001:0002445e       _Sleep@4                   0042545e f   kernel32:KERNEL32.dll
 0001:00024464       _WriteFile@20              00425464 f   kernel32:KERNEL32.dll
 0001:0002446a       _CreateFileA@28            0042546a f   kernel32:KERNEL32.dll
 0001:00024470       _ReadFile@20               00425470 f   kernel32:KERNEL32.dll
 0001:00024476       _CreateMailslotA@16        00425476 f   kernel32:KERNEL32.dll
 0001:0002447c       _GetProcAddress@8          0042547c f   kernel32:KERNEL32.dll
 0001:00024482       _LoadLibraryA@4            00425482 f   kernel32:KERNEL32.dll
 0001:00024488       _DeviceIoControl@32        00425488 f   kernel32:KERNEL32.dll
 0001:0002448e       _DefineDosDeviceA@12       0042548e f   kernel32:KERNEL32.dll
 0001:00024494       _GetCurrentThreadId@0      00425494 f   kernel32:KERNEL32.dll
 0001:0002449a       _CreateThread@24           0042549a f   kernel32:KERNEL32.dll
 0001:000244a0       _CreateEventA@16           004254a0 f   kernel32:KERNEL32.dll
 0001:000244a6       _SetEvent@4                004254a6 f   kernel32:KERNEL32.dll
 0001:000244ac       _WaitForSingleObject@8     004254ac f   kernel32:KERNEL32.dll
 0001:000244b2       _TerminateThread@8         004254b2 f   kernel32:KERNEL32.dll
 0001:000244b8       _SetThreadPriority@8       004254b8 f   kernel32:KERNEL32.dll
 0001:000244be       _ResumeThread@4            004254be f   kernel32:KERNEL32.dll
 0001:000244c4       _SuspendThread@4           004254c4 f   kernel32:KERNEL32.dll
 0001:000244ca       _InitializeCriticalSection@4 004254ca f   kernel32:KERNEL32.dll
 0001:000244d0       _DeleteCriticalSection@4   004254d0 f   kernel32:KERNEL32.dll
 0001:000244d6       _LeaveCriticalSection@4    004254d6 f   kernel32:KERNEL32.dll
 0001:000244dc       _EnterCriticalSection@4    004254dc f   kernel32:KERNEL32.dll
 0001:000244e2       _ResetEvent@4              004254e2 f   kernel32:KERNEL32.dll
 0001:000244e8       _Beep@8                    004254e8 f   kernel32:KERNEL32.dll
 0001:000244ee       _DisconnectNamedPipe@4     004254ee f   kernel32:KERNEL32.dll
 0001:000244f4       _FlushFileBuffers@4        004254f4 f   kernel32:KERNEL32.dll
 0001:000244fa       _GetLastError@0            004254fa f   kernel32:KERNEL32.dll
 0001:00024500       _PeekNamedPipe@24          00425500 f   kernel32:KERNEL32.dll
 0001:00024506       _SetLastError@4            00425506 f   kernel32:KERNEL32.dll
 0001:0002450c       _SetNamedPipeHandleState@16 0042550c f   kernel32:KERNEL32.dll
 0001:00024512       _WaitNamedPipeA@8          00425512 f   kernel32:KERNEL32.dll
 0001:00024518       _GetComputerNameA@8        00425518 f   kernel32:KERNEL32.dll
 0001:0002451e       _GetModuleHandleA@4        0042551e f   kernel32:KERNEL32.dll
 0001:00024524       _lstrcpyA@8                00425524 f   kernel32:KERNEL32.dll
 0001:0002452a       _GlobalDeleteAtom@4        0042552a f   kernel32:KERNEL32.dll
 0001:00024530       _GlobalFindAtomA@4         00425530 f   kernel32:KERNEL32.dll
 0001:00024536       _GlobalAddAtomA@4          00425536 f   kernel32:KERNEL32.dll
 0001:0002453c       _lstrcmpiA@8               0042553c f   kernel32:KERNEL32.dll
 0001:00024542       _GlobalGetAtomNameA@12     00425542 f   kernel32:KERNEL32.dll
 0001:00024548       _lstrcatA@8                00425548 f   kernel32:KERNEL32.dll
 0001:0002454e       _lstrlenA@4                0042554e f   kernel32:KERNEL32.dll
 0001:00024554       _GetVersion@0              00425554 f   kernel32:KERNEL32.dll
 0001:0002455a       _FreeResource@4            0042555a f   kernel32:KERNEL32.dll
 0001:00024560       _LockResource@4            00425560 f   kernel32:KERNEL32.dll
 0001:00024566       _LoadResource@8            00425566 f   kernel32:KERNEL32.dll
 0001:0002456c       _FindResourceA@12          0042556c f   kernel32:KERNEL32.dll
 0001:00024572       _MulDiv@12                 00425572 f   kernel32:KERNEL32.dll
 0001:00024578       _GlobalUnlock@4            00425578 f   kernel32:KERNEL32.dll
 0001:0002457e       _GlobalLock@4              0042557e f   kernel32:KERNEL32.dll
 0001:00024584       _GetThreadPriority@4       00425584 f   kernel32:KERNEL32.dll
 0001:0002458a       _InterlockedIncrement@4    0042558a f   kernel32:KERNEL32.dll
 0001:00024590       _InterlockedDecrement@4    00425590 f   kernel32:KERNEL32.dll
 0001:00024596       _WideCharToMultiByte@32    00425596 f   kernel32:KERNEL32.dll
 0001:0002459c       _MultiByteToWideChar@24    0042559c f   kernel32:KERNEL32.dll
 0001:000245a2       _lstrcpynA@12              004255a2 f   kernel32:KERNEL32.dll
 0001:000245a8       _GetCurrentThread@0        004255a8 f   kernel32:KERNEL32.dll
 0001:000245ae       _lstrcmpA@8                004255ae f   kernel32:KERNEL32.dll
 0001:000245b4       _GlobalAlloc@8             004255b4 f   kernel32:KERNEL32.dll
 0001:000245ba       _GetModuleFileNameA@12     004255ba f   kernel32:KERNEL32.dll
 0001:000245c0       _GlobalFree@4              004255c0 f   kernel32:KERNEL32.dll
 0001:000245c6       _GetPrivateProfileIntA@16  004255c6 f   kernel32:KERNEL32.dll
 0001:000245cc       _GlobalFlags@4             004255cc f   kernel32:KERNEL32.dll
 0001:000245d2       _GetProcessVersion@4       004255d2 f   kernel32:KERNEL32.dll
 0001:000245d8       _GetCPInfo@8               004255d8 f   kernel32:KERNEL32.dll
 0001:000245de       _GetOEMCP@0                004255de f   kernel32:KERNEL32.dll
 0001:000245e4       _LocalFree@4               004255e4 f   kernel32:KERNEL32.dll
 0001:000245ea       _LocalAlloc@8              004255ea f   kernel32:KERNEL32.dll
 0001:000245f0       _TlsAlloc@0                004255f0 f   kernel32:KERNEL32.dll
 0001:000245f6       _GlobalHandle@4            004255f6 f   kernel32:KERNEL32.dll
 0001:000245fc       _TlsFree@4                 004255fc f   kernel32:KERNEL32.dll
 0001:00024602       _GlobalReAlloc@12          00425602 f   kernel32:KERNEL32.dll
 0001:00024608       _TlsSetValue@8             00425608 f   kernel32:KERNEL32.dll
 0001:0002460e       _LocalReAlloc@12           0042560e f   kernel32:KERNEL32.dll
 0001:00024614       _TlsGetValue@4             00425614 f   kernel32:KERNEL32.dll
 0001:0002461a       _IsBadStringPtrW@8         0042561a f   kernel32:KERNEL32.dll
 0001:00024620       _IsBadStringPtrA@8         00425620 f   kernel32:KERNEL32.dll
 0001:00024626       _IsBadWritePtr@8           00425626 f   kernel32:KERNEL32.dll
 0001:0002462c       _IsBadReadPtr@8            0042562c f   kernel32:KERNEL32.dll
 0001:00024632       _FileTimeToSystemTime@8    00425632 f   kernel32:KERNEL32.dll
 0001:00024638       _FileTimeToLocalFileTime@8 00425638 f   kernel32:KERNEL32.dll
 0001:0002463e       _VirtualProtect@16         0042563e f   kernel32:KERNEL32.dll
 0001:00024644       _GetProfileIntA@12         00425644 f   kernel32:KERNEL32.dll
 0001:0002464a       _GetPrivateProfileStringA@24 0042564a f   kernel32:KERNEL32.dll
 0001:00024650       _WritePrivateProfileStringA@16 00425650 f   kernel32:KERNEL32.dll
 0001:00024656       _GetCurrentDirectoryA@8    00425656 f   kernel32:KERNEL32.dll
 0001:0002465c       _SizeofResource@8          0042565c f   kernel32:KERNEL32.dll
 0001:00024662       _FormatMessageA@28         00425662 f   kernel32:KERNEL32.dll
 0001:00024668       _SetErrorMode@4            00425668 f   kernel32:KERNEL32.dll
 0001:0002466e       _DuplicateHandle@28        0042566e f   kernel32:KERNEL32.dll
 0001:00024674       _GetCurrentProcess@0       00425674 f   kernel32:KERNEL32.dll
 0001:0002467a       _SetFilePointer@16         0042567a f   kernel32:KERNEL32.dll
 0001:00024680       _LockFile@20               00425680 f   kernel32:KERNEL32.dll
 0001:00024686       _UnlockFile@20             00425686 f   kernel32:KERNEL32.dll
 0001:0002468c       _SetEndOfFile@4            0042568c f   kernel32:KERNEL32.dll
 0001:00024692       _MoveFileA@8               00425692 f   kernel32:KERNEL32.dll
 0001:00024698       _DeleteFileA@4             00425698 f   kernel32:KERNEL32.dll
 0001:0002469e       _FindClose@4               0042569e f   kernel32:KERNEL32.dll
 0001:000246a4       _FindFirstFileA@8          004256a4 f   kernel32:KERNEL32.dll
 0001:000246aa       _GetVolumeInformationA@32  004256aa f   kernel32:KERNEL32.dll
 0001:000246b0       _GetFullPathNameA@16       004256b0 f   kernel32:KERNEL32.dll
 0001:000246b6       _GetStringTypeExA@20       004256b6 f   kernel32:KERNEL32.dll
 0001:000246bc       _GetThreadLocale@0         004256bc f   kernel32:KERNEL32.dll
 0001:000246c2       _GetShortPathNameA@12      004256c2 f   kernel32:KERNEL32.dll
 0001:000246c8       _GetFileAttributesA@4      004256c8 f   kernel32:KERNEL32.dll
 0001:000246ce       _GetTempFileNameA@16       004256ce f   kernel32:KERNEL32.dll
 0001:000246d4       _SetFileTime@16            004256d4 f   kernel32:KERNEL32.dll
 0001:000246da       _GetFileTime@16            004256da f   kernel32:KERNEL32.dll
 0001:000246e0       _GetDiskFreeSpaceA@20      004256e0 f   kernel32:KERNEL32.dll
 0001:000246e6       _GetFileSize@8             004256e6 f   kernel32:KERNEL32.dll
 0001:000246ec       _LocalFileTimeToFileTime@8 004256ec f   kernel32:KERNEL32.dll
 0001:000246f2       _SystemTimeToFileTime@8    004256f2 f   kernel32:KERNEL32.dll
 0001:000246f8       _SetFileAttributesA@8      004256f8 f   kernel32:KERNEL32.dll
 0001:000246fe       _RtlUnwind@16              004256fe f   kernel32:KERNEL32.dll
 0001:00024704       _RaiseException@16         00425704 f   kernel32:KERNEL32.dll
 0001:0002470a       _GetStartupInfoA@4         0042570a f   kernel32:KERNEL32.dll
 0001:00024710       _GetCommandLineA@0         00425710 f   kernel32:KERNEL32.dll
 0001:00024716       _ExitProcess@4             00425716 f   kernel32:KERNEL32.dll
 0001:0002471c       _HeapValidate@12           0042571c f   kernel32:KERNEL32.dll
 0001:00024722       _TerminateProcess@8        00425722 f   kernel32:KERNEL32.dll
 0001:00024728       _ExitThread@4              00425728 f   kernel32:KERNEL32.dll
 0001:0002472e       _DebugBreak@0              0042572e f   kernel32:KERNEL32.dll
 0001:00024734       _GetStdHandle@4            00425734 f   kernel32:KERNEL32.dll
 0001:0002473a       _OutputDebugStringA@4      0042573a f   kernel32:KERNEL32.dll
 0001:00024740       _GetTimeZoneInformation@4  00425740 f   kernel32:KERNEL32.dll
 0001:00024746       _GetSystemTime@4           00425746 f   kernel32:KERNEL32.dll
 0001:0002474c       _GetLocalTime@4            0042574c f   kernel32:KERNEL32.dll
 0001:00024752       _GetACP@0                  00425752 f   kernel32:KERNEL32.dll
 0001:00024758       _FatalAppExitA@8           00425758 f   kernel32:KERNEL32.dll
 0001:0002475e       _HeapFree@12               0042575e f   kernel32:KERNEL32.dll
 0001:00024764       _SetUnhandledExceptionFilter@4 00425764 f   kernel32:KERNEL32.dll
 0001:0002476a       _UnhandledExceptionFilter@4 0042576a f   kernel32:KERNEL32.dll
 0001:00024770       _FreeEnvironmentStringsA@4 00425770 f   kernel32:KERNEL32.dll
 0001:00024776       _FreeEnvironmentStringsW@4 00425776 f   kernel32:KERNEL32.dll
 0001:0002477c       _GetEnvironmentStrings@0   0042577c f   kernel32:KERNEL32.dll
 0001:00024782       _GetEnvironmentStringsW@0  00425782 f   kernel32:KERNEL32.dll
 0001:00024788       _SetHandleCount@4          00425788 f   kernel32:KERNEL32.dll
 0001:0002478e       _GetFileType@4             0042578e f   kernel32:KERNEL32.dll
 0001:00024794       _HeapDestroy@4             00425794 f   kernel32:KERNEL32.dll
 0001:0002479a       _HeapCreate@12             0042579a f   kernel32:KERNEL32.dll
 0001:000247a0       _VirtualFree@12            004257a0 f   kernel32:KERNEL32.dll
 0001:000247a6       _HeapAlloc@12              004257a6 f   kernel32:KERNEL32.dll
 0001:000247ac       _HeapReAlloc@16            004257ac f   kernel32:KERNEL32.dll
 0001:000247b2       _VirtualAlloc@16           004257b2 f   kernel32:KERNEL32.dll
 0001:000247b8       _LCMapStringA@24           004257b8 f   kernel32:KERNEL32.dll
 0001:000247be       _LCMapStringW@24           004257be f   kernel32:KERNEL32.dll
 0001:000247c4       _CompareStringA@24         004257c4 f   kernel32:KERNEL32.dll
 0001:000247ca       _CompareStringW@24         004257ca f   kernel32:KERNEL32.dll
 0001:000247d0       _SetConsoleCtrlHandler@8   004257d0 f   kernel32:KERNEL32.dll
 0001:000247d6       _GetStringTypeA@20         004257d6 f   kernel32:KERNEL32.dll
 0001:000247dc       _GetStringTypeW@16         004257dc f   kernel32:KERNEL32.dll
 0001:000247e2       _IsBadCodePtr@4            004257e2 f   kernel32:KERNEL32.dll
 0001:000247e8       _IsValidLocale@8           004257e8 f   kernel32:KERNEL32.dll
 0001:000247ee       _IsValidCodePage@4         004257ee f   kernel32:KERNEL32.dll
 0001:000247f4       _GetLocaleInfoA@16         004257f4 f   kernel32:KERNEL32.dll
 0001:000247fa       _EnumSystemLocalesA@8      004257fa f   kernel32:KERNEL32.dll
 0001:00024800       _GetUserDefaultLCID@0      00425800 f   kernel32:KERNEL32.dll
 0001:00024806       _GetVersionExA@4           00425806 f   kernel32:KERNEL32.dll
 0001:0002480c       _SetStdHandle@8            0042580c f   kernel32:KERNEL32.dll
 0001:00024812       _SetEnvironmentVariableA@8 00425812 f   kernel32:KERNEL32.dll
 0001:00024818       _GetLocaleInfoW@16         00425818 f   kernel32:KERNEL32.dll
 0001:0002481e       _PostThreadMessageA@16     0042581e f   user32:USER32.dll
 0001:00024824       _DefWindowProcA@16         00425824 f   user32:USER32.dll
 0001:0002482a       _GetClassInfoA@12          0042582a f   user32:USER32.dll
 0001:00024830       _GetSysColor@4             00425830 f   user32:USER32.dll
 0001:00024836       _GetKeyState@4             00425836 f   user32:USER32.dll
 0001:0002483c       _SetKeyboardState@4        0042583c f   user32:USER32.dll
 0001:00024842       _GetKeyboardState@4        00425842 f   user32:USER32.dll
 0001:00024848       _GetDesktopWindow@0        00425848 f   user32:USER32.dll
 0001:0002484e       _ReleaseCapture@0          0042584e f   user32:USER32.dll
 0001:00024854       _SystemParametersInfoA@16  00425854 f   user32:USER32.dll
 0001:0002485a       _PeekMessageA@20           0042585a f   user32:USER32.dll
 0001:00024860       _GetSystemMetrics@4        00425860 f   user32:USER32.dll
 0001:00024866       _GetWindowRect@8           00425866 f   user32:USER32.dll
 0001:0002486c       _GetWindowPlacement@8      0042586c f   user32:USER32.dll
 0001:00024872       _IsIconic@4                00425872 f   user32:USER32.dll
 0001:00024878       _IntersectRect@12          00425878 f   user32:USER32.dll
 0001:0002487e       _OffsetRect@12             0042587e f   user32:USER32.dll
 0001:00024884       _RegisterWindowMessageA@4  00425884 f   user32:USER32.dll
 0001:0002488a       _SetWindowPos@28           0042588a f   user32:USER32.dll
 0001:00024890       _SetWindowLongA@12         00425890 f   user32:USER32.dll
 0001:00024896       _GetWindowLongA@8          00425896 f   user32:USER32.dll
 0001:0002489c       _GetMessagePos@0           0042589c f   user32:USER32.dll
 0001:000248a2       _GetMessageTime@0          004258a2 f   user32:USER32.dll
 0001:000248a8       _RemovePropA@8             004258a8 f   user32:USER32.dll
 0001:000248ae       _CallWindowProcA@20        004258ae f   user32:USER32.dll
 0001:000248b4       _GetPropA@8                004258b4 f   user32:USER32.dll
 0001:000248ba       _UnhookWindowsHookEx@4     004258ba f   user32:USER32.dll
 0001:000248c0       _SetPropA@12               004258c0 f   user32:USER32.dll
 0001:000248c6       _GetClassLongA@8           004258c6 f   user32:USER32.dll
 0001:000248cc       _CallNextHookEx@16         004258cc f   user32:USER32.dll
 0001:000248d2       _SetWindowsHookExA@16      004258d2 f   user32:USER32.dll
 0001:000248d8       _CreateWindowExA@48        004258d8 f   user32:USER32.dll
 0001:000248de       _IsWindow@4                004258de f   user32:USER32.dll
 0001:000248e4       _GetDlgCtrlID@4            004258e4 f   user32:USER32.dll
 0001:000248ea       _GetClassNameA@12          004258ea f   user32:USER32.dll
 0001:000248f0       _SendMessageA@16           004258f0 f   user32:USER32.dll
 0001:000248f6       _DestroyWindow@4           004258f6 f   user32:USER32.dll
 0001:000248fc       _GetWindowTextA@12         004258fc f   user32:USER32.dll
 0001:00024902       _GetWindowTextLengthA@4    00425902 f   user32:USER32.dll
 0001:00024908       _GetDlgItem@8              00425908 f   user32:USER32.dll
 0001:0002490e       _SetWindowPlacement@8      0042590e f   user32:USER32.dll
 0001:00024914       _TrackPopupMenu@28         00425914 f   user32:USER32.dll
 0001:0002491a       _RegisterClassA@4          0042591a f   user32:USER32.dll
 0001:00024920       _wsprintfA                 00425920 f   user32:USER32.dll
 0001:00024926       _WinHelpA@16               00425926 f   user32:USER32.dll
 0001:0002492c       _GetCapture@0              0042592c f   user32:USER32.dll
 0001:00024932       _GetWindow@8               00425932 f   user32:USER32.dll
 0001:00024938       _GetParent@4               00425938 f   user32:USER32.dll
 0001:0002493e       _IsChild@8                 0042593e f   user32:USER32.dll
 0001:00024944       _MessageBoxA@16            00425944 f   user32:USER32.dll
 0001:0002494a       _GetTopWindow@4            0042594a f   user32:USER32.dll
 0001:00024950       _SetScrollPos@16           00425950 f   user32:USER32.dll
 0001:00024956       _GetScrollPos@8            00425956 f   user32:USER32.dll
 0001:0002495c       _SetScrollRange@20         0042595c f   user32:USER32.dll
 0001:00024962       _GetScrollRange@16         00425962 f   user32:USER32.dll
 0001:00024968       _SetScrollInfo@16          00425968 f   user32:USER32.dll
 0001:0002496e       _GetScrollInfo@12          0042596e f   user32:USER32.dll
 0001:00024974       _ScrollWindow@20           00425974 f   user32:USER32.dll
 0001:0002497a       _EndDeferWindowPos@4       0042597a f   user32:USER32.dll
 0001:00024980       _CopyRect@8                00425980 f   user32:USER32.dll
 0001:00024986       _BeginDeferWindowPos@4     00425986 f   user32:USER32.dll
 0001:0002498c       _DeferWindowPos@32         0042598c f   user32:USER32.dll
 0001:00024992       _EqualRect@8               00425992 f   user32:USER32.dll
 0001:00024998       _ScreenToClient@8          00425998 f   user32:USER32.dll
 0001:0002499e       _AdjustWindowRectEx@16     0042599e f   user32:USER32.dll
 0001:000249a4       _SetFocus@4                004259a4 f   user32:USER32.dll
 0001:000249aa       _SetActiveWindow@4         004259aa f   user32:USER32.dll
 0001:000249b0       _GetFocus@0                004259b0 f   user32:USER32.dll
 0001:000249b6       _DispatchMessageA@4        004259b6 f   user32:USER32.dll
 0001:000249bc       _MapWindowPoints@16        004259bc f   user32:USER32.dll
 0001:000249c2       _GetClientRect@8           004259c2 f   user32:USER32.dll
 0001:000249c8       _SendDlgItemMessageA@20    004259c8 f   user32:USER32.dll
 0001:000249ce       _LoadIconA@8               004259ce f   user32:USER32.dll
 0001:000249d4       _IsRectEmpty@4             004259d4 f   user32:USER32.dll
 0001:000249da       _PtInRect@12               004259da f   user32:USER32.dll
 0001:000249e0       _SetRect@20                004259e0 f   user32:USER32.dll
 0001:000249e6       _SetRectEmpty@4            004259e6 f   user32:USER32.dll
 0001:000249ec       _InflateRect@12            004259ec f   user32:USER32.dll
 0001:000249f2       _UnionRect@12              004259f2 f   user32:USER32.dll
 0001:000249f8       _SubtractRect@12           004259f8 f   user32:USER32.dll
 0001:000249fe       _GetSysColorBrush@4        004259fe f   user32:USER32.dll
 0001:00024a04       _LoadBitmapA@8             00425a04 f   user32:USER32.dll
 0001:00024a0a       _WindowFromDC@4            00425a0a f   user32:USER32.dll
 0001:00024a10       _ExcludeUpdateRgn@8        00425a10 f   user32:USER32.dll
 0001:00024a16       _FillRect@12               00425a16 f   user32:USER32.dll
 0001:00024a1c       _FrameRect@12              00425a1c f   user32:USER32.dll
 0001:00024a22       _InvertRect@8              00425a22 f   user32:USER32.dll
 0001:00024a28       _DrawIcon@16               00425a28 f   user32:USER32.dll
 0001:00024a2e       _DrawStateA@40             00425a2e f   user32:USER32.dll
 0001:00024a34       _DrawEdge@16               00425a34 f   user32:USER32.dll
 0001:00024a3a       _DrawFrameControl@16       00425a3a f   user32:USER32.dll
 0001:00024a40       _DrawFocusRect@8           00425a40 f   user32:USER32.dll
[...]
 0004:000015c0       __imp__WaitForSingleObject@8 0054e5c0     kernel32:KERNEL32.dll
 0004:000015c4       \177KERNEL32_NULL_THUNK_DATA 0054e5c4     kernel32:KERNEL32.dll
 0004:00001670       __imp__ExtractIconA@12     0054e670     shell32:SHELL32.dll
 0004:00001674       __imp__DragFinish@4        0054e674     shell32:SHELL32.dll
 0004:00001678       __imp__DragAcceptFiles@8   0054e678     shell32:SHELL32.dll
 0004:0000167c       __imp__DragQueryFileA@16   0054e67c     shell32:SHELL32.dll
 0004:00001680       __imp__SHGetFileInfoA@20   0054e680     shell32:SHELL32.dll
 0004:00001684       \177SHELL32_NULL_THUNK_DATA 0054e684     shell32:SHELL32.dll
 0004:000016b4       __imp__GetNextDlgTabItem@12 0054e6b4     user32:USER32.dll
 0004:000016b8       __imp__OemToCharA@8        0054e6b8     user32:USER32.dll
 0004:000016bc       __imp__CharToOemA@8        0054e6bc     user32:USER32.dll
 0004:000016c0       __imp__GetMenuCheckMarkDimensions@0 0054e6c0     user32:USER32.dll
 0004:000016c4       __imp__IsWindowEnabled@4   0054e6c4     user32:USER32.dll
 0004:000016c8       __imp__ShowWindow@8        0054e6c8     user32:USER32.dll
 0004:000016cc       __imp__MoveWindow@24       0054e6cc     user32:USER32.dll
 0004:000016d0       __imp__SetWindowTextA@8    0054e6d0     user32:USER32.dll
 0004:000016d4       __imp__IsDialogMessageA@8  0054e6d4     user32:USER32.dll
 0004:000016d8       __imp__ScrollWindowEx@32   0054e6d8     user32:USER32.dll
 0004:000016dc       __imp__IsDlgButtonChecked@8 0054e6dc     user32:USER32.dll
 0004:000016e0       __imp__SetDlgItemTextA@12  0054e6e0     user32:USER32.dll
 0004:000016e4       __imp__SetDlgItemInt@16    0054e6e4     user32:USER32.dll
 0004:000016e8       __imp__GetDlgItemTextA@16  0054e6e8     user32:USER32.dll
 0004:000016ec       __imp__GetDlgItemInt@16    0054e6ec     user32:USER32.dll
 0004:000016f0       __imp__CheckRadioButton@16 0054e6f0     user32:USER32.dll
 0004:000016f4       __imp__CheckDlgButton@12   0054e6f4     user32:USER32.dll
 0004:000016f8       __imp__OpenIcon@4          0054e6f8     user32:USER32.dll
 0004:000016fc       __imp__CloseWindow@4       0054e6fc     user32:USER32.dll
 0004:00001700       __imp__LoadCursorA@8       0054e700     user32:USER32.dll
 0004:00001704       __imp__MapDialogRect@8     0054e704     user32:USER32.dll
 0004:00001708       __imp__EnableWindow@8      0054e708     user32:USER32.dll
 0004:0000170c       __imp__GetWindowContextHelpId@4 0054e70c     user32:USER32.dll
 0004:00001710       __imp__SetWindowContextHelpId@8 0054e710     user32:USER32.dll
 0004:00001714       __imp__SendNotifyMessageA@16 0054e714     user32:USER32.dll
 0004:00001718       __imp__GetForegroundWindow@0 0054e718     user32:USER32.dll
 0004:0000171c       __imp__SetForegroundWindow@4 0054e71c     user32:USER32.dll
 0004:00001720       __imp__ShowCaret@4         0054e720     user32:USER32.dll
 0004:00001724       __imp__HideCaret@4         0054e724     user32:USER32.dll
 0004:00001728       __imp__SetCaretPos@8       0054e728     user32:USER32.dll
 0004:0000172c       __imp__GetCaretPos@4       0054e72c     user32:USER32.dll
 0004:00001730       __imp__CreateCaret@16      0054e730     user32:USER32.dll
 0004:00001734       __imp__GetClipboardViewer@0 0054e734     user32:USER32.dll
 0004:00001738       __imp__GetClipboardOwner@0 0054e738     user32:USER32.dll
 0004:0000173c       __imp__GetOpenClipboardWindow@0 0054e73c     user32:USER32.dll
 0004:00001740       __imp__OpenClipboard@4     0054e740     user32:USER32.dll
 0004:00001744       __imp__SetClipboardViewer@4 0054e744     user32:USER32.dll
 0004:00001748       __imp__ChangeClipboardChain@8 0054e748     user32:USER32.dll
 0004:0000174c       __imp__FlashWindow@8       0054e74c     user32:USER32.dll
 0004:00001750       __imp__WindowFromPoint@8   0054e750     user32:USER32.dll
 0004:00001754       __imp__FindWindowA@8       0054e754     user32:USER32.dll
 0004:00001758       __imp__ChildWindowFromPointEx@16 0054e758     user32:USER32.dll
 0004:0000175c       __imp__ChildWindowFromPoint@12 0054e75c     user32:USER32.dll
 0004:00001760       __imp__SetCursor@4         0054e760     user32:USER32.dll
 0004:00001764       __imp__PostQuitMessage@4   0054e764     user32:USER32.dll
 0004:00001768       __imp__GetNextDlgGroupItem@12 0054e768     user32:USER32.dll
 0004:0000176c       __imp__DlgDirSelectExA@16  0054e76c     user32:USER32.dll
 0004:00001770       __imp__DlgDirListComboBoxA@20 0054e770     user32:USER32.dll
 0004:00001774       __imp__DlgDirListA@20      0054e774     user32:USER32.dll
 0004:00001778       __imp__SetCapture@4        0054e778     user32:USER32.dll
 0004:0000177c       __imp__GetActiveWindow@0   0054e77c     user32:USER32.dll
 0004:00001780       __imp__KillTimer@8         0054e780     user32:USER32.dll
 0004:00001784       __imp__SetTimer@16         0054e784     user32:USER32.dll
 0004:00001788       __imp__EnableScrollBar@12  0054e788     user32:USER32.dll
 0004:0000178c       __imp__RedrawWindow@16     0054e78c     user32:USER32.dll
 0004:00001790       __imp__LockWindowUpdate@4  0054e790     user32:USER32.dll
 0004:00001794       __imp__GetDCEx@12          0054e794     user32:USER32.dll
 0004:00001798       __imp__ShowOwnedPopups@8   0054e798     user32:USER32.dll
 0004:0000179c       __imp__IsWindowVisible@4   0054e79c     user32:USER32.dll
 0004:000017a0       __imp__ValidateRgn@8       0054e7a0     user32:USER32.dll
 0004:000017a4       __imp__ValidateRect@8      0054e7a4     user32:USER32.dll
 0004:000017a8       __imp__InvalidateRgn@12    0054e7a8     user32:USER32.dll
 0004:000017ac       __imp__InvalidateRect@12   0054e7ac     user32:USER32.dll
 0004:000017b0       __imp__GetUpdateRgn@12     0054e7b0     user32:USER32.dll
 0004:000017b4       __imp__GetUpdateRect@12    0054e7b4     user32:USER32.dll
 0004:000017b8       __imp__UpdateWindow@4      0054e7b8     user32:USER32.dll
 0004:000017bc       __imp__BringWindowToTop@4  0054e7bc     user32:USER32.dll
 0004:000017c0       __imp__GetWindowRgn@8      0054e7c0     user32:USER32.dll
 0004:000017c4       __imp__SetWindowRgn@12     0054e7c4     user32:USER32.dll
 0004:000017c8       __imp__ArrangeIconicWindows@4 0054e7c8     user32:USER32.dll
 0004:000017cc       __imp__IsZoomed@4          0054e7cc     user32:USER32.dll
 0004:000017d0       __imp__HiliteMenuItem@16   0054e7d0     user32:USER32.dll
 0004:000017d4       __imp__GetSystemMenu@8     0054e7d4     user32:USER32.dll
 0004:000017d8       __imp__DrawMenuBar@4       0054e7d8     user32:USER32.dll
 0004:000017dc       __imp__SetMenu@8           0054e7dc     user32:USER32.dll
 0004:000017e0       __imp__GetMenu@4           0054e7e0     user32:USER32.dll
 0004:000017e4       __imp__PostMessageA@16     0054e7e4     user32:USER32.dll
 0004:000017e8       __imp__EndPaint@8          0054e7e8     user32:USER32.dll
 0004:000017ec       __imp__BeginPaint@8        0054e7ec     user32:USER32.dll
 0004:000017f0       __imp__GetWindowDC@4       0054e7f0     user32:USER32.dll
 0004:000017f4       __imp__ReleaseDC@8         0054e7f4     user32:USER32.dll
 0004:000017f8       __imp__GetDC@4             0054e7f8     user32:USER32.dll
 0004:000017fc       __imp__ClientToScreen@8    0054e7fc     user32:USER32.dll
 0004:00001800       __imp__CheckMenuRadioItem@20 0054e800     user32:USER32.dll
 0004:00001804       __imp__GetMenuContextHelpId@4 0054e804     user32:USER32.dll
 0004:00001808       __imp__SetMenuContextHelpId@8 0054e808     user32:USER32.dll
 0004:0000180c       __imp__LoadMenuIndirectA@4 0054e80c     user32:USER32.dll
 0004:00001810       __imp__LoadMenuA@8         0054e810     user32:USER32.dll
 0004:00001814       __imp__ShowScrollBar@12    0054e814     user32:USER32.dll
 0004:00001818       __imp__TranslateMessage@4  0054e818     user32:USER32.dll
 0004:0000181c       __imp__ModifyMenuA@20      0054e81c     user32:USER32.dll
 0004:00001820       __imp__InsertMenuA@20      0054e820     user32:USER32.dll
 0004:00001824       __imp__GetSubMenu@8        0054e824     user32:USER32.dll
 0004:00001828       __imp__GetMenuItemInfoA@16 0054e828     user32:USER32.dll
 0004:0000182c       __imp__GetMenuStringA@20   0054e82c     user32:USER32.dll
 0004:00001830       __imp__GetMessageA@16      0054e830     user32:USER32.dll
 0004:00001834       __imp__GetCursorPos@4      0054e834     user32:USER32.dll
 0004:00001838       __imp__GetMenuItemCount@4  0054e838     user32:USER32.dll
 0004:0000183c       __imp__GetMenuDefaultItem@12 0054e83c     user32:USER32.dll
 0004:00001840       __imp__SetMenuDefaultItem@12 0054e840     user32:USER32.dll
 0004:00001844       __imp__EnableMenuItem@12   0054e844     user32:USER32.dll
 0004:00001848       __imp__CheckMenuItem@12    0054e848     user32:USER32.dll
 0004:0000184c       __imp__DeleteMenu@12       0054e84c     user32:USER32.dll
 0004:00001850       __imp__IsMenu@4            0054e850     user32:USER32.dll
 0004:00001854       __imp__CreatePopupMenu@0   0054e854     user32:USER32.dll
 0004:00001858       __imp__CreateMenu@0        0054e858     user32:USER32.dll
 0004:0000185c       __imp__ScrollDC@28         0054e85c     user32:USER32.dll
 0004:00001860       __imp__GrayStringA@36      0054e860     user32:USER32.dll
 0004:00001864       __imp__GetTabbedTextExtentA@20 0054e864     user32:USER32.dll
 0004:00001868       __imp__DrawTextA@20        0054e868     user32:USER32.dll
 0004:0000186c       __imp__TabbedTextOutA@32   0054e86c     user32:USER32.dll
 0004:00001870       __imp__DrawFocusRect@8     0054e870     user32:USER32.dll
 0004:00001874       __imp__DrawFrameControl@16 0054e874     user32:USER32.dll
 0004:00001878       __imp__DrawEdge@16         0054e878     user32:USER32.dll
 0004:0000187c       __imp__DrawStateA@40       0054e87c     user32:USER32.dll
 0004:00001880       __imp__DrawIcon@16         0054e880     user32:USER32.dll
 0004:00001884       __imp__InvertRect@8        0054e884     user32:USER32.dll
 0004:00001888       __imp__FrameRect@12        0054e888     user32:USER32.dll
 0004:0000188c       __imp__FillRect@12         0054e88c     user32:USER32.dll
 0004:00001890       __imp__ExcludeUpdateRgn@8  0054e890     user32:USER32.dll
 0004:00001894       __imp__WindowFromDC@4      0054e894     user32:USER32.dll
 0004:00001898       __imp__LoadBitmapA@8       0054e898     user32:USER32.dll
 0004:0000189c       __imp__GetSysColorBrush@4  0054e89c     user32:USER32.dll
 0004:000018a0       __imp__SubtractRect@12     0054e8a0     user32:USER32.dll
 0004:000018a4       __imp__UnionRect@12        0054e8a4     user32:USER32.dll
 0004:000018a8       __imp__InflateRect@12      0054e8a8     user32:USER32.dll
 0004:000018ac       __imp__SetRectEmpty@4      0054e8ac     user32:USER32.dll
 0004:000018b0       __imp__SetRect@20          0054e8b0     user32:USER32.dll
 0004:000018b4       __imp__PtInRect@12         0054e8b4     user32:USER32.dll
 0004:000018b8       __imp__IsRectEmpty@4       0054e8b8     user32:USER32.dll
 0004:000018bc       __imp__LoadIconA@8         0054e8bc     user32:USER32.dll
 0004:000018c0       __imp__SendDlgItemMessageA@20 0054e8c0     user32:USER32.dll
 0004:000018c4       __imp__GetClientRect@8     0054e8c4     user32:USER32.dll
 0004:000018c8       __imp__MapWindowPoints@16  0054e8c8     user32:USER32.dll
 0004:000018cc       __imp__DispatchMessageA@4  0054e8cc     user32:USER32.dll
 0004:000018d0       __imp__GetFocus@0          0054e8d0     user32:USER32.dll
 0004:000018d4       __imp__SetActiveWindow@4   0054e8d4     user32:USER32.dll
 0004:000018d8       __imp__SetFocus@4          0054e8d8     user32:USER32.dll
 0004:000018dc       __imp__AdjustWindowRectEx@16 0054e8dc     user32:USER32.dll
 0004:000018e0       __imp__ScreenToClient@8    0054e8e0     user32:USER32.dll
 0004:000018e4       __imp__EqualRect@8         0054e8e4     user32:USER32.dll
 0004:000018e8       __imp__DeferWindowPos@32   0054e8e8     user32:USER32.dll
 0004:000018ec       __imp__BeginDeferWindowPos@4 0054e8ec     user32:USER32.dll
 0004:000018f0       __imp__CopyRect@8          0054e8f0     user32:USER32.dll
 0004:000018f4       __imp__EndDeferWindowPos@4 0054e8f4     user32:USER32.dll
 0004:000018f8       __imp__ScrollWindow@20     0054e8f8     user32:USER32.dll
 0004:000018fc       __imp__GetScrollInfo@12    0054e8fc     user32:USER32.dll
 0004:00001900       __imp__SetScrollInfo@16    0054e900     user32:USER32.dll
 0004:00001904       __imp__GetScrollRange@16   0054e904     user32:USER32.dll
 0004:00001908       __imp__SetScrollRange@20   0054e908     user32:USER32.dll
 0004:0000190c       __imp__GetScrollPos@8      0054e90c     user32:USER32.dll
 0004:00001910       __imp__SetScrollPos@16     0054e910     user32:USER32.dll
 0004:00001914       __imp__GetTopWindow@4      0054e914     user32:USER32.dll
 0004:00001918       __imp__MessageBoxA@16      0054e918     user32:USER32.dll
 0004:0000191c       __imp__IsChild@8           0054e91c     user32:USER32.dll
 0004:00001920       __imp__GetParent@4         0054e920     user32:USER32.dll
 0004:00001924       __imp__GetWindow@8         0054e924     user32:USER32.dll
 0004:00001928       __imp__GetCapture@0        0054e928     user32:USER32.dll
 0004:0000192c       __imp__WinHelpA@16         0054e92c     user32:USER32.dll
 0004:00001930       __imp__wsprintfA           0054e930     user32:USER32.dll
 0004:00001934       __imp__RegisterClassA@4    0054e934     user32:USER32.dll
 0004:00001938       __imp__TrackPopupMenu@28   0054e938     user32:USER32.dll
 0004:0000193c       __imp__SetWindowPlacement@8 0054e93c     user32:USER32.dll
 0004:00001940       __imp__GetDlgItem@8        0054e940     user32:USER32.dll
 0004:00001944       __imp__GetWindowTextLengthA@4 0054e944     user32:USER32.dll
 0004:00001948       __imp__GetWindowTextA@12   0054e948     user32:USER32.dll
 0004:0000194c       __imp__DestroyWindow@4     0054e94c     user32:USER32.dll
 0004:00001950       __imp__SendMessageA@16     0054e950     user32:USER32.dll
 0004:00001954       __imp__GetClassNameA@12    0054e954     user32:USER32.dll
 0004:00001958       __imp__GetDlgCtrlID@4      0054e958     user32:USER32.dll
 0004:0000195c       __imp__IsWindow@4          0054e95c     user32:USER32.dll
 0004:00001960       __imp__CreateWindowExA@48  0054e960     user32:USER32.dll
 0004:00001964       __imp__EndDialog@8         0054e964     user32:USER32.dll
 0004:00001968       __imp__SetWindowsHookExA@16 0054e968     user32:USER32.dll
 0004:0000196c       __imp__CallNextHookEx@16   0054e96c     user32:USER32.dll
 0004:00001970       __imp__GetClassLongA@8     0054e970     user32:USER32.dll
 0004:00001974       __imp__SetPropA@12         0054e974     user32:USER32.dll
 0004:00001978       __imp__UnhookWindowsHookEx@4 0054e978     user32:USER32.dll
 0004:0000197c       __imp__GetPropA@8          0054e97c     user32:USER32.dll
 0004:00001980       __imp__GetClipboardFormatNameA@12 0054e980     user32:USER32.dll
 0004:00001984       __imp__UnpackDDElParam@16  0054e984     user32:USER32.dll
 0004:00001988       __imp__DestroyMenu@4       0054e988     user32:USER32.dll
 0004:0000198c       __imp__GetAsyncKeyState@4  0054e98c     user32:USER32.dll
 0004:00001990       __imp__SetCursorPos@8      0054e990     user32:USER32.dll
 0004:00001994       __imp__DestroyCursor@4     0054e994     user32:USER32.dll
 0004:00001998       __imp__LoadStringA@16      0054e998     user32:USER32.dll
 0004:0000199c       __imp__WaitMessage@0       0054e99c     user32:USER32.dll
 0004:000019a0       __imp__GetWindowThreadProcessId@8 0054e9a0     user32:USER32.dll
 0004:000019a4       __imp__LoadAcceleratorsA@8 0054e9a4     user32:USER32.dll
 0004:000019a8       __imp__TranslateAcceleratorA@12 0054e9a8     user32:USER32.dll
 0004:000019ac       __imp__ReuseDDElParam@20   0054e9ac     user32:USER32.dll
 0004:000019b0       __imp__GetDialogBaseUnits@0 0054e9b0     user32:USER32.dll
 0004:000019b4       __imp__CharUpperA@4        0054e9b4     user32:USER32.dll
 0004:000019b8       __imp__DestroyIcon@4       0054e9b8     user32:USER32.dll
 0004:000019bc       __imp__GetMenuState@12     0054e9bc     user32:USER32.dll
 0004:000019c0       __imp__CreateDialogIndirectParamA@20 0054e9c0     user32:USER32.dll
 0004:000019c4       __imp__GetMenuItemID@8     0054e9c4     user32:USER32.dll
 0004:000019c8       __imp__SetMenuItemBitmaps@20 0054e9c8     user32:USER32.dll
 0004:000019cc       __imp__RemoveMenu@12       0054e9cc     user32:USER32.dll
 0004:000019d0       __imp__AppendMenuA@16      0054e9d0     user32:USER32.dll
 0004:000019d4       __imp__CallWindowProcA@20  0054e9d4     user32:USER32.dll
 0004:000019d8       __imp__RemovePropA@8       0054e9d8     user32:USER32.dll
 0004:000019dc       __imp__GetMessageTime@0    0054e9dc     user32:USER32.dll
 0004:000019e0       __imp__GetMessagePos@0     0054e9e0     user32:USER32.dll
 0004:000019e4       __imp__GetWindowLongA@8    0054e9e4     user32:USER32.dll
 0004:000019e8       __imp__SetWindowLongA@12   0054e9e8     user32:USER32.dll
 0004:000019ec       __imp__SetWindowPos@28     0054e9ec     user32:USER32.dll
 0004:000019f0       __imp__RegisterWindowMessageA@4 0054e9f0     user32:USER32.dll
 0004:000019f4       __imp__OffsetRect@12       0054e9f4     user32:USER32.dll
 0004:000019f8       __imp__IntersectRect@12    0054e9f8     user32:USER32.dll
 0004:000019fc       __imp__IsIconic@4          0054e9fc     user32:USER32.dll
 0004:00001a00       __imp__GetWindowPlacement@8 0054ea00     user32:USER32.dll
 0004:00001a04       __imp__GetWindowRect@8     0054ea04     user32:USER32.dll
 0004:00001a08       __imp__GetSystemMetrics@4  0054ea08     user32:USER32.dll
 0004:00001a0c       __imp__PeekMessageA@20     0054ea0c     user32:USER32.dll
 0004:00001a10       __imp__SystemParametersInfoA@16 0054ea10     user32:USER32.dll
 0004:00001a14       __imp__ReleaseCapture@0    0054ea14     user32:USER32.dll
 0004:00001a18       __imp__GetDesktopWindow@0  0054ea18     user32:USER32.dll
 0004:00001a1c       __imp__GetKeyboardState@4  0054ea1c     user32:USER32.dll
 0004:00001a20       __imp__SetKeyboardState@4  0054ea20     user32:USER32.dll
 0004:00001a24       __imp__GetKeyState@4       0054ea24     user32:USER32.dll
 0004:00001a28       __imp__GetSysColor@4       0054ea28     user32:USER32.dll
 0004:00001a2c       __imp__GetClassInfoA@12    0054ea2c     user32:USER32.dll
 0004:00001a30       __imp__DefWindowProcA@16   0054ea30     user32:USER32.dll
 0004:00001a34       __imp__PostThreadMessageA@16 0054ea34     user32:USER32.dll
 0004:00001a38       __imp__SetParent@8         0054ea38     user32:USER32.dll
 0004:00001a3c       __imp__DlgDirSelectComboBoxExA@16 0054ea3c     user32:USER32.dll
 0004:00001a40       __imp__GetLastActivePopup@4 0054ea40     user32:USER32.dll
 0004:00001a44       __imp__IsWindowUnicode@4   0054ea44     user32:USER32.dll
 0004:00001a48       __imp__UnregisterClassA@8  0054ea48     user32:USER32.dll
 0004:00001a4c       __imp__DefDlgProcA@16      0054ea4c     user32:USER32.dll
 0004:00001a50       __imp__CharNextA@4         0054ea50     user32:USER32.dll
 0004:00001a54       \177USER32_NULL_THUNK_DATA 0054ea54     user32:USER32.dll
 0004:00001b38       __imp__ClosePrinter@4      0054eb38     winspool:WINSPOOL.DRV
 0004:00001b3c       __imp__DocumentPropertiesA@24 0054eb3c     winspool:WINSPOOL.DRV
 0004:00001b40       __imp__OpenPrinterA@12     0054eb40     winspool:WINSPOOL.DRV
 0004:00001b44       \177WINSPOOL_NULL_THUNK_DATA 0054eb44     winspool:WINSPOOL.DRV
 0004:00001b70       __imp__GetFileTitleA@12    0054eb70     comdlg32:comdlg32.dll
 0004:00001b74       __imp__ChooseColorA@4      0054eb74     comdlg32:comdlg32.dll
 0004:00001b78       __imp__GetOpenFileNameA@4  0054eb78     comdlg32:comdlg32.dll
 0004:00001b7c       __imp__GetSaveFileNameA@4  0054eb7c     comdlg32:comdlg32.dll
 0004:00001b80       \177comdlg32_NULL_THUNK_DATA 0054eb80     comdlg32:comdlg32.dll

 entry point at        0001:0000c9f0

