 RmoKbdHook

 Timestamp is 3e07b165 (Tue Dec 24 11:59:17 2002)

 Preferred load address is 10000000

 Start         Length     Name                   Class
 0001:00000000 00017410H .text                   CODE
 0001:00017410 00010000H .textbss                CODE
 0002:00000000 00001eaeH .rdata                  DATA
 0002:00001eb0 0000018dH .edata                  DATA
 0003:00000000 00000104H .CRT$XCA                DATA
 0003:00000104 00000104H .CRT$XCZ                DATA
 0003:00000208 00000104H .CRT$XIA                DATA
 0003:0000030c 00000109H .CRT$XIC                DATA
 0003:00000418 00000104H .CRT$XIZ                DATA
 0003:0000051c 00000104H .CRT$XPA                DATA
 0003:00000620 00000104H .CRT$XPX                DATA
 0003:00000724 00000104H .CRT$XPZ                DATA
 0003:00000828 00000104H .CRT$XTA                DATA
 0003:0000092c 00000104H .CRT$XTZ                DATA
 0003:00000a30 000019acH .data                   DATA
 0003:000023e0 00001cc0H .bss                    DATA
 0004:00000000 00000028H .idata$2                DATA
 0004:00000028 00000014H .idata$3                DATA
 0004:0000003c 000001c0H .idata$4                DATA
 0004:000001fc 000001c0H .idata$5                DATA
 0004:000003bc 000006fdH .idata$6                DATA

  Address         Publics by Value              Rva+Base     Lib:Object

 0001:00000040       ?KeyboardProc@@YGJHIJ@Z    10001040 f   RmoKbdHook.obj
 0001:00000150       _GETKHT                    10001150 f   RmoKbdHook.obj
 0001:00000180       _HookKbdProc               10001180 f   RmoKbdHook.obj
 0001:000001e0       _UnHookKbdProc             100011e0 f   RmoKbdHook.obj
 0001:00000230       _DllMain@12                10001230 f   RmoKbdHook.obj
 0001:00000272       _CloseHandle@4             10001272 f   kernel32:KERNEL32.dll
 0001:00000278       _WriteFile@20              10001278 f   kernel32:KERNEL32.dll
 0001:0000027e       _CreateFileA@28            1000127e f   kernel32:KERNEL32.dll
 0001:00000284       _CallNextHookEx@16         10001284 f   user32:USER32.dll
 0001:0000028a       _SetWindowsHookExA@16      1000128a f   user32:USER32.dll
 0001:00000290       _UnhookWindowsHookEx@4     10001290 f   user32:USER32.dll
 0001:000002a0       __chkesp                   100012a0 f   LIBCMTD:chkesp.obj
 0001:000002e0       __CRT_INIT@12              100012e0 f   LIBCMTD:dllcrt0.obj
 0001:00000420       __DllMainCRTStartup@12     10001420 f   LIBCMTD:dllcrt0.obj
 0001:00000520       __amsg_exit                10001520 f   LIBCMTD:dllcrt0.obj
 0001:00000560       __CrtDbgBreak              10001560 f   LIBCMTD:dbgrpt.obj
 0001:00000570       __CrtSetReportMode         10001570 f   LIBCMTD:dbgrpt.obj
 0001:000005d0       __CrtSetReportFile         100015d0 f   LIBCMTD:dbgrpt.obj
 0001:00000650       __CrtSetReportHook         10001650 f   LIBCMTD:dbgrpt.obj
 0001:00000670       __CrtDbgReport             10001670 f   LIBCMTD:dbgrpt.obj
 0001:00000d10       __cinit                    10001d10 f   LIBCMTD:crt0dat.obj
 0001:00000d50       _exit                      10001d50 f   LIBCMTD:crt0dat.obj
 0001:00000d70       __exit                     10001d70 f   LIBCMTD:crt0dat.obj
 0001:00000d90       __cexit                    10001d90 f   LIBCMTD:crt0dat.obj
 0001:00000db0       __c_exit                   10001db0 f   LIBCMTD:crt0dat.obj
 0001:00000ec0       __lockexit                 10001ec0 f   LIBCMTD:crt0dat.obj
 0001:00000ed0       __unlockexit               10001ed0 f   LIBCMTD:crt0dat.obj
 0001:00000f10       __mtinit                   10001f10 f   LIBCMTD:tidtable.obj
 0001:00000fa0       __mtterm                   10001fa0 f   LIBCMTD:tidtable.obj
 0001:00000fd0       __initptd                  10001fd0 f   LIBCMTD:tidtable.obj
 0001:00000ff0       __getptd                   10001ff0 f   LIBCMTD:tidtable.obj
 0001:00001090       __freeptd                  10002090 f   LIBCMTD:tidtable.obj
 0001:000011a0       ___threadid                100021a0 f   LIBCMTD:tidtable.obj
 0001:000011b0       ___threadhandle            100021b0 f   LIBCMTD:tidtable.obj
 0001:000011c0       __ioinit                   100021c0 f   LIBCMTD:ioinit.obj
 0001:000014f0       __ioterm                   100024f0 f   LIBCMTD:ioinit.obj
 0001:00001590       _malloc                    10002590 f   LIBCMTD:dbgheap.obj
 0001:000015b0       __malloc_dbg               100025b0 f   LIBCMTD:dbgheap.obj
 0001:000015e0       __nh_malloc                100025e0 f   LIBCMTD:dbgheap.obj
 0001:00001600       __nh_malloc_dbg            10002600 f   LIBCMTD:dbgheap.obj
 0001:00001660       __heap_alloc               10002660 f   LIBCMTD:dbgheap.obj
 0001:00001680       __heap_alloc_dbg           10002680 f   LIBCMTD:dbgheap.obj
 0001:000019a0       _calloc                    100029a0 f   LIBCMTD:dbgheap.obj
 0001:000019c0       __calloc_dbg               100029c0 f   LIBCMTD:dbgheap.obj
 0001:00001a20       _realloc                   10002a20 f   LIBCMTD:dbgheap.obj
 0001:00001a40       __realloc_dbg              10002a40 f   LIBCMTD:dbgheap.obj
 0001:00001fa0       __expand                   10002fa0 f   LIBCMTD:dbgheap.obj
 0001:00001fc0       __expand_dbg               10002fc0 f   LIBCMTD:dbgheap.obj
 0001:00002000       _free                      10003000 f   LIBCMTD:dbgheap.obj
 0001:00002020       __free_lk                  10003020 f   LIBCMTD:dbgheap.obj
 0001:00002040       __free_dbg                 10003040 f   LIBCMTD:dbgheap.obj
 0001:00002070       __free_dbg_lk              10003070 f   LIBCMTD:dbgheap.obj
 0001:00002460       __msize                    10003460 f   LIBCMTD:dbgheap.obj
 0001:00002480       __msize_dbg                10003480 f   LIBCMTD:dbgheap.obj
 0001:000025e0       __CrtSetBreakAlloc         100035e0 f   LIBCMTD:dbgheap.obj
 0001:00002600       __CrtSetDbgBlockType       10003600 f   LIBCMTD:dbgheap.obj
 0001:000026a0       __CrtSetAllocHook          100036a0 f   LIBCMTD:dbgheap.obj
 0001:00002750       __CrtCheckMemory           10003750 f   LIBCMTD:dbgheap.obj
 0001:00002ac0       __CrtSetDbgFlag            10003ac0 f   LIBCMTD:dbgheap.obj
 0001:00002af0       __CrtDoForAllClientObjects 10003af0 f   LIBCMTD:dbgheap.obj
 0001:00002b60       __CrtIsValidPointer        10003b60 f   LIBCMTD:dbgheap.obj
 0001:00002bb0       __CrtIsValidHeapPointer    10003bb0 f   LIBCMTD:dbgheap.obj
 0001:00002c40       __CrtIsMemoryBlock         10003c40 f   LIBCMTD:dbgheap.obj
 0001:00002d30       __CrtSetDumpClient         10003d30 f   LIBCMTD:dbgheap.obj
 0001:00002d50       __CrtMemCheckpoint         10003d50 f   LIBCMTD:dbgheap.obj
 0001:00002ec0       __CrtMemDifference         10003ec0 f   LIBCMTD:dbgheap.obj
 0001:00002ff0       __CrtMemDumpAllObjectsSince 10003ff0 f   LIBCMTD:dbgheap.obj
 0001:000033d0       __CrtDumpMemoryLeaks       100043d0 f   LIBCMTD:dbgheap.obj
 0001:00003450       __CrtMemDumpStatistics     10004450 f   LIBCMTD:dbgheap.obj
 0001:00003520       __setenvp                  10004520 f   LIBCMTD:stdenvp.obj
 0001:00003670       __setargv                  10004670 f   LIBCMTD:stdargv.obj
 0001:00003b80       ___crtGetEnvironmentStringsA 10004b80 f   LIBCMTD:a_env.obj
 0001:00003da0       __heap_init                10004da0 f   LIBCMTD:heapinit.obj
 0001:00003df0       __heap_term                10004df0 f   LIBCMTD:heapinit.obj
 0001:00003e90       __FF_MSGBANNER             10004e90 f   LIBCMTD:crt0msg.obj
 0001:00003ee0       __NMSG_WRITE               10004ee0 f   LIBCMTD:crt0msg.obj
 0001:000040a0       __GET_RTERRMSG             100050a0 f   LIBCMTD:crt0msg.obj
 0001:000040f0       __itoa                     100050f0 f   LIBCMTD:xtoa.obj
 0001:00004210       __ltoa                     10005210 f   LIBCMTD:xtoa.obj
 0001:00004250       __ultoa                    10005250 f   LIBCMTD:xtoa.obj
 0001:00004270       __i64toa                   10005270 f   LIBCMTD:xtoa.obj
 0001:000043c0       __ui64toa                  100053c0 f   LIBCMTD:xtoa.obj
 0001:000043e0       _strlen                    100053e0 f   LIBCMTD:strlen.obj
 0001:00004460       __snprintf                 10005460 f   LIBCMTD:snprintf.obj
 0001:00004560       _strcpy                    10005560 f   LIBCMTD:strcat.obj
 0001:00004570       _strcat                    10005570 f   LIBCMTD:strcat.obj
 0001:00004650       __vsnprintf                10005650 f   LIBCMTD:vsnprint.obj
 0001:00004750       __chkstk                   10005750 f   LIBCMTD:chkstk.obj
 0001:00004750       __alloca_probe             10005750 f   LIBCMTD:chkstk.obj
 0001:00004780       _signal                    10005780 f   LIBCMTD:winsig.obj
 0001:00004a50       _raise                     10005a50 f   LIBCMTD:winsig.obj
 0001:00004cf0       ___fpecode                 10005cf0 f   LIBCMTD:winsig.obj
 0001:00004d00       ___pxcptinfoptrs           10005d00 f   LIBCMTD:winsig.obj
 0001:00004d10       ___crtMessageBoxA          10005d10 f   LIBCMTD:crtmbox.obj
 0001:00004dd0       _strncpy                   10005dd0 f   LIBCMTD:strncpy.obj
 0001:00004ed0       __mtinitlocks              10005ed0 f   LIBCMTD:mlock.obj
 0001:00004f10       __mtdeletelocks            10005f10 f   LIBCMTD:mlock.obj
 0001:00004fb0       __lock                     10005fb0 f   LIBCMTD:mlock.obj
 0001:00005050       __unlock                   10006050 f   LIBCMTD:mlock.obj
 0001:00005070       __lockerr_exit             10006070 f   LIBCMTD:mlock.obj
 0001:00005090       __XcptFilter               10006090 f   LIBCMTD:winxfltr.obj
 0001:000052b0       ?_set_new_handler@@YAP6AHI@ZP6AHI@Z@Z 100062b0 f   LIBCMTD:handler.obj
 0001:000052e0       ?_query_new_handler@@YAP6AHI@ZXZ 100062e0 f   LIBCMTD:handler.obj
 0001:000052f0       __callnewh                 100062f0 f   LIBCMTD:handler.obj
 0001:00005320       _memset                    10006320 f   LIBCMTD:memset.obj
 0001:00005380       __malloc_base              10006380 f   LIBCMTD:malloc.obj
 0001:000053a0       __nh_malloc_base           100063a0 f   LIBCMTD:malloc.obj
 0001:00005400       __heap_alloc_base          10006400 f   LIBCMTD:malloc.obj
 0001:00005470       __CrtDefaultAllocHook      10006470 f   LIBCMTD:dbghook.obj
 0001:00005480       __expand_base              10006480 f   LIBCMTD:expand.obj
 0001:00005530       __realloc_base             10006530 f   LIBCMTD:realloc.obj
 0001:00005720       __free_base                10006720 f   LIBCMTD:free.obj
 0001:00005790       __heapchk                  10006790 f   LIBCMTD:heapchk.obj
 0001:00005810       __heapset                  10006810 f   LIBCMTD:heapchk.obj
 0001:00005820       __get_sbh_threshold        10006820 f   LIBCMTD:sbheap.obj
 0001:00005830       __set_sbh_threshold        10006830 f   LIBCMTD:sbheap.obj
 0001:00005850       ___sbh_heap_init           10006850 f   LIBCMTD:sbheap.obj
 0001:000058b0       ___sbh_find_block          100068b0 f   LIBCMTD:sbheap.obj
 0001:00005910       ___sbh_verify_block        10006910 f   LIBCMTD:sbheap.obj
 0001:00005970       ___sbh_free_block          10006970 f   LIBCMTD:sbheap.obj
 0001:00005f40       ___sbh_alloc_block         10006f40 f   LIBCMTD:sbheap.obj
 0001:00006480       ___sbh_alloc_new_region    10007480 f   LIBCMTD:sbheap.obj
 0001:00006590       ___sbh_alloc_new_group     10007590 f   LIBCMTD:sbheap.obj
 0001:00006780       ___sbh_resize_block        10007780 f   LIBCMTD:sbheap.obj
 0001:00006d70       ___sbh_heapmin             10007d70 f   LIBCMTD:sbheap.obj
 0001:00006ea0       ___sbh_heap_check          10007ea0 f   LIBCMTD:sbheap.obj
 0001:000074c0       _sprintf                   100084c0 f   LIBCMTD:sprintf.obj
 0001:000075c0       __isctype                  100085c0 f   LIBCMTD:isctype.obj
 0001:00007680       __setmbcp                  10008680 f   LIBCMTD:mbctype.obj
 0001:00007e40       __getmbcp                  10008e40 f   LIBCMTD:mbctype.obj
 0001:00007e60       ___initmbctable            10008e60 f   LIBCMTD:mbctype.obj
 0001:00007e90       _memcpy                    10008e90 f   LIBCMTD:memcpy.obj
 0001:000081d0       __aulldiv                  100091d0 f   LIBCMTD:ulldiv.obj
 0001:00008240       __aullrem                  10009240 f   LIBCMTD:ullrem.obj
 0001:000082c0       __flsbuf                   100092c0 f   LIBCMTD:_flsbuf.obj
 0001:00008540       __output                   10009540 f   LIBCMTD:output.obj
 0001:000093e0       __dosmaperr                1000a3e0 f   LIBCMTD:dosmap.obj
 0001:00009480       __errno                    1000a480 f   LIBCMTD:dosmap.obj
 0001:00009490       ___doserrno                1000a490 f   LIBCMTD:dosmap.obj
 0001:000094a0       _memmove                   1000a4a0 f   LIBCMTD:memmove.obj
 0001:000097e0       ___crtGetStringTypeA       1000a7e0 f   LIBCMTD:a_str.obj
 0001:000099a0       ___crtLCMapStringA         1000a9a0 f   LIBCMTD:a_map.obj
 0001:00009d00       __lseek                    1000ad00 f   LIBCMTD:lseek.obj
 0001:00009d90       __lseek_lk                 1000ad90 f   LIBCMTD:lseek.obj
 0001:00009e50       __write                    1000ae50 f   LIBCMTD:write.obj
 0001:00009ee0       __write_lk                 1000aee0 f   LIBCMTD:write.obj
 0001:0000a160       __getbuf                   1000b160 f   LIBCMTD:_getbuf.obj
 0001:0000a230       __isatty                   1000b230 f   LIBCMTD:isatty.obj
 0001:0000a270       ___initstdio               1000b270 f   LIBCMTD:_file.obj
 0001:0000a3a0       ___endstdio                1000b3a0 f   LIBCMTD:_file.obj
 0001:0000a3c0       __lock_file                1000b3c0 f   LIBCMTD:_file.obj
 0001:0000a400       __lock_file2               1000b400 f   LIBCMTD:_file.obj
 0001:0000a430       __unlock_file              1000b430 f   LIBCMTD:_file.obj
 0001:0000a470       __unlock_file2             1000b470 f   LIBCMTD:_file.obj
 0001:0000a4a0       _wctomb                    1000b4a0 f   LIBCMTD:wctomb.obj
 0001:0000a520       __wctomb_lk                1000b520 f   LIBCMTD:wctomb.obj
 0001:0000a5c0       __global_unwind2           1000b5c0 f   LIBCMTD:exsup.obj
 0001:0000a602       __local_unwind2            1000b602 f   LIBCMTD:exsup.obj
 0001:0000a65a       __NLG_Return2              1000b65a f   LIBCMTD:exsup.obj
 0001:0000a66a       __abnormal_termination     1000b66a f   LIBCMTD:exsup.obj
 0001:0000a68d       __NLG_Notify1              1000b68d f   LIBCMTD:exsup.obj
 0001:0000a696       __NLG_Notify               1000b696 f   LIBCMTD:exsup.obj
 0001:0000a6a9       __NLG_Dispatch             1000b6a9 f   LIBCMTD:exsup.obj
 0001:0000a6b8       __except_handler3          1000b6b8 f   LIBCMTD:exsup3.obj
 0001:0000a775       __seh_longjmp_unwind@4     1000b775 f   LIBCMTD:exsup3.obj
 0001:0000a790       __alloc_osfhnd             1000b790 f   LIBCMTD:osfinfo.obj
 0001:0000a980       __set_osfhnd               1000b980 f   LIBCMTD:osfinfo.obj
 0001:0000aa40       __free_osfhnd              1000ba40 f   LIBCMTD:osfinfo.obj
 0001:0000ab20       __get_osfhandle            1000bb20 f   LIBCMTD:osfinfo.obj
 0001:0000ab90       __open_osfhandle           1000bb90 f   LIBCMTD:osfinfo.obj
 0001:0000aca0       __lock_fhandle             1000bca0 f   LIBCMTD:osfinfo.obj
 0001:0000ad30       __unlock_fhandle           1000bd30 f   LIBCMTD:osfinfo.obj
 0001:0000ad60       __fcloseall                1000bd60 f   LIBCMTD:closeall.obj
 0001:0000ae40       _fflush                    1000be40 f   LIBCMTD:fflush.obj
 0001:0000ae90       __fflush_lk                1000be90 f   LIBCMTD:fflush.obj
 0001:0000aee0       __flush                    1000bee0 f   LIBCMTD:fflush.obj
 0001:0000afa0       __flushall                 1000bfa0 f   LIBCMTD:fflush.obj
 0001:0000b0f0       __fptrap                   1000c0f0 f   LIBCMTD:crt0fp.obj
 0001:0000b100       _setlocale                 1000c100 f   LIBCMTD:setlocal.obj
 0001:0000b790       __expandlocale             1000c790 f   LIBCMTD:setlocal.obj
 0001:0000b920       ___init_dummy              1000c920 f   LIBCMTD:setlocal.obj
 0001:0000b930       __strcats                  1000c930 f   LIBCMTD:setlocal.obj
 0001:0000b980       ___lc_strtolc              1000c980 f   LIBCMTD:setlocal.obj
 0001:0000bae0       ___lc_lctostr              1000cae0 f   LIBCMTD:setlocal.obj
 0001:0000bb50       _fclose                    1000cb50 f   LIBCMTD:fclose.obj
 0001:0000bbe0       __fclose_lk                1000cbe0 f   LIBCMTD:fclose.obj
 0001:0000bca0       __commit                   1000cca0 f   LIBCMTD:commit.obj
 0001:0000bd80       ___init_time               1000cd80 f   LIBCMTD:inittime.obj
 0001:0000c700       ___init_numeric            1000d700 f   LIBCMTD:initnum.obj
 0001:0000ca30       ___init_monetary           1000da30 f   LIBCMTD:initmon.obj
 0001:0000ce90       ___init_ctype              1000de90 f   LIBCMTD:initctyp.obj
 0001:0000d230       ___init_collate            1000e230 f   LIBCMTD:initcoll.obj
 0001:0000d240       _strcmp                    1000e240 f   LIBCMTD:strcmp.obj
 0001:0000d2d0       _strcspn                   1000e2d0 f   LIBCMTD:strcspn.obj
 0001:0000d310       _strncmp                   1000e310 f   LIBCMTD:strncmp.obj
 0001:0000d350       _strpbrk                   1000e350 f   LIBCMTD:strpbrk.obj
 0001:0000d390       ___get_qualified_locale    1000e390 f   LIBCMTD:getqloc.obj
 0001:0000e130       __close                    1000f130 f   LIBCMTD:close.obj
 0001:0000e1b0       __close_lk                 1000f1b0 f   LIBCMTD:close.obj
 0001:0000e260       __freebuf                  1000f260 f   LIBCMTD:_freebuf.obj
 0001:0000e300       __Getdays                  1000f300 f   LIBCMTD:strftime.obj
 0001:0000e430       __Getmonths                1000f430 f   LIBCMTD:strftime.obj
 0001:0000e560       __Gettnames                1000f560 f   LIBCMTD:strftime.obj
 0001:0000e8d0       _strftime                  1000f8d0 f   LIBCMTD:strftime.obj
 0001:0000e8f0       __Strftime                 1000f8f0 f   LIBCMTD:strftime.obj
 0001:0000f770       ___getlocaleinfo           10010770 f   LIBCMTD:inithelp.obj
 0001:0000fa00       _localeconv                10010a00 f   LIBCMTD:lconv.obj
 0001:0000fa10       ___crtGetStringTypeW       10010a10 f   LIBCMTD:w_str.obj
 0001:0000fc80       __strcmpi                  10010c80 f   LIBCMTD:stricmp.obj
 0001:0000fc80       __stricmp                  10010c80 f   LIBCMTD:stricmp.obj
 0001:0000fd50       __strnicmp                 10010d50 f   LIBCMTD:strnicmp.obj
 0001:0000fe60       _atol                      10010e60 f   LIBCMTD:atox.obj
 0001:0000ff60       _atoi                      10010f60 f   LIBCMTD:atox.obj
 0001:0000ff80       __atoi64                   10010f80 f   LIBCMTD:atox.obj
 0001:000100b0       ___tzset                   100110b0 f   LIBCMTD:tzset.obj
 0001:000100f0       __tzset                    100110f0 f   LIBCMTD:tzset.obj
 0001:000104c0       __isindst                  100114c0 f   LIBCMTD:tzset.obj
 0001:000109f0       ___crtGetLocaleInfoW       100119f0 f   LIBCMTD:w_loc.obj
 0001:00010b90       ___crtGetLocaleInfoA       10011b90 f   LIBCMTD:a_loc.obj
 0001:00010d40       __tolower                  10011d40 f   LIBCMTD:tolower.obj
 0001:00010d50       _tolower                   10011d50 f   LIBCMTD:tolower.obj
 0001:00010df0       __tolower_lk               10011df0 f   LIBCMTD:tolower.obj
 0001:00010f20       __allmul                   10011f20 f   LIBCMTD:llmul.obj
 0001:00010f60       _getenv                    10011f60 f   LIBCMTD:getenv.obj
 0001:00010f90       __getenv_lk                10011f90 f   LIBCMTD:getenv.obj
 0001:00011060       __mbsnbicoll               10012060 f   LIBCMTD:mbsnbico.obj
 0001:000110b0       ___wtomb_environ           100120b0 f   LIBCMTD:wtombenv.obj
 0001:00011160       ___crtCompareStringA       10012160 f   LIBCMTD:a_cmp.obj
 0001:000115b0       ___crtsetenv               100125b0 f   LIBCMTD:setenv.obj
 0001:00011a00       __mbschr                   10012a00 f   LIBCMTD:mbschr.obj
 0001:00011b00       _strchr                    10012b00 f   LIBCMTD:strchr.obj
 0001:00011b06       ___from_strstr_to_strchr   10012b06 f   LIBCMTD:strchr.obj
 0001:00011bbc       _GetCommandLineA@0         10012bbc f   kernel32:KERNEL32.dll
 0001:00011bc2       _GetVersion@0              10012bc2 f   kernel32:KERNEL32.dll
 0001:00011bc8       _DebugBreak@0              10012bc8 f   kernel32:KERNEL32.dll
 0001:00011bce       _GetStdHandle@4            10012bce f   kernel32:KERNEL32.dll
 0001:00011bd4       _InterlockedDecrement@4    10012bd4 f   kernel32:KERNEL32.dll
 0001:00011bda       _OutputDebugStringA@4      10012bda f   kernel32:KERNEL32.dll
 0001:00011be0       _GetProcAddress@8          10012be0 f   kernel32:KERNEL32.dll
 0001:00011be6       _LoadLibraryA@4            10012be6 f   kernel32:KERNEL32.dll
 0001:00011bec       _InterlockedIncrement@4    10012bec f   kernel32:KERNEL32.dll
 0001:00011bf2       _GetModuleFileNameA@12     10012bf2 f   kernel32:KERNEL32.dll
 0001:00011bf8       _ExitProcess@4             10012bf8 f   kernel32:KERNEL32.dll
 0001:00011bfe       _TerminateProcess@8        10012bfe f   kernel32:KERNEL32.dll
 0001:00011c04       _GetCurrentProcess@0       10012c04 f   kernel32:KERNEL32.dll
 0001:00011c0a       _GetCurrentThreadId@0      10012c0a f   kernel32:KERNEL32.dll
 0001:00011c10       _TlsSetValue@8             10012c10 f   kernel32:KERNEL32.dll
 0001:00011c16       _TlsAlloc@0                10012c16 f   kernel32:KERNEL32.dll
 0001:00011c1c       _TlsFree@4                 10012c1c f   kernel32:KERNEL32.dll
 0001:00011c22       _SetLastError@4            10012c22 f   kernel32:KERNEL32.dll
 0001:00011c28       _TlsGetValue@4             10012c28 f   kernel32:KERNEL32.dll
 0001:00011c2e       _GetLastError@0            10012c2e f   kernel32:KERNEL32.dll
 0001:00011c34       _GetCurrentThread@0        10012c34 f   kernel32:KERNEL32.dll
 0001:00011c3a       _SetHandleCount@4          10012c3a f   kernel32:KERNEL32.dll
 0001:00011c40       _GetFileType@4             10012c40 f   kernel32:KERNEL32.dll
 0001:00011c46       _GetStartupInfoA@4         10012c46 f   kernel32:KERNEL32.dll
 0001:00011c4c       _DeleteCriticalSection@4   10012c4c f   kernel32:KERNEL32.dll
 0001:00011c52       _IsBadWritePtr@8           10012c52 f   kernel32:KERNEL32.dll
 0001:00011c58       _IsBadReadPtr@8            10012c58 f   kernel32:KERNEL32.dll
 0001:00011c5e       _HeapValidate@12           10012c5e f   kernel32:KERNEL32.dll
 0001:00011c64       _FreeEnvironmentStringsA@4 10012c64 f   kernel32:KERNEL32.dll
 0001:00011c6a       _FreeEnvironmentStringsW@4 10012c6a f   kernel32:KERNEL32.dll
 0001:00011c70       _WideCharToMultiByte@32    10012c70 f   kernel32:KERNEL32.dll
 0001:00011c76       _GetEnvironmentStrings@0   10012c76 f   kernel32:KERNEL32.dll
 0001:00011c7c       _GetEnvironmentStringsW@0  10012c7c f   kernel32:KERNEL32.dll
 0001:00011c82       _HeapDestroy@4             10012c82 f   kernel32:KERNEL32.dll
 0001:00011c88       _HeapCreate@12             10012c88 f   kernel32:KERNEL32.dll
 0001:00011c8e       _HeapFree@12               10012c8e f   kernel32:KERNEL32.dll
 0001:00011c94       _VirtualFree@12            10012c94 f   kernel32:KERNEL32.dll
 0001:00011c9a       _SetConsoleCtrlHandler@8   10012c9a f   kernel32:KERNEL32.dll
 0001:00011ca0       _InitializeCriticalSection@4 10012ca0 f   kernel32:KERNEL32.dll
 0001:00011ca6       _EnterCriticalSection@4    10012ca6 f   kernel32:KERNEL32.dll
 0001:00011cac       _LeaveCriticalSection@4    10012cac f   kernel32:KERNEL32.dll
 0001:00011cb2       _FatalAppExitA@8           10012cb2 f   kernel32:KERNEL32.dll
 0001:00011cb8       _UnhandledExceptionFilter@4 10012cb8 f   kernel32:KERNEL32.dll
 0001:00011cbe       _HeapAlloc@12              10012cbe f   kernel32:KERNEL32.dll
 0001:00011cc4       _HeapReAlloc@16            10012cc4 f   kernel32:KERNEL32.dll
 0001:00011cca       _VirtualAlloc@16           10012cca f   kernel32:KERNEL32.dll
 0001:00011cd0       _GetCPInfo@8               10012cd0 f   kernel32:KERNEL32.dll
 0001:00011cd6       _GetACP@0                  10012cd6 f   kernel32:KERNEL32.dll
 0001:00011cdc       _GetOEMCP@0                10012cdc f   kernel32:KERNEL32.dll
 0001:00011ce2       _MultiByteToWideChar@24    10012ce2 f   kernel32:KERNEL32.dll
 0001:00011ce8       _GetStringTypeA@20         10012ce8 f   kernel32:KERNEL32.dll
 0001:00011cee       _GetStringTypeW@16         10012cee f   kernel32:KERNEL32.dll
 0001:00011cf4       _LCMapStringA@24           10012cf4 f   kernel32:KERNEL32.dll
 0001:00011cfa       _LCMapStringW@24           10012cfa f   kernel32:KERNEL32.dll
 0001:00011d00       _SetFilePointer@16         10012d00 f   kernel32:KERNEL32.dll
 0001:00011d06       _RtlUnwind@16              10012d06 f   kernel32:KERNEL32.dll
 0001:00011d0c       _SetStdHandle@8            10012d0c f   kernel32:KERNEL32.dll
 0001:00011d12       _Sleep@4                   10012d12 f   kernel32:KERNEL32.dll
 0001:00011d18       _FlushFileBuffers@4        10012d18 f   kernel32:KERNEL32.dll
 0001:00011d1e       _IsValidLocale@8           10012d1e f   kernel32:KERNEL32.dll
 0001:00011d24       _IsValidCodePage@4         10012d24 f   kernel32:KERNEL32.dll
 0001:00011d2a       _GetLocaleInfoA@16         10012d2a f   kernel32:KERNEL32.dll
 0001:00011d30       _EnumSystemLocalesA@8      10012d30 f   kernel32:KERNEL32.dll
 0001:00011d36       _GetUserDefaultLCID@0      10012d36 f   kernel32:KERNEL32.dll
 0001:00011d3c       _GetVersionExA@4           10012d3c f   kernel32:KERNEL32.dll
 0001:00011d42       _GetTimeZoneInformation@4  10012d42 f   kernel32:KERNEL32.dll
 0001:00011d48       _GetLocaleInfoW@16         10012d48 f   kernel32:KERNEL32.dll
 0001:00011d4e       _CompareStringA@24         10012d4e f   kernel32:KERNEL32.dll
 0001:00011d54       _CompareStringW@24         10012d54 f   kernel32:KERNEL32.dll
 0001:00011d5a       _SetEnvironmentVariableA@8 10012d5a f   kernel32:KERNEL32.dll
 0001:00017410       __enc$textbss$begin        10018410     <linker-defined>
 0001:00027410       __enc$textbss$end          10028410     <linker-defined>
 0002:0000001c       ??_C@_0BJ@OCCC@?2?2?4?2mailslot?2KHTMAILSLOT?$AA@ 1002901c     RmoKbdHook.obj
 0002:0000003c       ??_C@_0O@FHMD@i386?2chkesp?4c?$AA@ 1002903c     LIBCMTD:chkesp.obj
 0002:0000004c       ??_C@_00A@?$AA@            1002904c     LIBCMTD:chkesp.obj
 0002:00000050       ??_C@_0NM@ELEE@The?5value?5of?5ESP?5was?5not?5properl@ 10029050     LIBCMTD:chkesp.obj
 0002:0000012c       ??_C@_0BB@BLL@Assertion?5Failed?$AA@ 1002912c     LIBCMTD:dbgrpt.obj
 0002:00000140       ??_C@_05CKBG@Error?$AA@    10029140     LIBCMTD:dbgrpt.obj
 0002:00000148       ??_C@_07JCGI@Warning?$AA@  10029148     LIBCMTD:dbgrpt.obj
 0002:00000150       ??_C@_0M@ODEP@?$CFs?$CI?$CFd?$CJ?5?3?5?$CFs?$AA@ 10029150     LIBCMTD:dbgrpt.obj
 0002:0000015c       ??_C@_01BJG@?6?$AA@        1002915c     LIBCMTD:dbgrpt.obj
 0002:00000160       ??_C@_01FEHD@?$AN?$AA@     10029160     LIBCMTD:dbgrpt.obj
 0002:00000164       ??_C@_0BC@OIMC@Assertion?5failed?$CB?$AA@ 10029164     LIBCMTD:dbgrpt.obj
 0002:00000178       ??_C@_0BD@BEAK@Assertion?5failed?3?5?$AA@ 10029178     LIBCMTD:dbgrpt.obj
 0002:0000018c       ??_C@_0CL@LCCP@_CrtDbgReport?3?5String?5too?5long?5o@ 1002918c     LIBCMTD:dbgrpt.obj
 0002:000001b8       ??_C@_0DC@EMDK@Second?5Chance?5Assertion?5Failed?3?5@ 100291b8     LIBCMTD:dbgrpt.obj
 0002:000001ec       ??_C@_09NJAK@wsprintfA?$AA@ 100291ec     LIBCMTD:dbgrpt.obj
 0002:000001f8       ??_C@_0L@HKL@user32?4dll?$AA@ 100291f8     LIBCMTD:dbgrpt.obj
 0002:00000204       ??_C@_0CD@GCMD@Microsoft?5Visual?5C?$CL?$CL?5Debug?5Libra@ 10029204     LIBCMTD:dbgrpt.obj
 0002:00000228       ??_C@_0FD@EBDD@Debug?5?$CFs?$CB?6?6Program?3?5?$CFs?$CFs?$CFs?$CFs?$CFs?$CFs@ 10029228     LIBCMTD:dbgrpt.obj
 0002:0000027c       ??_C@_09DCKN@?6Module?3?5?$AA@ 1002927c     LIBCMTD:dbgrpt.obj
 0002:00000288       ??_C@_07HJII@?6File?3?5?$AA@ 10029288     LIBCMTD:dbgrpt.obj
 0002:00000290       ??_C@_07LFGN@?6Line?3?5?$AA@ 10029290     LIBCMTD:dbgrpt.obj
 0002:00000298       ??_C@_02JJJH@?6?6?$AA@     10029298     LIBCMTD:dbgrpt.obj
 0002:0000029c       ??_C@_0N@NOAB@Expression?3?5?$AA@ 1002929c     LIBCMTD:dbgrpt.obj
 0002:000002ac       ??_C@_0HD@BHFH@?6?6For?5information?5on?5how?5your?5pr@ 100292ac     LIBCMTD:dbgrpt.obj
 0002:00000320       ??_C@_03NAME@?4?4?4?$AA@   10029320     LIBCMTD:dbgrpt.obj
 0002:00000324       ??_C@_0BH@NNCD@?$DMprogram?5name?5unknown?$DO?$AA@ 10029324     LIBCMTD:dbgrpt.obj
 0002:0000033c       ??_C@_08GFHP@dbgrpt?4c?$AA@ 1002933c     LIBCMTD:dbgrpt.obj
 0002:00000348       ??_C@_0BG@FBEA@szUserMessage?5?$CB?$DN?5NULL?$AA@ 10029348     LIBCMTD:dbgrpt.obj
 0002:00000360       ??_C@_0L@ENLJ@tidtable?4c?$AA@ 10029360     LIBCMTD:tidtable.obj
 0002:0000036c       ??_C@_08KFDJ@ioinit?4c?$AA@ 1002936c     LIBCMTD:ioinit.obj
 0002:00000378       ??_C@_06DPMO@Client?$AA@   10029378     LIBCMTD:dbgheap.obj
 0002:00000380       ??_C@_06BAFM@Ignore?$AA@   10029380     LIBCMTD:dbgheap.obj
 0002:00000388       ??_C@_03DICE@CRT?$AA@      10029388     LIBCMTD:dbgheap.obj
 0002:0000038c       ??_C@_06BILL@Normal?$AA@   1002938c     LIBCMTD:dbgheap.obj
 0002:00000394       ??_C@_04NEN@Free?$AA@      10029394     LIBCMTD:dbgheap.obj
 0002:0000039c       ??_C@_0DC@CGID@Error?3?5memory?5allocation?3?5bad?5me@ 1002939c     LIBCMTD:dbgheap.obj
 0002:000003d0       ??_C@_0CE@FMIA@Invalid?5allocation?5size?3?5?$CFu?5byte@ 100293d0     LIBCMTD:dbgheap.obj
 0002:000003f4       ??_C@_02DILL@?$CFs?$AA@    100293f4     LIBCMTD:dbgheap.obj
 0002:000003f8       ??_C@_0CB@CPBI@Client?5hook?5allocation?5failure?4?6@ 100293f8     LIBCMTD:dbgheap.obj
 0002:0000041c       ??_C@_0DF@DKHF@Client?5hook?5allocation?5failure?5a@ 1002941c     LIBCMTD:dbgheap.obj
 0002:00000454       ??_C@_09IMJC@dbgheap?4c?$AA@ 10029454     LIBCMTD:dbgheap.obj
 0002:00000460       ??_C@_0BC@EPKL@_CrtCheckMemory?$CI?$CJ?$AA@ 10029460     LIBCMTD:dbgheap.obj
 0002:00000474       ??_C@_0BK@JDHA@_pFirstBlock?5?$DN?$DN?5pOldBlock?$AA@ 10029474     LIBCMTD:dbgheap.obj
 0002:00000490       ??_C@_0BJ@NMEF@_pLastBlock?5?$DN?$DN?5pOldBlock?$AA@ 10029490     LIBCMTD:dbgheap.obj
 0002:000004ac       ??_C@_0DC@BOCN@fRealloc?5?$HM?$HM?5?$CI?$CBfRealloc?5?$CG?$CG?5pNewBl@ 100294ac     LIBCMTD:dbgheap.obj
 0002:000004e0       ??_C@_0DK@DKOM@_BLOCK_TYPE?$CIpOldBlock?9?$DOnBlockUse@ 100294e0     LIBCMTD:dbgheap.obj
 0002:0000051c       ??_C@_0EF@EDKM@pOldBlock?9?$DOnLine?5?$DN?$DN?5IGNORE_LINE?5@ 1002951c     LIBCMTD:dbgheap.obj
 0002:00000564       ??_C@_0CC@GPMO@_CrtIsValidHeapPointer?$CIpUserData@ 10029564     LIBCMTD:dbgheap.obj
 0002:00000588       ??_C@_0CN@FHGE@Allocation?5too?5large?5or?5negative@ 10029588     LIBCMTD:dbgheap.obj
 0002:000005b8       ??_C@_0CE@EAMN@Client?5hook?5re?9allocation?5failur@ 100295b8     LIBCMTD:dbgheap.obj
 0002:000005dc       ??_C@_0DI@KKMM@Client?5hook?5re?9allocation?5failur@ 100295dc     LIBCMTD:dbgheap.obj
 0002:00000614       ??_C@_0BG@JCEC@_pFirstBlock?5?$DN?$DN?5pHead?$AA@ 10029614     LIBCMTD:dbgheap.obj
 0002:0000062c       ??_C@_0BF@NLNN@_pLastBlock?5?$DN?$DN?5pHead?$AA@ 1002962c     LIBCMTD:dbgheap.obj
 0002:00000644       ??_C@_0BO@PLHH@pHead?9?$DOnBlockUse?5?$DN?$DN?5nBlockUse?$AA@ 10029644     LIBCMTD:dbgheap.obj
 0002:00000664       ??_C@_0DN@KKIO@pHead?9?$DOnLine?5?$DN?$DN?5IGNORE_LINE?5?$CG?$CG?5p@ 10029664     LIBCMTD:dbgheap.obj
 0002:000006a4       ??_C@_0CK@OJNB@DAMAGE?3?5after?5?$CFhs?5block?5?$CI?$CD?$CFd?$CJ?5at@ 100296a4     LIBCMTD:dbgheap.obj
 0002:000006d0       ??_C@_0CL@IJIL@DAMAGE?3?5before?5?$CFhs?5block?5?$CI?$CD?$CFd?$CJ?5a@ 100296d0     LIBCMTD:dbgheap.obj
 0002:000006fc       ??_C@_0CH@PHOC@_BLOCK_TYPE_IS_VALID?$CIpHead?9?$DOnBlo@ 100296fc     LIBCMTD:dbgheap.obj
 0002:00000724       ??_C@_0BL@MBNA@Client?5hook?5free?5failure?4?6?$AA@ 10029724     LIBCMTD:dbgheap.obj
 0002:00000740       ??_C@_0DK@EKKL@memory?5check?5error?5at?50x?$CF08X?5?$DN?50@ 10029740     LIBCMTD:dbgheap.obj
 0002:0000077c       ??_C@_0CJ@GCII@?$CFhs?5located?5at?50x?$CF08X?5is?5?$CFu?5byte@ 1002977c     LIBCMTD:dbgheap.obj
 0002:000007a8       ??_C@_0CA@EJPI@?$CFhs?5allocated?5at?5file?5?$CFhs?$CI?$CFd?$CJ?4?6?$AA@ 100297a8     LIBCMTD:dbgheap.obj
 0002:000007c8       ??_C@_0CJ@LHHG@DAMAGE?3?5on?5top?5of?5Free?5block?5at?5@ 100297c8     LIBCMTD:dbgheap.obj
 0002:000007f4       ??_C@_07GJHM@DAMAGED?$AA@  100297f4     LIBCMTD:dbgheap.obj
 0002:000007fc       ??_C@_0CL@ODIE@_heapchk?5fails?5with?5unknown?5retu@ 100297fc     LIBCMTD:dbgheap.obj
 0002:00000828       ??_C@_0CC@EHNC@_heapchk?5fails?5with?5_HEAPBADPTR?4@ 10029828     LIBCMTD:dbgheap.obj
 0002:0000084c       ??_C@_0CC@JNDP@_heapchk?5fails?5with?5_HEAPBADEND?4@ 1002984c     LIBCMTD:dbgheap.obj
 0002:00000870       ??_C@_0CD@DNMG@_heapchk?5fails?5with?5_HEAPBADNODE@ 10029870     LIBCMTD:dbgheap.obj
 0002:00000894       ??_C@_0CE@JMCB@_heapchk?5fails?5with?5_HEAPBADBEGI@ 10029894     LIBCMTD:dbgheap.obj
 0002:000008b8       ??_C@_0CD@MEMI@Bad?5memory?5block?5found?5at?50x?$CF08X@ 100298b8     LIBCMTD:dbgheap.obj
 0002:000008dc       ??_C@_0CI@GMAO@_CrtMemCheckPoint?3?5NULL?5state?5po@ 100298dc     LIBCMTD:dbgheap.obj
 0002:00000904       ??_C@_0CI@MNAE@_CrtMemDifference?3?5NULL?5state?5po@ 10029904     LIBCMTD:dbgheap.obj
 0002:0000092c       ??_C@_0BH@PKIJ@Object?5dump?5complete?4?6?$AA@ 1002992c     LIBCMTD:dbgheap.obj
 0002:00000944       ??_C@_0DB@DBPF@crt?5block?5at?50x?$CF08X?0?5subtype?5?$CFx?0@ 10029944     LIBCMTD:dbgheap.obj
 0002:00000978       ??_C@_0CI@JLM@normal?5block?5at?50x?$CF08X?0?5?$CFu?5bytes@ 10029978     LIBCMTD:dbgheap.obj
 0002:000009a0       ??_C@_0DE@PFEA@client?5block?5at?50x?$CF08X?0?5subtype?5@ 100299a0     LIBCMTD:dbgheap.obj
 0002:000009d4       ??_C@_06MBCE@?$HL?$CFld?$HN?5?$AA@ 100299d4     LIBCMTD:dbgheap.obj
 0002:000009dc       ??_C@_0L@BLDJ@?$CFhs?$CI?$CFd?$CJ?5?3?5?$AA@ 100299dc     LIBCMTD:dbgheap.obj
 0002:000009e8       ??_C@_0BE@FEMA@?$CDFile?5Error?$CD?$CI?$CFd?$CJ?5?3?5?$AA@ 100299e8     LIBCMTD:dbgheap.obj
 0002:000009fc       ??_C@_0BE@FPPM@Dumping?5objects?5?9?$DO?6?$AA@ 100299fc     LIBCMTD:dbgheap.obj
 0002:00000a10       ??_C@_0BA@POLM@?5Data?3?5?$DM?$CFs?$DO?5?$CFs?6?$AA@ 10029a10     LIBCMTD:dbgheap.obj
 0002:00000a20       ??_C@_05JLAO@?$CF?42X?5?$AA@ 10029a20     LIBCMTD:dbgheap.obj
 0002:00000a28       ??_C@_0BI@KONA@Detected?5memory?5leaks?$CB?6?$AA@ 10029a28     LIBCMTD:dbgheap.obj
 0002:00000a40       ??_C@_0BP@LCCN@Total?5allocations?3?5?$CFld?5bytes?4?6?$AA@ 10029a40     LIBCMTD:dbgheap.obj
 0002:00000a60       ??_C@_0CB@COID@Largest?5number?5used?3?5?$CFld?5bytes?4?6@ 10029a60     LIBCMTD:dbgheap.obj
 0002:00000a84       ??_C@_0BO@MEJD@?$CFld?5bytes?5in?5?$CFld?5?$CFhs?5Blocks?4?6?$AA@ 10029a84     LIBCMTD:dbgheap.obj
 0002:00000aa4       ??_C@_09IGKD@stdenvp?4c?$AA@ 10029aa4     LIBCMTD:stdenvp.obj
 0002:00000ab0       ??_C@_09MPMN@stdargv?4c?$AA@ 10029ab0     LIBCMTD:stdargv.obj
 0002:00000abc       ??_C@_07BNNE@a_env?4c?$AA@ 10029abc     LIBCMTD:a_env.obj
 0002:00000ac4       ??_C@_0P@GGKG@runtime?5error?5?$AA@ 10029ac4     LIBCMTD:crt0msg.obj
 0002:00000ad4       ??_C@_02PIMC@?$AN?6?$AA@   10029ad4     LIBCMTD:crt0msg.obj
 0002:00000ad8       ??_C@_0O@DELO@TLOSS?5error?$AN?6?$AA@ 10029ad8     LIBCMTD:crt0msg.obj
 0002:00000ae8       ??_C@_0N@OMLL@SING?5error?$AN?6?$AA@ 10029ae8     LIBCMTD:crt0msg.obj
 0002:00000af8       ??_C@_0P@OJAK@DOMAIN?5error?$AN?6?$AA@ 10029af8     LIBCMTD:crt0msg.obj
 0002:00000b08       ??_C@_0CF@EANP@R6028?$AN?6?9?5unable?5to?5initialize?5he@ 10029b08     LIBCMTD:crt0msg.obj
 0002:00000b30       ??_C@_0DF@ECGN@R6027?$AN?6?9?5not?5enough?5space?5for?5lo@ 10029b30     LIBCMTD:crt0msg.obj
 0002:00000b68       ??_C@_0DF@FKAC@R6026?$AN?6?9?5not?5enough?5space?5for?5st@ 10029b68     LIBCMTD:crt0msg.obj
 0002:00000ba0       ??_C@_0CG@DPMN@R6025?$AN?6?9?5pure?5virtual?5function?5c@ 10029ba0     LIBCMTD:crt0msg.obj
 0002:00000bc8       ??_C@_0DF@CKIP@R6024?$AN?6?9?5not?5enough?5space?5for?5_o@ 10029bc8     LIBCMTD:crt0msg.obj
 0002:00000c00       ??_C@_0CJ@GGOE@R6019?$AN?6?9?5unable?5to?5open?5console?5@ 10029c00     LIBCMTD:crt0msg.obj
 0002:00000c2c       ??_C@_0CB@LBOB@R6018?$AN?6?9?5unexpected?5heap?5error?$AN?6@ 10029c2c     LIBCMTD:crt0msg.obj
 0002:00000c50       ??_C@_0CN@FPEG@R6017?$AN?6?9?5unexpected?5multithread?5@ 10029c50     LIBCMTD:crt0msg.obj
 0002:00000c80       ??_C@_0CM@OBIC@R6016?$AN?6?9?5not?5enough?5space?5for?5th@ 10029c80     LIBCMTD:crt0msg.obj
 0002:00000cac       ??_C@_0CB@HPAL@?$AN?6abnormal?5program?5termination?$AN?6@ 10029cac     LIBCMTD:crt0msg.obj
 0002:00000cd0       ??_C@_0CM@JOOB@R6009?$AN?6?9?5not?5enough?5space?5for?5en@ 10029cd0     LIBCMTD:crt0msg.obj
 0002:00000cfc       ??_C@_0CK@OIBL@R6008?$AN?6?9?5not?5enough?5space?5for?5ar@ 10029cfc     LIBCMTD:crt0msg.obj
 0002:00000d28       ??_C@_0CF@LKPB@R6002?$AN?6?9?5floating?5point?5not?5load@ 10029d28     LIBCMTD:crt0msg.obj
 0002:00000d50       ??_C@_0CF@JPDF@Microsoft?5Visual?5C?$CL?$CL?5Runtime?5Lib@ 10029d50     LIBCMTD:crt0msg.obj
 0002:00000d78       ??_C@_0BK@DEOK@Runtime?5Error?$CB?6?6Program?3?5?$AA@ 10029d78     LIBCMTD:crt0msg.obj
 0002:00000d94       ??_C@_0P@LNLA@format?5?$CB?$DN?5NULL?$AA@ 10029d94     LIBCMTD:snprintf.obj
 0002:00000da4       ??_C@_09NEAG@sprintf?4c?$AA@ 10029da4     LIBCMTD:snprintf.obj
 0002:00000db0       ??_C@_0P@OOIN@string?5?$CB?$DN?5NULL?$AA@ 10029db0     LIBCMTD:snprintf.obj
 0002:00000dc0       ??_C@_0L@HE@vsprintf?4c?$AA@ 10029dc0     LIBCMTD:vsnprint.obj
 0002:00000dcc       ??_C@_08CNMA@winsig?4c?$AA@ 10029dcc     LIBCMTD:winsig.obj
 0002:00000dd8       ??_C@_0BD@NJFP@GetLastActivePopup?$AA@ 10029dd8     LIBCMTD:crtmbox.obj
 0002:00000dec       ??_C@_0BA@GILI@GetActiveWindow?$AA@ 10029dec     LIBCMTD:crtmbox.obj
 0002:00000dfc       ??_C@_0M@PKCK@MessageBoxA?$AA@ 10029dfc     LIBCMTD:crtmbox.obj
 0002:00000e08       ??_C@_07PDLA@mlock?4c?$AA@ 10029e08     LIBCMTD:mlock.obj
 0002:00000e10       ??_C@_0DP@IHIN@?$CI?$CCinconsistent?5IOB?5fields?$CC?0?5stre@ 10029e10     LIBCMTD:_flsbuf.obj
 0002:00000e50       ??_C@_09LGEI@_flsbuf?4c?$AA@ 10029e50     LIBCMTD:_flsbuf.obj
 0002:00000e5c       ??_C@_0M@KJPK@str?5?$CB?$DN?5NULL?$AA@ 10029e5c     LIBCMTD:_flsbuf.obj
 0002:00000e68       ___lookuptable             10029e68     LIBCMTD:output.obj
 0002:00000ec4       ??_C@_1O@POHA@?$AA?$CI?$AAn?$AAu?$AAl?$AAl?$AA?$CJ?$AA?$AA@ 10029ec4     LIBCMTD:output.obj
 0002:00000ed4       ??_C@_06ONKE@?$CInull?$CJ?$AA@ 10029ed4     LIBCMTD:output.obj
 0002:00000edc       ??_C@_08MIHI@output?4c?$AA@ 10029edc     LIBCMTD:output.obj
 0002:00000ee8       ??_C@_0P@PIHB@ch?5?$CB?$DN?5_T?$CI?8?20?8?$CJ?$AA@ 10029ee8     LIBCMTD:output.obj
 0002:00000ef8       ??_C@_01A@?$AA?$AA@        10029ef8     LIBCMTD:a_str.obj
 0002:00000efc       ??_C@_13A@?$AA?$AA?$AA?$AA@ 10029efc     LIBCMTD:a_str.obj
 0002:00000f28       ??_C@_09EMDO@_getbuf?4c?$AA@ 10029f28     LIBCMTD:_getbuf.obj
 0002:00000f34       ??_C@_07HPAH@_file?4c?$AA@ 10029f34     LIBCMTD:_file.obj
 0002:00000f3c       ??_C@_09LNLM@osfinfo?4c?$AA@ 10029f3c     LIBCMTD:osfinfo.obj
 0002:00000f48       ??_C@_07PCLE@LC_TIME?$AA@  10029f48     LIBCMTD:setlocal.obj
 0002:00000f50       ??_C@_0L@NKG@LC_NUMERIC?$AA@ 10029f50     LIBCMTD:setlocal.obj
 0002:00000f5c       ??_C@_0M@CBIH@LC_MONETARY?$AA@ 10029f5c     LIBCMTD:setlocal.obj
 0002:00000f68       ??_C@_08LFGE@LC_CTYPE?$AA@ 10029f68     LIBCMTD:setlocal.obj
 0002:00000f74       ??_C@_0L@CFLC@LC_COLLATE?$AA@ 10029f74     LIBCMTD:setlocal.obj
 0002:00000f80       ??_C@_06GCPK@LC_ALL?$AA@   10029f80     LIBCMTD:setlocal.obj
 0002:00000f88       ??_C@_01FAJB@?$DL?$AA@     10029f88     LIBCMTD:setlocal.obj
 0002:00000f8c       ??_C@_02BGDO@?$DN?$DL?$AA@ 10029f8c     LIBCMTD:setlocal.obj
 0002:00000f90       ??_C@_0L@MOEE@setlocal?4c?$AA@ 10029f90     LIBCMTD:setlocal.obj
 0002:00000f9c       ??_C@_01KPOD@?$DN?$AA@     10029f9c     LIBCMTD:setlocal.obj
 0002:00000fa0       ??_C@_03DBOJ@_?4?0?$AA@    10029fa0     LIBCMTD:setlocal.obj
 0002:00000fa4       ??_C@_01PJCK@?4?$AA@       10029fa4     LIBCMTD:setlocal.obj
 0002:00000fa8       ??_C@_01NON@_?$AA@         10029fa8     LIBCMTD:setlocal.obj
 0002:00000fac       ??_C@_08PHBD@fclose?4c?$AA@ 10029fac     LIBCMTD:fclose.obj
 0002:00000fb8       ??_C@_0P@FHEA@stream?5?$CB?$DN?5NULL?$AA@ 10029fb8     LIBCMTD:fclose.obj
 0002:00000fc8       ??_C@_0L@EEGJ@inittime?4c?$AA@ 10029fc8     LIBCMTD:inittime.obj
 0002:00000fd4       ??_C@_09IMJJ@initnum?4c?$AA@ 10029fd4     LIBCMTD:initnum.obj
 0002:00000fe0       ??_C@_09KPNI@initmon?4c?$AA@ 10029fe0     LIBCMTD:initmon.obj
 0002:00000fec       ??_C@_0L@COIL@initctyp?4c?$AA@ 10029fec     LIBCMTD:initctyp.obj
 0002:00000ff8       ??_C@_08OBJD@Paraguay?$AA@ 10029ff8     LIBCMTD:getqloc.obj
 0002:00001004       ??_C@_07GLKH@Uruguay?$AA@  1002a004     LIBCMTD:getqloc.obj
 0002:0000100c       ??_C@_05FPFC@Chile?$AA@    1002a00c     LIBCMTD:getqloc.obj
 0002:00001014       ??_C@_07IIGF@Ecuador?$AA@  1002a014     LIBCMTD:getqloc.obj
 0002:0000101c       ??_C@_09PKAL@Argentina?$AA@ 1002a01c     LIBCMTD:getqloc.obj
 0002:00001028       ??_C@_04LKAH@Peru?$AA@     1002a028     LIBCMTD:getqloc.obj
 0002:00001030       ??_C@_08NEEM@Colombia?$AA@ 1002a030     LIBCMTD:getqloc.obj
 0002:0000103c       ??_C@_09ODEB@Venezuela?$AA@ 1002a03c     LIBCMTD:getqloc.obj
 0002:00001048       ??_C@_0BD@CLEL@Dominican?5Republic?$AA@ 1002a048     LIBCMTD:getqloc.obj
 0002:0000105c       ??_C@_0N@MDGL@South?5Africa?$AA@ 1002a05c     LIBCMTD:getqloc.obj
 0002:0000106c       ??_C@_06NKBG@Panama?$AA@   1002a06c     LIBCMTD:getqloc.obj
 0002:00001074       ??_C@_0L@BMHO@Luxembourg?$AA@ 1002a074     LIBCMTD:getqloc.obj
 0002:00001080       ??_C@_0L@IMDK@Costa?5Rica?$AA@ 1002a080     LIBCMTD:getqloc.obj
 0002:0000108c       ??_C@_0M@BLJF@Switzerland?$AA@ 1002a08c     LIBCMTD:getqloc.obj
 0002:00001098       ??_C@_09KBOL@Guatemala?$AA@ 1002a098     LIBCMTD:getqloc.obj
 0002:000010a4       ??_C@_06JNAK@Canada?$AA@   1002a0a4     LIBCMTD:getqloc.obj
 0002:000010ac       ??_C@_0BG@OLLP@Spanish?5?9?5Modern?5Sort?$AA@ 1002a0ac     LIBCMTD:getqloc.obj
 0002:000010c4       ??_C@_09IDKE@Australia?$AA@ 1002a0c4     LIBCMTD:getqloc.obj
 0002:000010d0       ??_C@_07JJJJ@English?$AA@  1002a0d0     LIBCMTD:getqloc.obj
 0002:000010d8       ??_C@_07NMDO@Austria?$AA@  1002a0d8     LIBCMTD:getqloc.obj
 0002:000010e0       ??_C@_06DEFE@German?$AA@   1002a0e0     LIBCMTD:getqloc.obj
 0002:000010e8       ??_C@_07JAIH@Belgium?$AA@  1002a0e8     LIBCMTD:getqloc.obj
 0002:000010f0       ??_C@_06BNLJ@Mexico?$AA@   1002a0f0     LIBCMTD:getqloc.obj
 0002:000010f8       ??_C@_07JHAG@Spanish?$AA@  1002a0f8     LIBCMTD:getqloc.obj
 0002:00001100       ??_C@_06DADE@Basque?$AA@   1002a100     LIBCMTD:getqloc.obj
 0002:00001108       ??_C@_06ENFP@Sweden?$AA@   1002a108     LIBCMTD:getqloc.obj
 0002:00001110       ??_C@_07JPMH@Swedish?$AA@  1002a110     LIBCMTD:getqloc.obj
 0002:00001118       ??_C@_07IEKF@Iceland?$AA@  1002a118     LIBCMTD:getqloc.obj
 0002:00001120       ??_C@_09KNEA@Icelandic?$AA@ 1002a120     LIBCMTD:getqloc.obj
 0002:0000112c       ??_C@_06IJOD@France?$AA@   1002a12c     LIBCMTD:getqloc.obj
 0002:00001134       ??_C@_06EINI@French?$AA@   1002a134     LIBCMTD:getqloc.obj
 0002:0000113c       ??_C@_07FOOE@Finland?$AA@  1002a13c     LIBCMTD:getqloc.obj
 0002:00001144       ??_C@_07OJOM@Finnish?$AA@  1002a144     LIBCMTD:getqloc.obj
 0002:0000114c       ??_C@_05FFAC@Spain?$AA@    1002a14c     LIBCMTD:getqloc.obj
 0002:00001154       ??_C@_0BL@BIHM@Spanish?5?9?5Traditional?5Sort?$AA@ 1002a154     LIBCMTD:getqloc.obj
 0002:00001170       ??_C@_0O@GLHB@united?9states?$AA@ 1002a170     LIBCMTD:getqloc.obj
 0002:00001180       ??_C@_0P@IIKK@united?9kingdom?$AA@ 1002a180     LIBCMTD:getqloc.obj
 0002:00001190       ??_C@_0BC@FHBO@trinidad?5?$CG?5tobago?$AA@ 1002a190     LIBCMTD:getqloc.obj
 0002:000011a4       ??_C@_0M@BDFM@south?9korea?$AA@ 1002a1a4     LIBCMTD:getqloc.obj
 0002:000011b0       ??_C@_0N@CKFA@south?9africa?$AA@ 1002a1b0     LIBCMTD:getqloc.obj
 0002:000011c0       ??_C@_0M@HNHN@south?5korea?$AA@ 1002a1c0     LIBCMTD:getqloc.obj
 0002:000011cc       ??_C@_0N@MKDO@south?5africa?$AA@ 1002a1cc     LIBCMTD:getqloc.obj
 0002:000011dc       ??_C@_06KFFJ@slovak?$AA@   1002a1dc     LIBCMTD:getqloc.obj
 0002:000011e4       ??_C@_0M@NMAC@puerto?9rico?$AA@ 1002a1e4     LIBCMTD:getqloc.obj
 0002:000011f0       ??_C@_08EJOH@pr?9china?$AA@ 1002a1f0     LIBCMTD:getqloc.obj
 0002:000011fc       ??_C@_08CHMG@pr?5china?$AA@ 1002a1fc     LIBCMTD:getqloc.obj
 0002:00001208       ??_C@_02OCJK@nz?$AA@       1002a208     LIBCMTD:getqloc.obj
 0002:0000120c       ??_C@_0M@MMKA@new?9zealand?$AA@ 1002a20c     LIBCMTD:getqloc.obj
 0002:00001218       ??_C@_09MGEH@hong?9kong?$AA@ 1002a218     LIBCMTD:getqloc.obj
 0002:00001224       ??_C@_07CCAK@holland?$AA@  1002a224     LIBCMTD:getqloc.obj
 0002:0000122c       ??_C@_0O@MEPL@great?5britain?$AA@ 1002a22c     LIBCMTD:getqloc.obj
 0002:0000123c       ??_C@_07LGIB@england?$AA@  1002a23c     LIBCMTD:getqloc.obj
 0002:00001244       ??_C@_05BMOA@czech?$AA@    1002a244     LIBCMTD:getqloc.obj
 0002:0000124c       ??_C@_05NMPB@china?$AA@    1002a24c     LIBCMTD:getqloc.obj
 0002:00001254       ??_C@_07GN@britain?$AA@    1002a254     LIBCMTD:getqloc.obj
 0002:0000125c       ??_C@_07DLAK@america?$AA@  1002a25c     LIBCMTD:getqloc.obj
 0002:00001264       ??_C@_03IPEP@usa?$AA@      1002a264     LIBCMTD:getqloc.obj
 0002:00001268       ??_C@_02PILH@us?$AA@       1002a268     LIBCMTD:getqloc.obj
 0002:0000126c       ??_C@_02FHP@uk?$AA@        1002a26c     LIBCMTD:getqloc.obj
 0002:00001270       ??_C@_05DEAI@swiss?$AA@    1002a270     LIBCMTD:getqloc.obj
 0002:00001278       ??_C@_0BA@LIAF@swedish?9finland?$AA@ 1002a278     LIBCMTD:getqloc.obj
 0002:00001288       ??_C@_0BC@FMEG@spanish?9venezuela?$AA@ 1002a288     LIBCMTD:getqloc.obj
 0002:0000129c       ??_C@_0BA@BNMG@spanish?9uruguay?$AA@ 1002a29c     LIBCMTD:getqloc.obj
 0002:000012ac       ??_C@_0BE@BKDJ@spanish?9puerto?5rico?$AA@ 1002a2ac     LIBCMTD:getqloc.obj
 0002:000012c0       ??_C@_0N@JIBL@spanish?9peru?$AA@ 1002a2c0     LIBCMTD:getqloc.obj
 0002:000012d0       ??_C@_0BB@OGOF@spanish?9paraguay?$AA@ 1002a2d0     LIBCMTD:getqloc.obj
 0002:000012e4       ??_C@_0P@LLFA@spanish?9panama?$AA@ 1002a2e4     LIBCMTD:getqloc.obj
 0002:000012f4       ??_C@_0BC@BBJM@spanish?9nicaragua?$AA@ 1002a2f4     LIBCMTD:getqloc.obj
 0002:00001308       ??_C@_0P@NJBN@spanish?9modern?$AA@ 1002a308     LIBCMTD:getqloc.obj
 0002:00001318       ??_C@_0BA@NHDN@spanish?9mexican?$AA@ 1002a318     LIBCMTD:getqloc.obj
 0002:00001328       ??_C@_0BB@JHOJ@spanish?9honduras?$AA@ 1002a328     LIBCMTD:getqloc.obj
 0002:0000133c       ??_C@_0BC@BOOM@spanish?9guatemala?$AA@ 1002a33c     LIBCMTD:getqloc.obj
 0002:00001350       ??_C@_0BE@EELI@spanish?9el?5salvador?$AA@ 1002a350     LIBCMTD:getqloc.obj
 0002:00001364       ??_C@_0BA@POAE@spanish?9ecuador?$AA@ 1002a364     LIBCMTD:getqloc.obj
 0002:00001374       ??_C@_0BL@LDKN@spanish?9dominican?5republic?$AA@ 1002a374     LIBCMTD:getqloc.obj
 0002:00001390       ??_C@_0BD@HPMH@spanish?9costa?5rica?$AA@ 1002a390     LIBCMTD:getqloc.obj
 0002:000013a4       ??_C@_0BB@NDDK@spanish?9colombia?$AA@ 1002a3a4     LIBCMTD:getqloc.obj
 0002:000013b8       ??_C@_0O@BJHA@spanish?9chile?$AA@ 1002a3b8     LIBCMTD:getqloc.obj
 0002:000013c8       ??_C@_0BA@OBNG@spanish?9bolivia?$AA@ 1002a3c8     LIBCMTD:getqloc.obj
 0002:000013d8       ??_C@_0BC@EFAM@spanish?9argentina?$AA@ 1002a3d8     LIBCMTD:getqloc.obj
 0002:000013ec       ??_C@_0BF@KMMM@portuguese?9brazilian?$AA@ 1002a3ec     LIBCMTD:getqloc.obj
 0002:00001404       ??_C@_0BC@BAAE@norwegian?9nynorsk?$AA@ 1002a404     LIBCMTD:getqloc.obj
 0002:00001418       ??_C@_0BB@PBHK@norwegian?9bokmal?$AA@ 1002a418     LIBCMTD:getqloc.obj
 0002:0000142c       ??_C@_09EHKL@norwegian?$AA@ 1002a42c     LIBCMTD:getqloc.obj
 0002:00001438       ??_C@_0O@BEAN@italian?9swiss?$AA@ 1002a438     LIBCMTD:getqloc.obj
 0002:00001448       ??_C@_0O@OIFK@irish?9english?$AA@ 1002a448     LIBCMTD:getqloc.obj
 0002:00001458       ??_C@_0N@NBPL@german?9swiss?$AA@ 1002a458     LIBCMTD:getqloc.obj
 0002:00001468       ??_C@_0BC@ICFJ@german?9luxembourg?$AA@ 1002a468     LIBCMTD:getqloc.obj
 0002:0000147c       ??_C@_0BE@GGPC@german?9lichtenstein?$AA@ 1002a47c     LIBCMTD:getqloc.obj
 0002:00001490       ??_C@_0BA@MKDC@german?9austrian?$AA@ 1002a490     LIBCMTD:getqloc.obj
 0002:000014a0       ??_C@_0N@ODNB@french?9swiss?$AA@ 1002a4a0     LIBCMTD:getqloc.obj
 0002:000014b0       ??_C@_0BC@MGCM@french?9luxembourg?$AA@ 1002a4b0     LIBCMTD:getqloc.obj
 0002:000014c4       ??_C@_0BA@NABK@french?9canadian?$AA@ 1002a4c4     LIBCMTD:getqloc.obj
 0002:000014d4       ??_C@_0P@CJNO@french?9belgian?$AA@ 1002a4d4     LIBCMTD:getqloc.obj
 0002:000014e4       ??_C@_0M@LJOL@english?9usa?$AA@ 1002a4e4     LIBCMTD:getqloc.obj
 0002:000014f0       ??_C@_0L@FMNC@english?9us?$AA@ 1002a4f0     LIBCMTD:getqloc.obj
 0002:000014fc       ??_C@_0L@KBBK@english?9uk?$AA@ 1002a4fc     LIBCMTD:getqloc.obj
 0002:00001508       ??_C@_0BK@NDDE@english?9trinidad?5y?5tobago?$AA@ 1002a508     LIBCMTD:getqloc.obj
 0002:00001524       ??_C@_0BF@LKML@english?9south?5africa?$AA@ 1002a524     LIBCMTD:getqloc.obj
 0002:0000153c       ??_C@_0L@EGPP@english?9nz?$AA@ 1002a53c     LIBCMTD:getqloc.obj
 0002:00001548       ??_C@_0BA@HLH@english?9jamaica?$AA@ 1002a548     LIBCMTD:getqloc.obj
 0002:00001558       ??_C@_0M@PMJI@english?9ire?$AA@ 1002a558     LIBCMTD:getqloc.obj
 0002:00001564       ??_C@_0BC@HINE@english?9caribbean?$AA@ 1002a564     LIBCMTD:getqloc.obj
 0002:00001578       ??_C@_0M@DCFH@english?9can?$AA@ 1002a578     LIBCMTD:getqloc.obj
 0002:00001584       ??_C@_0P@DGHK@english?9belize?$AA@ 1002a584     LIBCMTD:getqloc.obj
 0002:00001594       ??_C@_0M@FLHK@english?9aus?$AA@ 1002a594     LIBCMTD:getqloc.obj
 0002:000015a0       ??_C@_0BB@HNCK@english?9american?$AA@ 1002a5a0     LIBCMTD:getqloc.obj
 0002:000015b4       ??_C@_0O@PAMI@dutch?9belgian?$AA@ 1002a5b4     LIBCMTD:getqloc.obj
 0002:000015c4       ??_C@_0BE@FPEJ@chinese?9traditional?$AA@ 1002a5c4     LIBCMTD:getqloc.obj
 0002:000015d8       ??_C@_0BC@CHFL@chinese?9singapore?$AA@ 1002a5d8     LIBCMTD:getqloc.obj
 0002:000015ec       ??_C@_0BD@DCMH@chinese?9simplified?$AA@ 1002a5ec     LIBCMTD:getqloc.obj
 0002:00001600       ??_C@_0BB@JMOE@chinese?9hongkong?$AA@ 1002a600     LIBCMTD:getqloc.obj
 0002:00001614       ??_C@_07NGFN@chinese?$AA@  1002a614     LIBCMTD:getqloc.obj
 0002:0000161c       ??_C@_03PCOI@chi?$AA@      1002a61c     LIBCMTD:getqloc.obj
 0002:00001620       ??_C@_03FIHP@chh?$AA@      1002a620     LIBCMTD:getqloc.obj
 0002:00001624       ??_C@_08HFLO@canadian?$AA@ 1002a624     LIBCMTD:getqloc.obj
 0002:00001630       ??_C@_07INIJ@belgian?$AA@  1002a630     LIBCMTD:getqloc.obj
 0002:00001638       ??_C@_0L@LCCA@australian?$AA@ 1002a638     LIBCMTD:getqloc.obj
 0002:00001644       ??_C@_0BB@BJIO@american?9english?$AA@ 1002a644     LIBCMTD:getqloc.obj
 0002:00001658       ??_C@_0BB@DAGO@american?5english?$AA@ 1002a658     LIBCMTD:getqloc.obj
 0002:0000166c       ??_C@_08HENB@american?$AA@ 1002a66c     LIBCMTD:getqloc.obj
 0002:00001678       ??_C@_03DGJE@OCP?$AA@      1002a678     LIBCMTD:getqloc.obj
 0002:0000167c       ??_C@_03EKFG@ACP?$AA@      1002a67c     LIBCMTD:getqloc.obj
 0002:00001680       ??_C@_0L@JIE@_freebuf?4c?$AA@ 1002a680     LIBCMTD:_freebuf.obj
 0002:0000168c       ??_C@_07CJME@H?3mm?3ss?$AA@ 1002a68c     LIBCMTD:strftime.obj
 0002:00001694       ??_C@_0BE@MHI@dddd?0?5MMMM?5dd?0?5yyyy?$AA@ 1002a694     LIBCMTD:strftime.obj
 0002:000016a8       ??_C@_06HCAD@M?1d?1yy?$AA@ 1002a6a8     LIBCMTD:strftime.obj
 0002:000016b0       ??_C@_02DBLP@PM?$AA@       1002a6b0     LIBCMTD:strftime.obj
 0002:000016b4       ??_C@_02ENLM@AM?$AA@       1002a6b4     LIBCMTD:strftime.obj
 0002:000016b8       ??_C@_08LIDF@December?$AA@ 1002a6b8     LIBCMTD:strftime.obj
 0002:000016c4       ??_C@_08NJLI@November?$AA@ 1002a6c4     LIBCMTD:strftime.obj
 0002:000016d0       ??_C@_07IAMM@October?$AA@  1002a6d0     LIBCMTD:strftime.obj
 0002:000016d8       ??_C@_09MKGD@September?$AA@ 1002a6d8     LIBCMTD:strftime.obj
 0002:000016e4       ??_C@_06PADP@August?$AA@   1002a6e4     LIBCMTD:strftime.obj
 0002:000016ec       ??_C@_04PIJO@July?$AA@     1002a6ec     LIBCMTD:strftime.obj
 0002:000016f4       ??_C@_04ICFP@June?$AA@     1002a6f4     LIBCMTD:strftime.obj
 0002:000016fc       ??_C@_05JFGC@April?$AA@    1002a6fc     LIBCMTD:strftime.obj
 0002:00001704       ??_C@_05FGPD@March?$AA@    1002a704     LIBCMTD:strftime.obj
 0002:0000170c       ??_C@_08PGBA@February?$AA@ 1002a70c     LIBCMTD:strftime.obj
 0002:00001718       ??_C@_07BPKJ@January?$AA@  1002a718     LIBCMTD:strftime.obj
 0002:00001720       ??_C@_03PGJO@Dec?$AA@      1002a720     LIBCMTD:strftime.obj
 0002:00001724       ??_C@_03PDLM@Nov?$AA@      1002a724     LIBCMTD:strftime.obj
 0002:00001728       ??_C@_03BLHK@Oct?$AA@      1002a728     LIBCMTD:strftime.obj
 0002:0000172c       ??_C@_03DPFM@Sep?$AA@      1002a72c     LIBCMTD:strftime.obj
 0002:00001730       ??_C@_03CMCH@Aug?$AA@      1002a730     LIBCMTD:strftime.obj
 0002:00001734       ??_C@_03OBKI@Jul?$AA@      1002a734     LIBCMTD:strftime.obj
 0002:00001738       ??_C@_03LEIG@Jun?$AA@      1002a738     LIBCMTD:strftime.obj
 0002:0000173c       ??_C@_03MGHB@May?$AA@      1002a73c     LIBCMTD:strftime.obj
 0002:00001740       ??_C@_03MJJM@Apr?$AA@      1002a740     LIBCMTD:strftime.obj
 0002:00001744       ??_C@_03GNHA@Mar?$AA@      1002a744     LIBCMTD:strftime.obj
 0002:00001748       ??_C@_03PICE@Feb?$AA@      1002a748     LIBCMTD:strftime.obj
 0002:0000174c       ??_C@_03IEIF@Jan?$AA@      1002a74c     LIBCMTD:strftime.obj
 0002:00001750       ??_C@_08FAKH@Saturday?$AA@ 1002a750     LIBCMTD:strftime.obj
 0002:0000175c       ??_C@_06ONCK@Friday?$AA@   1002a75c     LIBCMTD:strftime.obj
 0002:00001764       ??_C@_08CCFO@Thursday?$AA@ 1002a764     LIBCMTD:strftime.obj
 0002:00001770       ??_C@_09PBIN@Wednesday?$AA@ 1002a770     LIBCMTD:strftime.obj
 0002:0000177c       ??_C@_07BMBC@Tuesday?$AA@  1002a77c     LIBCMTD:strftime.obj
 0002:00001784       ??_C@_06CHLK@Monday?$AA@   1002a784     LIBCMTD:strftime.obj
 0002:0000178c       ??_C@_06OOEM@Sunday?$AA@   1002a78c     LIBCMTD:strftime.obj
 0002:00001794       ??_C@_03MPKK@Sat?$AA@      1002a794     LIBCMTD:strftime.obj
 0002:00001798       ??_C@_03FINJ@Fri?$AA@      1002a798     LIBCMTD:strftime.obj
 0002:0000179c       ??_C@_03HIKC@Thu?$AA@      1002a79c     LIBCMTD:strftime.obj
 0002:000017a0       ??_C@_03HECK@Wed?$AA@      1002a7a0     LIBCMTD:strftime.obj
 0002:000017a4       ??_C@_03ECCP@Tue?$AA@      1002a7a4     LIBCMTD:strftime.obj
 0002:000017a8       ??_C@_03PIEP@Mon?$AA@      1002a7a8     LIBCMTD:strftime.obj
 0002:000017ac       ??_C@_03FHEP@Sun?$AA@      1002a7ac     LIBCMTD:strftime.obj
 0002:000017b0       ??_C@_03MKGK@a?1p?$AA@     1002a7b0     LIBCMTD:strftime.obj
 0002:000017b4       ??_C@_05BDJK@am?1pm?$AA@   1002a7b4     LIBCMTD:strftime.obj
 0002:000017bc       ??_C@_0L@HKCB@inithelp?4c?$AA@ 1002a7bc     LIBCMTD:inithelp.obj
 0002:000017e0       ___dnames                  1002a7e0     LIBCMTD:timeset.obj
 0002:000017f8       ___mnames                  1002a7f8     LIBCMTD:timeset.obj
 0002:00001820       ??_C@_07DEKI@tzset?4c?$AA@ 1002a820     LIBCMTD:tzset.obj
 0002:00001828       ??_C@_02JHIA@TZ?$AA@       1002a828     LIBCMTD:tzset.obj
 0002:0000184c       ??_C@_0L@EJNO@wtombenv?4c?$AA@ 1002a84c     LIBCMTD:wtombenv.obj
 0002:00001858       ??_C@_07FOIK@a_cmp?4c?$AA@ 1002a858     LIBCMTD:a_cmp.obj
 0002:00001860       ??_C@_0DN@PPKB@cchCount1?$DN?$DN0?5?$CG?$CG?5cchCount2?$DN?$DN1?5?$HM?$HM?5@ 1002a860     LIBCMTD:a_cmp.obj
 0002:000018b8       ??_C@_08FEIK@setenv?4c?$AA@ 1002a8b8     LIBCMTD:setenv.obj
 0003:00000000       ___xc_a                    1002c000     LIBCMTD:crt0init.obj
 0003:00000104       ___xc_z                    1002c104     LIBCMTD:crt0init.obj
 0003:00000208       ___xi_a                    1002c208     LIBCMTD:crt0init.obj
 0003:00000418       ___xi_z                    1002c418     LIBCMTD:crt0init.obj
 0003:0000051c       ___xp_a                    1002c51c     LIBCMTD:crt0init.obj
 0003:00000724       ___xp_z                    1002c724     LIBCMTD:crt0init.obj
 0003:00000828       ___xt_a                    1002c828     LIBCMTD:crt0init.obj
 0003:0000092c       ___xt_z                    1002c92c     LIBCMTD:crt0init.obj
 0003:00000a30       __aexit_rtn                1002ca30     LIBCMTD:dllcrt0.obj
 0003:00000a34       __crtAssertBusy            1002ca34     LIBCMTD:dbgrpt.obj
 0003:00000a38       __CrtDbgMode               1002ca38     LIBCMTD:dbgrpt.obj
 0003:00000a44       __CrtDbgFile               1002ca44     LIBCMTD:dbgrpt.obj
 0003:00000a5c       ___tlsindex                1002ca5c     LIBCMTD:tidtable.obj
 0003:00000a60       ___badioinfo               1002ca60     LIBCMTD:ioinit.obj
 0003:00000a84       __crtDbgFlag               1002ca84     LIBCMTD:dbgheap.obj
 0003:00000a8c       __crtBreakAlloc            1002ca8c     LIBCMTD:dbgheap.obj
 0003:00000aa8       __amblksiz                 1002caa8     LIBCMTD:heapinit.obj
 0003:00000b40       __locktable                1002cb40     LIBCMTD:mlock.obj
 0003:00000c00       __XcptActTab               1002cc00     LIBCMTD:winxfltr.obj
 0003:00000c78       __First_FPE_Indx           1002cc78     LIBCMTD:winxfltr.obj
 0003:00000c7c       __Num_FPE                  1002cc7c     LIBCMTD:winxfltr.obj
 0003:00000c80       __XcptActTabSize           1002cc80     LIBCMTD:winxfltr.obj
 0003:00000c84       __XcptActTabCount          1002cc84     LIBCMTD:winxfltr.obj
 0003:00000c90       __pfnAllocHook             1002cc90     LIBCMTD:dbghook.obj
 0003:00000c94       ___sbh_threshold           1002cc94     LIBCMTD:sbheap.obj
 0003:00000c98       __pctype                   1002cc98     LIBCMTD:ctype.obj
 0003:00000c9c       __pwctype                  1002cc9c     LIBCMTD:ctype.obj
 0003:00000ca0       __ctype                    1002cca0     LIBCMTD:ctype.obj
 0003:00000ea4       ___mb_cur_max              1002cea4     LIBCMTD:nlsdata1.obj
 0003:00000ea8       ___decimal_point           1002cea8     LIBCMTD:nlsdata1.obj
 0003:00000eac       ___decimal_point_length    1002ceac     LIBCMTD:nlsdata1.obj
 0003:00000fb0       ___nullstring              1002cfb0     LIBCMTD:output.obj
 0003:00000fb4       ___wnullstring             1002cfb4     LIBCMTD:output.obj
 0003:00001120       __iob                      1002d120     LIBCMTD:_file.obj
 0003:000013a0       __cfltcvt_tab              1002d3a0     LIBCMTD:cmiscdat.obj
 0003:000013b8       __NLG_Destination          1002d3b8     LIBCMTD:exsup.obj
 0003:000014d8       ___lc_category             1002d4d8     LIBCMTD:setlocal.obj
 0003:00001520       ___rgLocInfo               1002d520     LIBCMTD:getqloc.obj
 0003:000019c4       ___rglangidNotDefault      1002d9c4     LIBCMTD:getqloc.obj
 0003:000019d8       ___rg_country              1002d9d8     LIBCMTD:getqloc.obj
 0003:00001a90       ___rg_language             1002da90     LIBCMTD:getqloc.obj
 0003:00001c98       ___lc_time_curr            1002dc98     LIBCMTD:strftime.obj
 0003:00001ca0       ___lc_time_c               1002dca0     LIBCMTD:strftime.obj
 0003:00001d50       ___lconv_static_decimal    1002dd50     LIBCMTD:lconv.obj
 0003:00001d58       ___lconv_c                 1002dd58     LIBCMTD:lconv.obj
 0003:00001d88       ___lconv                   1002dd88     LIBCMTD:lconv.obj
 0003:00001d90       __timezone                 1002dd90     LIBCMTD:timeset.obj
 0003:00001d94       __daylight                 1002dd94     LIBCMTD:timeset.obj
 0003:00001d98       __dstbias                  1002dd98     LIBCMTD:timeset.obj
 0003:00001e1c       __tzname                   1002de1c     LIBCMTD:timeset.obj
 0003:00001e50       __lpdays                   1002de50     LIBCMTD:days.obj
 0003:00001e84       __days                     1002de84     LIBCMTD:days.obj
 0003:000023e0       ?KbdHookTag@@3U__ST_KeyboardHookTag@@A 1002e3e0     RmoKbdHook.obj
 0003:00002528       __aenvptr                  1002e528     LIBCMTD:dllcrt0.obj
 0003:0000252c       __wenvptr                  1002e52c     LIBCMTD:dllcrt0.obj
 0003:00002530       ___error_mode              1002e530     LIBCMTD:dllcrt0.obj
 0003:00002534       ___app_type                1002e534     LIBCMTD:dllcrt0.obj
 0003:0000253c       __umaskval                 1002e53c     LIBCMTD:crt0dat.obj
 0003:00002540       __osver                    1002e540     LIBCMTD:crt0dat.obj
 0003:00002544       __winver                   1002e544     LIBCMTD:crt0dat.obj
 0003:00002548       __winmajor                 1002e548     LIBCMTD:crt0dat.obj
 0003:0000254c       __winminor                 1002e54c     LIBCMTD:crt0dat.obj
 0003:00002550       ___argc                    1002e550     LIBCMTD:crt0dat.obj
 0003:00002554       ___argv                    1002e554     LIBCMTD:crt0dat.obj
 0003:00002558       ___wargv                   1002e558     LIBCMTD:crt0dat.obj
 0003:0000255c       __environ                  1002e55c     LIBCMTD:crt0dat.obj
 0003:00002560       ___initenv                 1002e560     LIBCMTD:crt0dat.obj
 0003:00002564       __wenviron                 1002e564     LIBCMTD:crt0dat.obj
 0003:00002568       ___winitenv                1002e568     LIBCMTD:crt0dat.obj
 0003:0000256c       __pgmptr                   1002e56c     LIBCMTD:crt0dat.obj
 0003:00002570       __wpgmptr                  1002e570     LIBCMTD:crt0dat.obj
 0003:00002574       __exitflag                 1002e574     LIBCMTD:crt0dat.obj
 0003:00002578       __C_Termination_Done       1002e578     LIBCMTD:crt0dat.obj
 0003:0000257c       __C_Exit_Done              1002e57c     LIBCMTD:crt0dat.obj
 0003:000026a0       __adbgmsg                  1002e6a0     LIBCMTD:crt0msg.obj
 0003:00002728       __newmode                  1002e728     LIBCMTD:_newmode.obj
 0003:0000272c       ?_pnhHeap@@3P6AHI@ZA       1002e72c     LIBCMTD:handler.obj
 0003:00002738       ___lc_handle               1002e738     LIBCMTD:nlsdata2.obj
 0003:00002750       ___lc_codepage             1002e750     LIBCMTD:nlsdata2.obj
 0003:00002754       ___lc_collate_cp           1002e754     LIBCMTD:nlsdata2.obj
 0003:0000275c       __cflush                   1002e75c     LIBCMTD:_file.obj
 0003:0000276c       ___lc_time_intl            1002e76c     LIBCMTD:inittime.obj
 0003:00002788       ___lc_id                   1002e788     LIBCMTD:nlsdata3.obj
 0003:000027d8       ___lconv_static_null       1002e7d8     LIBCMTD:lconv.obj
 0003:000028a8       ___alternate_form          1002e8a8     <common>
 0003:000028b8       ___no_lead_zeros           1002e8b8     <common>
 0003:000028bc       ___setlc_active            1002e8bc     <common>
 0003:000028cc       ___unguarded_readlc_active 1002e8cc     <common>
 0003:000028d0       ___piob                    1002e8d0     <common>
 0003:00002c20       __bufin                    1002ec20     <common>
 0003:00003c20       __nstream                  1002fc20     <common>
 0003:00003c24       ___mbcodepage              1002fc24     <common>
 0003:00003ca0       ___mbulinfo                1002fca0     <common>
 0003:00003cac       ___ismbcodepage            1002fcac     <common>
 0003:00003cc0       __mbcasemap                1002fcc0     <common>
 0003:00003dc0       __mbctype                  1002fdc0     <common>
 0003:00003ec4       ___mblcid                  1002fec4     <common>
 0003:00003ec8       ___sbh_sizeHeaderList      1002fec8     <common>
 0003:00003ed8       ___sbh_indGroupDefer       1002fed8     <common>
 0003:00003edc       ___sbh_pHeaderScan         1002fedc     <common>
 0003:00003ee0       ___sbh_pHeaderDefer        1002fee0     <common>
 0003:00003ee4       ___sbh_cntHeaderList       1002fee4     <common>
 0003:00003ee8       ___sbh_pHeaderList         1002fee8     <common>
 0003:00003eec       __crtheap                  1002feec     <common>
 0003:00003ef8       __pfnDumpClient            1002fef8     <common>
 0003:00003f20       ___pioinfo                 1002ff20     <common>
 0003:0000405c       __nhandle                  1003005c     <common>
 0003:00004060       ___env_initialized         10030060     <common>
 0003:00004070       ___mbctype_initialized     10030070     <common>
 0003:00004074       ___onexitend               10030074     <common>
 0003:00004078       ___onexitbegin             10030078     <common>
 0003:0000407c       __FPinit                   1003007c     <common>
 0003:00004080       __pfnReportHook            10030080     <common>
 0003:0000408c       __acmdln                   1003008c     <common>
 0003:0000409c       __pRawDllMain              1003009c     <common>
 0004:00000000       __IMPORT_DESCRIPTOR_KERNEL32 10031000     kernel32:KERNEL32.dll
 0004:00000014       __IMPORT_DESCRIPTOR_USER32 10031014     user32:USER32.dll
 0004:00000028       __NULL_IMPORT_DESCRIPTOR   10031028     kernel32:KERNEL32.dll
 0004:000001fc       __imp__GetEnvironmentStrings@0 100311fc     kernel32:KERNEL32.dll
 0004:00000200       __imp__WriteFile@20        10031200     kernel32:KERNEL32.dll
 0004:00000204       __imp__CreateFileA@28      10031204     kernel32:KERNEL32.dll
 0004:00000208       __imp__HeapDestroy@4       10031208     kernel32:KERNEL32.dll
 0004:0000020c       __imp__GetEnvironmentStringsW@0 1003120c     kernel32:KERNEL32.dll
 0004:00000210       __imp__SetEnvironmentVariableA@8 10031210     kernel32:KERNEL32.dll
 0004:00000214       __imp__CompareStringW@24   10031214     kernel32:KERNEL32.dll
 0004:00000218       __imp__GetCommandLineA@0   10031218     kernel32:KERNEL32.dll
 0004:0000021c       __imp__GetVersion@0        1003121c     kernel32:KERNEL32.dll
 0004:00000220       __imp__DebugBreak@0        10031220     kernel32:KERNEL32.dll
 0004:00000224       __imp__GetStdHandle@4      10031224     kernel32:KERNEL32.dll
 0004:00000228       __imp__InterlockedDecrement@4 10031228     kernel32:KERNEL32.dll
 0004:0000022c       __imp__OutputDebugStringA@4 1003122c     kernel32:KERNEL32.dll
 0004:00000230       __imp__GetProcAddress@8    10031230     kernel32:KERNEL32.dll
 0004:00000234       __imp__LoadLibraryA@4      10031234     kernel32:KERNEL32.dll
 0004:00000238       __imp__InterlockedIncrement@4 10031238     kernel32:KERNEL32.dll
 0004:0000023c       __imp__GetModuleFileNameA@12 1003123c     kernel32:KERNEL32.dll
 0004:00000240       __imp__ExitProcess@4       10031240     kernel32:KERNEL32.dll
 0004:00000244       __imp__TerminateProcess@8  10031244     kernel32:KERNEL32.dll
 0004:00000248       __imp__GetCurrentProcess@0 10031248     kernel32:KERNEL32.dll
 0004:0000024c       __imp__GetCurrentThreadId@0 1003124c     kernel32:KERNEL32.dll
 0004:00000250       __imp__TlsSetValue@8       10031250     kernel32:KERNEL32.dll
 0004:00000254       __imp__TlsAlloc@0          10031254     kernel32:KERNEL32.dll
 0004:00000258       __imp__TlsFree@4           10031258     kernel32:KERNEL32.dll
 0004:0000025c       __imp__SetLastError@4      1003125c     kernel32:KERNEL32.dll
 0004:00000260       __imp__TlsGetValue@4       10031260     kernel32:KERNEL32.dll
 0004:00000264       __imp__GetLastError@0      10031264     kernel32:KERNEL32.dll
 0004:00000268       __imp__GetCurrentThread@0  10031268     kernel32:KERNEL32.dll
 0004:0000026c       __imp__SetHandleCount@4    1003126c     kernel32:KERNEL32.dll
 0004:00000270       __imp__GetFileType@4       10031270     kernel32:KERNEL32.dll
 0004:00000274       __imp__GetStartupInfoA@4   10031274     kernel32:KERNEL32.dll
 0004:00000278       __imp__DeleteCriticalSection@4 10031278     kernel32:KERNEL32.dll
 0004:0000027c       __imp__IsBadWritePtr@8     1003127c     kernel32:KERNEL32.dll
 0004:00000280       __imp__IsBadReadPtr@8      10031280     kernel32:KERNEL32.dll
 0004:00000284       __imp__HeapValidate@12     10031284     kernel32:KERNEL32.dll
 0004:00000288       __imp__FreeEnvironmentStringsA@4 10031288     kernel32:KERNEL32.dll
 0004:0000028c       __imp__FreeEnvironmentStringsW@4 1003128c     kernel32:KERNEL32.dll
 0004:00000290       __imp__WideCharToMultiByte@32 10031290     kernel32:KERNEL32.dll
 0004:00000294       __imp__CloseHandle@4       10031294     kernel32:KERNEL32.dll
 0004:00000298       __imp__GetLocaleInfoW@16   10031298     kernel32:KERNEL32.dll
 0004:0000029c       __imp__CompareStringA@24   1003129c     kernel32:KERNEL32.dll
 0004:000002a0       __imp__HeapCreate@12       100312a0     kernel32:KERNEL32.dll
 0004:000002a4       __imp__HeapFree@12         100312a4     kernel32:KERNEL32.dll
 0004:000002a8       __imp__VirtualFree@12      100312a8     kernel32:KERNEL32.dll
 0004:000002ac       __imp__SetConsoleCtrlHandler@8 100312ac     kernel32:KERNEL32.dll
 0004:000002b0       __imp__InitializeCriticalSection@4 100312b0     kernel32:KERNEL32.dll
 0004:000002b4       __imp__EnterCriticalSection@4 100312b4     kernel32:KERNEL32.dll
 0004:000002b8       __imp__LeaveCriticalSection@4 100312b8     kernel32:KERNEL32.dll
 0004:000002bc       __imp__FatalAppExitA@8     100312bc     kernel32:KERNEL32.dll
 0004:000002c0       __imp__UnhandledExceptionFilter@4 100312c0     kernel32:KERNEL32.dll
 0004:000002c4       __imp__HeapAlloc@12        100312c4     kernel32:KERNEL32.dll
 0004:000002c8       __imp__HeapReAlloc@16      100312c8     kernel32:KERNEL32.dll
 0004:000002cc       __imp__VirtualAlloc@16     100312cc     kernel32:KERNEL32.dll
 0004:000002d0       __imp__GetCPInfo@8         100312d0     kernel32:KERNEL32.dll
 0004:000002d4       __imp__GetACP@0            100312d4     kernel32:KERNEL32.dll
 0004:000002d8       __imp__GetOEMCP@0          100312d8     kernel32:KERNEL32.dll
 0004:000002dc       __imp__MultiByteToWideChar@24 100312dc     kernel32:KERNEL32.dll
 0004:000002e0       __imp__GetStringTypeA@20   100312e0     kernel32:KERNEL32.dll
 0004:000002e4       __imp__GetStringTypeW@16   100312e4     kernel32:KERNEL32.dll
 0004:000002e8       __imp__LCMapStringA@24     100312e8     kernel32:KERNEL32.dll
 0004:000002ec       __imp__LCMapStringW@24     100312ec     kernel32:KERNEL32.dll
 0004:000002f0       __imp__SetFilePointer@16   100312f0     kernel32:KERNEL32.dll
 0004:000002f4       __imp__RtlUnwind@16        100312f4     kernel32:KERNEL32.dll
 0004:000002f8       __imp__SetStdHandle@8      100312f8     kernel32:KERNEL32.dll
 0004:000002fc       __imp__Sleep@4             100312fc     kernel32:KERNEL32.dll
 0004:00000300       __imp__FlushFileBuffers@4  10031300     kernel32:KERNEL32.dll
 0004:00000304       __imp__IsValidLocale@8     10031304     kernel32:KERNEL32.dll
 0004:00000308       __imp__IsValidCodePage@4   10031308     kernel32:KERNEL32.dll
 0004:0000030c       __imp__GetLocaleInfoA@16   1003130c     kernel32:KERNEL32.dll
 0004:00000310       __imp__EnumSystemLocalesA@8 10031310     kernel32:KERNEL32.dll
 0004:00000314       __imp__GetUserDefaultLCID@0 10031314     kernel32:KERNEL32.dll
 0004:00000318       __imp__GetVersionExA@4     10031318     kernel32:KERNEL32.dll
 0004:0000031c       __imp__GetTimeZoneInformation@4 1003131c     kernel32:KERNEL32.dll
 0004:00000320       \177KERNEL32_NULL_THUNK_DATA 10031320     kernel32:KERNEL32.dll
 0004:00000384       __imp__UnhookWindowsHookEx@4 10031384     user32:USER32.dll
 0004:00000388       __imp__SetWindowsHookExA@16 10031388     user32:USER32.dll
 0004:0000038c       __imp__CallNextHookEx@16   1003138c     user32:USER32.dll
 0004:00000390       \177USER32_NULL_THUNK_DATA 10031390     user32:USER32.dll

 entry point at        0001:00000420

